******************************************************************************
          TMS320C6x COFF Linker PC v6.0.1                      
******************************************************************************
>> Linked Mon Sep 17 13:32:31 2007

OUTPUT FILE NAME:   <./Debug/video_loopback.out>
ENTRY POINT SYMBOL: "_c_int00"  address: 10807900


MEMORY CONFIGURATION

         name            origin    length      used     unused   attr    fill
----------------------  --------  ---------  --------  --------  ----  --------
  L2RAM                 10800000   00020000  0000a57d  00015a83  RWIX
  DDR2                  80000000   10000000  00000000  10000000  RWIX


SECTION ALLOCATION MAP

 output                                  attributes/
section   page    origin      length       input sections
--------  ----  ----------  ----------   ----------------
.ddr2      0    80000000    00000000     UNINITIALIZED

.data      0    10800000    00000000     UNINITIALIZED

.text      0    10800000    00007bc0     
                  10800000    00000500     video_loopback_test.obj (.text)
                  10800500    00000480     evmdm6437bsl.lib : evmdm6437_pll.obj (.text)
                  10800980    00000420     rts64plus.lib : _printfi.obj (.text:__setfield)
                  10800da0    00000380     evmdm6437bsl.lib : evmdm6437.obj (.text)
                  10801120    00000380     rts64plus.lib : _printfi.obj (.text:__getarg_diouxp)
                  108014a0    00000360                   : _printfi.obj (.text:__printfi)
                  10801800    00000300                   : _printfi.obj (.text:_ecvt)
                  10801b00    00000300                   : fputs.obj (.text:_fputs)
                  10801e00    00000300     evmdm6437bsl.lib : evmdm6437_flash_id.obj (.text)
                  10802100    000002e0     rts64plus.lib : _printfi.obj (.text:__pproc_fwp)
                  108023e0    000002e0                   : _printfi.obj (.text:__fcpy)
                  108026c0    000002e0                   : _printfi.obj (.text:_fcvt)
                  108029a0    000002a0                   : _printfi.obj (.text:__pconv_e)
                  10802c40    00000280                   : memory.obj (.text:_free)
                  10802ec0    00000260                   : frcdivd.obj (.text:__frcdivd)
                  10803120    00000260     evmdm6437bsl.lib : evmdm6437_i2c.obj (.text)
                  10803380    00000240                      : evmdm6437_psc.obj (.text)
                  108035c0    00000240     rts64plus.lib : imath64.obj (.text:__divull)
                  10803800    00000220                   : _printfi.obj (.text:__pproc_str)
                  10803a20    00000200                   : _printfi.obj (.text:__pproc_diouxp)
                  10803c20    00000200                   : frcaddd.obj (.text:__frcaddd)
                  10803e20    000001e0     evmdm6437bsl.lib : evmdm6437_i2c_gpio.obj (.text)
                  10804000    000001e0     rts64plus.lib : _printfi.obj (.text:__mcpy)
                  108041e0    000001c0                   : divd.obj (.text:__divd)
                  108043a0    000001c0     evmdm6437bsl.lib : evmdm6437_gpio.obj (.text)
                  10804560    000001a0     rts64plus.lib : trgdrv.obj (.text:_HOSTrename)
                  10804700    000001a0                   : imath40.obj (.text:__divul)
                  108048a0    000001a0                   : mpyd.obj (.text:__mpyd)
                  10804a40    000001a0     evmdm6437bsl.lib : evmdm6437_ddr.obj (.text)
                  10804be0    000001a0     rts64plus.lib : setvbuf.obj (.text:_setvbuf)
                  10804d80    000001a0     tvp5146.obj (.text)
                  10804f20    00000180     rts64plus.lib : memory.obj (.text:_malloc)
                  108050a0    00000160                   : _printfi.obj (.text:__pproc_fge)
                  10805200    00000160                   : _printfi.obj (.text:__pconv_g)
                  10805360    00000160                   : addd.obj (.text:__addd)
                  108054c0    00000140                   : fputc.obj (.text:_fputc)
                  10805600    00000140     evmdm6437bsl.lib : evmdm6437_flash.obj (.text)
                  10805740    00000120     rts64plus.lib : _printfi.obj (.text:__pproc_fflags)
                  10805860    00000120                   : fclose.obj (.text:_fclose)
                  10805980    00000100                   : _printfi.obj (.text:__ltostr)
                  10805a80    00000100                   : exit.obj (.text:_exit)
                  10805b80    00000100                   : lowlev.obj (.text:_getdevice)
                  10805c80    00000100                   : frcmpyd.obj (.text:__frcmpyd)
                  10805d80    00000100                   : _io_perm.obj (.text:__wrt_ok)
                  10805e80    00000100                   : trgdrv.obj (.text:_HOSTopen)
                  10805f80    00000100                   : atoi.obj (.text:_atoi)
                  10806080    000000e0                   : trgdrv.obj (.text:_HOSTlseek)
                  10806160    000000e0                   : fseek.obj (.text:_fseek)
                  10806240    000000e0                   : lowlev.obj (.text:_close)
                  10806320    000000e0                   : memset.obj (.text:_memset)
                  10806400    000000e0     main.obj (.text)
                  108064e0    000000e0     rts64plus.lib : _printfi.obj (.text:__div)
                  108065c0    000000e0                   : autoinit.obj (.text:__auto_init)
                  108066a0    000000c0                   : trgdrv.obj (.text:_HOSTwrite)
                  10806760    000000c0                   : ltoa.obj (.text:_ltoa)
                  10806820    000000c0                   : _printfi.obj (.text:__pconv_f)
                  108068e0    000000c0                   : _printfi.obj (.text:__ecpy)
                  108069a0    000000c0                   : divu.obj (.text:__divu)
                  10806a60    000000c0                   : trgdrv.obj (.text:_HOSTunlink)
                  10806b20    000000c0                   : lowlev.obj (.text:_write)
                  10806be0    000000c0                   : trgdrv.obj (.text:_HOSTread)
                  10806ca0    000000c0                   : lowlev.obj (.text:_lseek)
                  10806d60    000000c0                   : fopen.obj (.text:__cleanup)
                  10806e20    000000a0                   : trgmsg.obj (.text:_writemsg)
                  10806ec0    000000a0                   : memory.obj (.text:_mremove)
                  10806f60    000000a0                   : renormd.obj (.text:_renormd)
                  10807000    000000a0                   : imath40.obj (.text:__divli)
                  108070a0    000000a0                   : trgdrv.obj (.text:_HOSTclose)
                  10807140    000000a0                   : fltlid.obj (.text:__fltlid)
                  108071e0    000000a0                   : lowlev.obj (.text:_finddevice)
                  10807280    000000a0                   : fflush.obj (.text:__doflush)
                  10807320    000000a0                   : memory.obj (.text:_minsert)
                  108073c0    000000a0                   : memcpy64.obj (.text:_memcpy)
                  10807460    000000a0                   : fixdli.obj (.text:__fixdli)
                  10807500    000000a0                   : trgmsg.obj (.text:_readmsg)
                  108075a0    00000080                   : llshift.obj (.text:__llshl)
                  10807620    00000080                   : lowlev.obj (.text:_unlink)
                  108076a0    00000080                   : printf.obj (.text:_printf)
                  10807720    00000080                   : cmpd.obj (.text:__cmpd)
                  108077a0    00000080                   : fixdi.obj (.text:__fixdi)
                  10807820    00000080     evmdm6437bsl.lib : evmdm6437_dip.obj (.text)
                  108078a0    00000060     rts64plus.lib : memccpy.obj (.text:_memccpy)
                  10807900    00000060                   : boot.obj (.text:_c_int00)
                  10807960    00000060                   : imath64.obj (.text:__subcull)
                  108079c0    00000040                   : imath40.obj (.text:__remli)
                  10807a00    00000040                   : llshift.obj (.text:__llshru)
                  10807a40    00000040                   : args_main.obj (.text:__args_main)
                  10807a80    00000040                   : subd.obj (.text:__subd)
                  10807ac0    00000040                   : negd.obj (.text:__negd)
                  10807b00    00000020                   : printf.obj (.text:__outc)
                  10807b20    00000020                   : printf.obj (.text:__outs)
                  10807b40    00000020                   : negll.obj (.text:__negll)
                  10807b60    00000020                   : exit.obj (.text:_abort)
                  10807b80    00000020                   : _lock.obj (.text:__nop)
                  10807ba0    00000020                   : remove.obj (.text:_remove)

.stack     0    10807bc0    00001000     UNINITIALIZED
                  10807bc0    00000008     rts64plus.lib : boot.obj (.stack)

.sysmem    0    10808bc0    00001000     UNINITIALIZED
                  10808bc0    00000008     rts64plus.lib : memory.obj (.sysmem)

.far       0    10809bc0    00000404     UNINITIALIZED
                  10809bc0    00000194     rts64plus.lib : defs.obj (.far)
                  10809d54    00000004                   : fopen.obj (.far)
                  10809d58    000000d0                   : trgdrv.obj (.far)
                  10809e28    000000cc                   : lowlev.obj (.far)
                  10809ef8    00000090                   : exit.obj (.far)
                  10809f88    00000020     evmdm6437bsl.lib : evmdm6437_gpio.obj (.far)
                  10809fa8    0000000c                      : evmdm6437_flash_id.obj (.far)
                  10809fb4    00000008     rts64plus.lib : memory.obj (.far)
                  10809fbc    00000008                   : _lock.obj (.far)

.const     0    10809fc8    00000242     
                  10809fc8    00000101     rts64plus.lib : ctype.obj (.const)
                  1080a0c9    00000002                   : fputs.obj (.const)
                  1080a0cb    00000001     --HOLE-- [fill = 0]
                  1080a0cc    000000ac     video_loopback_test.obj (.const)
                  1080a178    0000006f     main.obj (.const)
                  1080a1e7    00000023     rts64plus.lib : _printfi.obj (.const)

.cinit     0    1080a210    0000020c     
                  1080a210    0000005c     rts64plus.lib : defs.obj (.cinit)
                  1080a26c    00000004     --HOLE-- [fill = 0]
                  1080a270    0000005c                   : lowlev.obj (.cinit)
                  1080a2cc    00000004     --HOLE-- [fill = 0]
                  1080a2d0    00000058     evmdm6437bsl.lib : evmdm6437_gpio.obj (.cinit)
                  1080a328    0000003c                      : evmdm6437_flash_id.obj (.cinit)
                  1080a364    00000004     --HOLE-- [fill = 0]
                  1080a368    0000002c     rts64plus.lib : memory.obj (.cinit)
                  1080a394    00000004     --HOLE-- [fill = 0]
                  1080a398    0000002c                   : exit.obj (.cinit)
                  1080a3c4    00000004     --HOLE-- [fill = 0]
                  1080a3c8    0000001c                   : _lock.obj (.cinit)
                  1080a3e4    00000004     --HOLE-- [fill = 0]
                  1080a3e8    0000000c     evmdm6437bsl.lib : evmdm6437_psc.obj (.cinit)
                  1080a3f4    00000004     --HOLE-- [fill = 0]
                  1080a3f8    0000000c     rts64plus.lib : fopen.obj (.cinit)
                  1080a404    00000004     --HOLE-- [fill = 0]
                  1080a408    0000000c     evmdm6437bsl.lib : evmdm6437_i2c.obj (.cinit)
                  1080a414    00000008     --HOLE-- [fill = 0]

.cio       0    1080a420    00000120     UNINITIALIZED
                  1080a420    00000120     rts64plus.lib : trgmsg.obj (.cio)

.switch    0    1080a540    00000030     
                  1080a540    00000020     evmdm6437bsl.lib : evmdm6437.obj (.switch)
                  1080a560    00000010     rts64plus.lib : frcdivd.obj (.switch)

.bss       0    1080a570    0000001b     UNINITIALIZED
                  1080a570    00000010     evmdm6437bsl.lib : evmdm6437_flash_id.obj (.bss)
                  1080a580    00000004                      : evmdm6437_psc.obj (.bss)
                  1080a584    00000004                      : evmdm6437_i2c.obj (.bss)
                  1080a588    00000003     tvp5146.obj (.bss)


GLOBAL SYMBOLS: SORTED ALPHABETICALLY BY Name 

address    name
--------   ----
1080a570   $bss
1080a570   .bss
10800000   .data
10800000   .text
10807b60   C$$EXIT
10806ea8   C$$IO$$
10804a40   _EVMDM6437_DDR_init
1080782c   _EVMDM6437_DIP_get
10807820   _EVMDM6437_DIP_init
10801f18   _EVMDM6437_FLASH_getTotalPages
10805600   _EVMDM6437_FLASH_init
108044e4   _EVMDM6437_GPIO_getInput
108043a0   _EVMDM6437_GPIO_init
108043b4   _EVMDM6437_GPIO_setDir
10804454   _EVMDM6437_GPIO_setOutput
10803fc0   _EVMDM6437_I2C_GPIO_checkIntr
10803f34   _EVMDM6437_I2C_GPIO_getInput
10803e38   _EVMDM6437_I2C_GPIO_getall
10803e20   _EVMDM6437_I2C_GPIO_init
10803e84   _EVMDM6437_I2C_GPIO_setOutput
10803e60   _EVMDM6437_I2C_GPIO_setall
10803f88   _EVMDM6437_I2C_GPIO_setupIntr
10803fd0   _EVMDM6437_I2C_GPIO_waitForIntr
10803160   _EVMDM6437_I2C_close
10803120   _EVMDM6437_I2C_init
10803280   _EVMDM6437_I2C_read
10803174   _EVMDM6437_I2C_reset
10803188   _EVMDM6437_I2C_write
10803430   _EVMDM6437_PSC_changeState
10803380   _EVMDM6437_PSC_enableAll
10800500   _EVMDM6437_enablePll1
10800710   _EVMDM6437_enablePll2
10800e00   _EVMDM6437_init
10800da0   _EVMDM6437_startupGEL
108070a0   _HOSTclose
10806080   _HOSTlseek
10805e80   _HOSTopen
10806be0   _HOSTread
10804560   _HOSTrename
10806a60   _HOSTunlink
108066a0   _HOSTwrite
10806400   _TEST_execute
1080a420   __CIOBUF_
10801e00   __FLASH_getId
10801f04   __FLASH_getMfg
10802058   __FLASH_getPageLength
10802064   __FLASH_nextPage
1080564c   __FLASH_waitWhileErasing
108056b8   __FLASH_waitWhileProgramming
00001000   __STACK_SIZE
00001000   __SYSMEM_SIZE
ffffffff   ___binit__
1080a570   ___bss__
ffffffff   ___c_args__
1080a210   ___cinit__
10800000   ___data__
10800000   ___edata__
1080a58b   ___end__
10807bc0   ___etext__
ffffffff   ___pinit__
10800000   ___text__
10805360   __addd
10807a40   __args_main
108065c0   __auto_init
10806d60   __cleanup
10809f80   __cleanup_ptr
10800ea0   __clrPinMux
10807720   __cmpd
10809fc8   __ctypes_
108041e0   __divd
10807000   __divli
108069a0   __divu
10804700   __divul
108035c0   __divull
10807280   __doflush
10809f84   __dtors_ptr
108077a0   __fixdi
10807460   __fixdli
10807140   __fltlid
10803c20   __frcaddd
10802ec0   __frcdivd
10805c80   __frcmpyd
10809d50   __ft_end
10809bc0   __ftable
108075a0   __llshl
10807a00   __llshru
10809fbc   __lock
108048a0   __mpyd
10807ac0   __negd
10807b40   __negll
10807b80   __nop
108014a0   __printfi
108079c0   __remli
10800ee4   __resetEMIF
10800e58   __setPinMux
10800fe4   __setupEMIF
10800e20   __setupPinMux
10807bc0   __stack
10807960   __subcull
10807a80   __subd
10808bc0   __sys_memory
10809cb0   __tmpnams
10809fc0   __unlock
108010cc   __wait
10801100   __waitusec
10805d80   __wrt_ok
10807b60   _abort
10805f80   _atoi
10807900   _c_int00
1080a58a   _chipid_lsb
1080a589   _chipid_msb
10806240   _close
10805a80   _exit
10805860   _fclose
108054c0   _fputc
10801b00   _fputs
10802c40   _free
10806160   _fseek
1080a584   _i2c_timeout
10806ca0   _lseek
10806760   _ltoa
1080649c   _main
10804f20   _malloc
108078a0   _memccpy
108073c0   _memcpy
10806320   _memset
108076a0   _printf
108054c0   _putc
10807500   _readmsg
10807ba0   _remove
10806f60   _renormd
1080a588   _rom_version
10804be0   _setvbuf
10804e18   _tvp5146_init
10804dc8   _tvp5146_rget
10804d80   _tvp5146_rset
10807620   _unlink
108003cc   _video_loopback_test
10806b20   _write
10806e20   _writemsg
ffffffff   binit
1080a210   cinit
10800000   edata
1080a58b   end
10807bc0   etext
ffffffff   pinit


GLOBAL SYMBOLS: SORTED BY Symbol Address 

address    name
--------   ----
00001000   __SYSMEM_SIZE
00001000   __STACK_SIZE
10800000   ___data__
10800000   ___edata__
10800000   ___text__
10800000   .text
10800000   .data
10800000   edata
108003cc   _video_loopback_test
10800500   _EVMDM6437_enablePll1
10800710   _EVMDM6437_enablePll2
10800da0   _EVMDM6437_startupGEL
10800e00   _EVMDM6437_init
10800e20   __setupPinMux
10800e58   __setPinMux
10800ea0   __clrPinMux
10800ee4   __resetEMIF
10800fe4   __setupEMIF
108010cc   __wait
10801100   __waitusec
108014a0   __printfi
10801b00   _fputs
10801e00   __FLASH_getId
10801f04   __FLASH_getMfg
10801f18   _EVMDM6437_FLASH_getTotalPages
10802058   __FLASH_getPageLength
10802064   __FLASH_nextPage
10802c40   _free
10802ec0   __frcdivd
10803120   _EVMDM6437_I2C_init
10803160   _EVMDM6437_I2C_close
10803174   _EVMDM6437_I2C_reset
10803188   _EVMDM6437_I2C_write
10803280   _EVMDM6437_I2C_read
10803380   _EVMDM6437_PSC_enableAll
10803430   _EVMDM6437_PSC_changeState
108035c0   __divull
10803c20   __frcaddd
10803e20   _EVMDM6437_I2C_GPIO_init
10803e38   _EVMDM6437_I2C_GPIO_getall
10803e60   _EVMDM6437_I2C_GPIO_setall
10803e84   _EVMDM6437_I2C_GPIO_setOutput
10803f34   _EVMDM6437_I2C_GPIO_getInput
10803f88   _EVMDM6437_I2C_GPIO_setupIntr
10803fc0   _EVMDM6437_I2C_GPIO_checkIntr
10803fd0   _EVMDM6437_I2C_GPIO_waitForIntr
108041e0   __divd
108043a0   _EVMDM6437_GPIO_init
108043b4   _EVMDM6437_GPIO_setDir
10804454   _EVMDM6437_GPIO_setOutput
108044e4   _EVMDM6437_GPIO_getInput
10804560   _HOSTrename
10804700   __divul
108048a0   __mpyd
10804a40   _EVMDM6437_DDR_init
10804be0   _setvbuf
10804d80   _tvp5146_rset
10804dc8   _tvp5146_rget
10804e18   _tvp5146_init
10804f20   _malloc
10805360   __addd
108054c0   _fputc
108054c0   _putc
10805600   _EVMDM6437_FLASH_init
1080564c   __FLASH_waitWhileErasing
108056b8   __FLASH_waitWhileProgramming
10805860   _fclose
10805a80   _exit
10805c80   __frcmpyd
10805d80   __wrt_ok
10805e80   _HOSTopen
10805f80   _atoi
10806080   _HOSTlseek
10806160   _fseek
10806240   _close
10806320   _memset
10806400   _TEST_execute
1080649c   _main
108065c0   __auto_init
108066a0   _HOSTwrite
10806760   _ltoa
108069a0   __divu
10806a60   _HOSTunlink
10806b20   _write
10806be0   _HOSTread
10806ca0   _lseek
10806d60   __cleanup
10806e20   _writemsg
10806ea8   C$$IO$$
10806f60   _renormd
10807000   __divli
108070a0   _HOSTclose
10807140   __fltlid
10807280   __doflush
108073c0   _memcpy
10807460   __fixdli
10807500   _readmsg
108075a0   __llshl
10807620   _unlink
108076a0   _printf
10807720   __cmpd
108077a0   __fixdi
10807820   _EVMDM6437_DIP_init
1080782c   _EVMDM6437_DIP_get
108078a0   _memccpy
10807900   _c_int00
10807960   __subcull
108079c0   __remli
10807a00   __llshru
10807a40   __args_main
10807a80   __subd
10807ac0   __negd
10807b40   __negll
10807b60   C$$EXIT
10807b60   _abort
10807b80   __nop
10807ba0   _remove
10807bc0   ___etext__
10807bc0   etext
10807bc0   __stack
10808bc0   __sys_memory
10809bc0   __ftable
10809cb0   __tmpnams
10809d50   __ft_end
10809f80   __cleanup_ptr
10809f84   __dtors_ptr
10809fbc   __lock
10809fc0   __unlock
10809fc8   __ctypes_
1080a210   ___cinit__
1080a210   cinit
1080a420   __CIOBUF_
1080a570   .bss
1080a570   ___bss__
1080a570   $bss
1080a584   _i2c_timeout
1080a588   _rom_version
1080a589   _chipid_msb
1080a58a   _chipid_lsb
1080a58b   end
1080a58b   ___end__
ffffffff   pinit
ffffffff   ___pinit__
ffffffff   ___binit__
ffffffff   binit
ffffffff   ___c_args__

[146 symbols]
