******************************************************************************
          TMS320C6x COFF Linker PC v6.0.8                      
******************************************************************************
>> Linked Mon Oct 19 14:34:30 2009

OUTPUT FILE NAME:   <./Debug/nandflash.out>
ENTRY POINT SYMBOL: "_c_int00"  address: 10807d20


MEMORY CONFIGURATION

         name            origin    length      used     unused   attr    fill
----------------------  --------  ---------  --------  --------  ----  --------
  L2RAM                 10800000   00020000  0000a05e  00015fa2  RWIX
  DDR2                  80000000   10000000  00000000  10000000  RWIX


SECTION ALLOCATION MAP

 output                                  attributes/
section   page    origin      length       input sections
--------  ----  ----------  ----------   ----------------
.ddr2      0    80000000    00000000     UNINITIALIZED

.data      0    10800000    00000000     UNINITIALIZED

.text      0    10800000    00007fe0     
                  10800000    00000720     evmdm6437bsl.lib : evmdm6437_nandflash.obj (.text)
                  10800720    00000500     nandflash_test.obj (.text)
                  10800c20    00000460     evmdm6437bsl.lib : evmdm6437_pll.obj (.text)
                  10801080    00000420     rts64plus.lib : _printfi.obj (.text:__setfield)
                  108014a0    00000380     evmdm6437bsl.lib : evmdm6437.obj (.text)
                  10801820    00000360     rts64plus.lib : _printfi.obj (.text:__getarg_diouxp)
                  10801b80    00000360                   : _printfi.obj (.text:__printfi)
                  10801ee0    00000300     evmdm6437bsl.lib : evmdm6437_flash_id.obj (.text)
                  108021e0    00000300     rts64plus.lib : _printfi.obj (.text:_ecvt)
                  108024e0    00000300                   : _printfi.obj (.text:_fcvt)
                  108027e0    00000300                   : fputs.obj (.text:_fputs)
                  10802ae0    000002e0                   : _printfi.obj (.text:__fcpy)
                  10802dc0    000002e0                   : _printfi.obj (.text:__pproc_fwp)
                  108030a0    000002a0                   : _printfi.obj (.text:__pconv_e)
                  10803340    00000280                   : memory.obj (.text:_free)
                  108035c0    00000260     evmdm6437bsl.lib : evmdm6437_i2c.obj (.text)
                  10803820    00000240                      : evmdm6437_psc.obj (.text)
                  10803a60    00000240     rts64plus.lib : frcdivd.obj (.text:__frcdivd)
                  10803ca0    00000220                   : imath64.obj (.text:__divull)
                  10803ec0    00000220                   : _printfi.obj (.text:__pproc_diouxp)
                  108040e0    00000220                   : _printfi.obj (.text:__pproc_str)
                  10804300    00000200                   : frcaddd.obj (.text:__frcaddd)
                  10804500    000001e0     evmdm6437bsl.lib : evmdm6437_i2c_gpio.obj (.text)
                  108046e0    000001e0     rts64plus.lib : _printfi.obj (.text:__mcpy)
                  108048c0    000001c0     evmdm6437bsl.lib : evmdm6437_gpio.obj (.text)
                  10804a80    000001c0     rts64plus.lib : divd.obj (.text:__divd)
                  10804c40    000001a0                   : trgdrv.obj (.text:_HOSTrename)
                  10804de0    000001a0                   : imath40.obj (.text:__divul)
                  10804f80    000001a0                   : mpyd.obj (.text:__mpyd)
                  10805120    000001a0                   : setvbuf.obj (.text:_setvbuf)
                  108052c0    00000180                   : memory.obj (.text:_malloc)
                  10805440    00000160     evmdm6437bsl.lib : evmdm6437_ddr.obj (.text)
                  108055a0    00000160     rts64plus.lib : addd.obj (.text:__addd)
                  10805700    00000160                   : _printfi.obj (.text:__pconv_g)
                  10805860    00000160                   : _printfi.obj (.text:__pproc_fge)
                  108059c0    00000140     evmdm6437bsl.lib : evmdm6437_flash.obj (.text)
                  10805b00    00000140     rts64plus.lib : fputc.obj (.text:_fputc)
                  10805c40    00000120                   : _printfi.obj (.text:__pproc_fflags)
                  10805d60    00000120                   : fclose.obj (.text:_fclose)
                  10805e80    00000100                   : trgdrv.obj (.text:_HOSTopen)
                  10805f80    00000100                   : frcmpyd.obj (.text:__frcmpyd)
                  10806080    00000100                   : _printfi.obj (.text:__ltostr)
                  10806180    00000100                   : atoi.obj (.text:_atoi)
                  10806280    00000100                   : exit.obj (.text:_exit)
                  10806380    00000100                   : lowlev.obj (.text:_getdevice)
                  10806480    000000e0     main.obj (.text)
                  10806560    000000e0     rts64plus.lib : trgdrv.obj (.text:_HOSTlseek)
                  10806640    000000e0                   : autoinit.obj (.text:__auto_init)
                  10806720    000000e0                   : _printfi.obj (.text:__div)
                  10806800    000000e0                   : _io_perm.obj (.text:__wrt_ok)
                  108068e0    000000e0                   : lowlev.obj (.text:_close)
                  108069c0    000000e0                   : fseek.obj (.text:_fseek)
                  10806aa0    000000e0                   : memset.obj (.text:_memset)
                  10806b80    000000c0                   : trgdrv.obj (.text:_HOSTread)
                  10806c40    000000c0                   : trgdrv.obj (.text:_HOSTunlink)
                  10806d00    000000c0                   : trgdrv.obj (.text:_HOSTwrite)
                  10806dc0    000000c0                   : fopen.obj (.text:__cleanup)
                  10806e80    000000c0                   : divu.obj (.text:__divu)
                  10806f40    000000c0                   : _printfi.obj (.text:__pconv_f)
                  10807000    000000c0                   : lowlev.obj (.text:_lseek)
                  108070c0    000000c0                   : ltoa.obj (.text:_ltoa)
                  10807180    000000c0                   : lowlev.obj (.text:_write)
                  10807240    000000a0                   : trgdrv.obj (.text:_HOSTclose)
                  108072e0    000000a0                   : imath40.obj (.text:__divli)
                  10807380    000000a0                   : fflush.obj (.text:__doflush)
                  10807420    000000a0                   : _printfi.obj (.text:__ecpy)
                  108074c0    000000a0                   : fixdli.obj (.text:__fixdli)
                  10807560    000000a0                   : fltlid.obj (.text:__fltlid)
                  10807600    000000a0                   : lowlev.obj (.text:_finddevice)
                  108076a0    000000a0                   : memcpy64.obj (.text:_memcpy)
                  10807740    000000a0                   : memory.obj (.text:_minsert)
                  108077e0    000000a0                   : memory.obj (.text:_mremove)
                  10807880    000000a0                   : renormd.obj (.text:_renormd)
                  10807920    000000a0                   : trgmsg.obj (.text:_writemsg)
                  108079c0    00000080                   : cmpd.obj (.text:__cmpd)
                  10807a40    00000080                   : fixdi.obj (.text:__fixdi)
                  10807ac0    00000080                   : llshift.obj (.text:__llshl)
                  10807b40    00000080                   : printf.obj (.text:_printf)
                  10807bc0    00000080                   : trgmsg.obj (.text:_readmsg)
                  10807c40    00000080                   : lowlev.obj (.text:_unlink)
                  10807cc0    00000060                   : imath64.obj (.text:__subcull)
                  10807d20    00000060                   : boot.obj (.text:_c_int00)
                  10807d80    00000060                   : memccpy.obj (.text:_memccpy)
                  10807de0    00000040                   : args_main.obj (.text:__args_main)
                  10807e20    00000040                   : llshift.obj (.text:__llshru)
                  10807e60    00000040                   : negd.obj (.text:__negd)
                  10807ea0    00000040                   : imath40.obj (.text:__remli)
                  10807ee0    00000040                   : subd.obj (.text:__subd)
                  10807f20    00000020                   : negll.obj (.text:__negll)
                  10807f40    00000020                   : _lock.obj (.text:__nop)
                  10807f60    00000020                   : printf.obj (.text:__outc)
                  10807f80    00000020                   : printf.obj (.text:__outs)
                  10807fa0    00000020                   : exit.obj (.text:_abort)
                  10807fc0    00000020                   : remove.obj (.text:_remove)

.far       0    10807fe0    00000964     UNINITIALIZED
                  10807fe0    00000420     nandflash_test.obj (.far)
                  10808400    00000194     rts64plus.lib : defs.obj (.far)
                  10808594    00000004                   : fopen.obj (.far)
                  10808598    00000140     evmdm6437bsl.lib : evmdm6437_nandflash.obj (.far)
                  108086d8    000000d0     rts64plus.lib : trgdrv.obj (.far)
                  108087a8    000000cc                   : lowlev.obj (.far)
                  10808878    00000090                   : exit.obj (.far)
                  10808908    00000020     evmdm6437bsl.lib : evmdm6437_gpio.obj (.far)
                  10808928    0000000c                      : evmdm6437_flash_id.obj (.far)
                  10808934    00000008     rts64plus.lib : _lock.obj (.far)
                  1080893c    00000008                   : memory.obj (.far)

.stack     0    10808948    00000800     UNINITIALIZED
                  10808948    00000008     rts64plus.lib : boot.obj (.stack)

.sysmem    0    10809148    00000800     UNINITIALIZED
                  10809148    00000008     rts64plus.lib : memory.obj (.sysmem)

.const     0    10809948    0000036a     
                  10809948    000001d8     nandflash_test.obj (.const)
                  10809b20    00000101     rts64plus.lib : ctype.obj (.const)
                  10809c21    00000002                   : fputs.obj (.const)
                  10809c23    00000001     --HOLE-- [fill = 0]
                  10809c24    0000006b     main.obj (.const)
                  10809c8f    00000023     rts64plus.lib : _printfi.obj (.const)

.cinit     0    10809cb8    0000023c     
                  10809cb8    0000005c     rts64plus.lib : defs.obj (.cinit)
                  10809d14    00000004     --HOLE-- [fill = 0]
                  10809d18    0000005c                   : lowlev.obj (.cinit)
                  10809d74    00000004     --HOLE-- [fill = 0]
                  10809d78    00000058     evmdm6437bsl.lib : evmdm6437_gpio.obj (.cinit)
                  10809dd0    0000003c                      : evmdm6437_flash_id.obj (.cinit)
                  10809e0c    00000004     --HOLE-- [fill = 0]
                  10809e10    0000002c                      : evmdm6437_nandflash.obj (.cinit)
                  10809e3c    00000004     --HOLE-- [fill = 0]
                  10809e40    0000002c     rts64plus.lib : memory.obj (.cinit)
                  10809e6c    00000004     --HOLE-- [fill = 0]
                  10809e70    0000002c                   : exit.obj (.cinit)
                  10809e9c    00000004     --HOLE-- [fill = 0]
                  10809ea0    0000001c                   : _lock.obj (.cinit)
                  10809ebc    00000004     --HOLE-- [fill = 0]
                  10809ec0    0000000c     evmdm6437bsl.lib : evmdm6437_psc.obj (.cinit)
                  10809ecc    00000004     --HOLE-- [fill = 0]
                  10809ed0    0000000c                      : evmdm6437_i2c.obj (.cinit)
                  10809edc    00000004     --HOLE-- [fill = 0]
                  10809ee0    0000000c     rts64plus.lib : fopen.obj (.cinit)
                  10809eec    00000008     --HOLE-- [fill = 0]

.cio       0    10809ef8    00000120     UNINITIALIZED
                  10809ef8    00000120     rts64plus.lib : trgmsg.obj (.cio)

.switch    0    1080a018    00000030     
                  1080a018    00000020     evmdm6437bsl.lib : evmdm6437.obj (.switch)
                  1080a038    00000010     rts64plus.lib : frcdivd.obj (.switch)

.bss       0    1080a048    00000024     UNINITIALIZED
                  1080a048    00000010     evmdm6437bsl.lib : evmdm6437_flash_id.obj (.bss)
                  1080a058    0000000c                      : evmdm6437_nandflash.obj (.bss)
                  1080a064    00000004                      : evmdm6437_i2c.obj (.bss)
                  1080a068    00000004                      : evmdm6437_psc.obj (.bss)


GLOBAL SYMBOLS: SORTED ALPHABETICALLY BY Name 

address    name
--------   ----
1080a048   $bss
1080a048   .bss
10800000   .data
10800000   .text
10807fa0   C$$EXIT
108079a4   C$$IO$$
10805440   _EVMDM6437_DDR_init
10801ff8   _EVMDM6437_FLASH_getTotalPages
108059c0   _EVMDM6437_FLASH_init
10804a04   _EVMDM6437_GPIO_getInput
108048c0   _EVMDM6437_GPIO_init
108048d4   _EVMDM6437_GPIO_setDir
10804974   _EVMDM6437_GPIO_setOutput
108046a0   _EVMDM6437_I2C_GPIO_checkIntr
10804614   _EVMDM6437_I2C_GPIO_getInput
10804518   _EVMDM6437_I2C_GPIO_getall
10804500   _EVMDM6437_I2C_GPIO_init
10804564   _EVMDM6437_I2C_GPIO_setOutput
10804540   _EVMDM6437_I2C_GPIO_setall
10804668   _EVMDM6437_I2C_GPIO_setupIntr
108046b0   _EVMDM6437_I2C_GPIO_waitForIntr
10803600   _EVMDM6437_I2C_close
108035c0   _EVMDM6437_I2C_init
10803720   _EVMDM6437_I2C_read
10803614   _EVMDM6437_I2C_reset
10803628   _EVMDM6437_I2C_write
10800284   _EVMDM6437_NANDFLASH_erase
10800198   _EVMDM6437_NANDFLASH_getTotalPages
1080014c   _EVMDM6437_NANDFLASH_init
10800374   _EVMDM6437_NANDFLASH_readPage
1080054c   _EVMDM6437_NANDFLASH_writePage
108038d0   _EVMDM6437_PSC_changeState
10803820   _EVMDM6437_PSC_enableAll
10800c20   _EVMDM6437_enablePll1
10800e24   _EVMDM6437_enablePll2
108014d4   _EVMDM6437_init
108014a0   _EVMDM6437_startupGEL
10807240   _HOSTclose
10806560   _HOSTlseek
10805e80   _HOSTopen
10806b80   _HOSTread
10804c40   _HOSTrename
10806c40   _HOSTunlink
10806d00   _HOSTwrite
10806480   _TEST_execute
10809ef8   __CIOBUF_
10801ee0   __FLASH_getId
10801fe4   __FLASH_getMfg
10802138   __FLASH_getPageLength
10802144   __FLASH_nextPage
10805a0c   __FLASH_waitWhileErasing
10805a78   __FLASH_waitWhileProgramming
1080010c   __NAND_busywait
108000a0   __NAND_getBadBlocks
10800030   __NAND_getBadPages
00000800   __STACK_SIZE
00000800   __SYSMEM_SIZE
ffffffff   ___binit__
1080a048   ___bss__
ffffffff   ___c_args__
10809cb8   ___cinit__
10800000   ___data__
10800000   ___edata__
1080a06c   ___end__
10807fe0   ___etext__
ffffffff   ___pinit__
10800000   ___text__
108055a0   __addd
10807de0   __args_main
10806640   __auto_init
10806dc0   __cleanup
10808900   __cleanup_ptr
1080158c   __clrPinMux
108079c0   __cmpd
10809b20   __ctypes_
10804a80   __divd
108072e0   __divli
10806e80   __divu
10804de0   __divul
10803ca0   __divull
10807380   __doflush
10808904   __dtors_ptr
10807a40   __fixdi
108074c0   __fixdli
10807560   __fltlid
10804300   __frcaddd
10803a60   __frcdivd
10805f80   __frcmpyd
10808590   __ft_end
10808400   __ftable
10807ac0   __llshl
10807e20   __llshru
10808934   __lock
10804f80   __mpyd
10807e60   __negd
10807f20   __negll
10807f40   __nop
10801b80   __printfi
10807ea0   __remli
108015d0   __resetEMIF
10801548   __setPinMux
108016d0   __setupEMIF
1080150c   __setupPinMux
10808948   __stack
10807cc0   __subcull
10807ee0   __subd
10809148   __sys_memory
108084f0   __tmpnams
10808938   __unlock
108017b4   __wait
108017e8   __waitusec
10806800   __wrt_ok
10807fa0   _abort
10806180   _atoi
10807d20   _c_int00
108068e0   _close
10806280   _exit
10805d60   _fclose
10805b00   _fputc
108027e0   _fputs
10803340   _free
108069c0   _fseek
1080a064   _i2c_timeout
10807000   _lseek
108070c0   _ltoa
10806510   _main
108052c0   _malloc
10807d80   _memccpy
108076a0   _memcpy
10806aa0   _memset
10800720   _nandflash_test
10807b40   _printf
10805b00   _putc
10807bc0   _readmsg
10807fc0   _remove
10807880   _renormd
10805120   _setvbuf
10807c40   _unlink
10807180   _write
10807920   _writemsg
ffffffff   binit
10809cb8   cinit
10800000   edata
1080a06c   end
10807fe0   etext
ffffffff   pinit


GLOBAL SYMBOLS: SORTED BY Symbol Address 

address    name
--------   ----
00000800   __STACK_SIZE
00000800   __SYSMEM_SIZE
10800000   .data
10800000   .text
10800000   ___data__
10800000   ___edata__
10800000   ___text__
10800000   edata
10800030   __NAND_getBadPages
108000a0   __NAND_getBadBlocks
1080010c   __NAND_busywait
1080014c   _EVMDM6437_NANDFLASH_init
10800198   _EVMDM6437_NANDFLASH_getTotalPages
10800284   _EVMDM6437_NANDFLASH_erase
10800374   _EVMDM6437_NANDFLASH_readPage
1080054c   _EVMDM6437_NANDFLASH_writePage
10800720   _nandflash_test
10800c20   _EVMDM6437_enablePll1
10800e24   _EVMDM6437_enablePll2
108014a0   _EVMDM6437_startupGEL
108014d4   _EVMDM6437_init
1080150c   __setupPinMux
10801548   __setPinMux
1080158c   __clrPinMux
108015d0   __resetEMIF
108016d0   __setupEMIF
108017b4   __wait
108017e8   __waitusec
10801b80   __printfi
10801ee0   __FLASH_getId
10801fe4   __FLASH_getMfg
10801ff8   _EVMDM6437_FLASH_getTotalPages
10802138   __FLASH_getPageLength
10802144   __FLASH_nextPage
108027e0   _fputs
10803340   _free
108035c0   _EVMDM6437_I2C_init
10803600   _EVMDM6437_I2C_close
10803614   _EVMDM6437_I2C_reset
10803628   _EVMDM6437_I2C_write
10803720   _EVMDM6437_I2C_read
10803820   _EVMDM6437_PSC_enableAll
108038d0   _EVMDM6437_PSC_changeState
10803a60   __frcdivd
10803ca0   __divull
10804300   __frcaddd
10804500   _EVMDM6437_I2C_GPIO_init
10804518   _EVMDM6437_I2C_GPIO_getall
10804540   _EVMDM6437_I2C_GPIO_setall
10804564   _EVMDM6437_I2C_GPIO_setOutput
10804614   _EVMDM6437_I2C_GPIO_getInput
10804668   _EVMDM6437_I2C_GPIO_setupIntr
108046a0   _EVMDM6437_I2C_GPIO_checkIntr
108046b0   _EVMDM6437_I2C_GPIO_waitForIntr
108048c0   _EVMDM6437_GPIO_init
108048d4   _EVMDM6437_GPIO_setDir
10804974   _EVMDM6437_GPIO_setOutput
10804a04   _EVMDM6437_GPIO_getInput
10804a80   __divd
10804c40   _HOSTrename
10804de0   __divul
10804f80   __mpyd
10805120   _setvbuf
108052c0   _malloc
10805440   _EVMDM6437_DDR_init
108055a0   __addd
108059c0   _EVMDM6437_FLASH_init
10805a0c   __FLASH_waitWhileErasing
10805a78   __FLASH_waitWhileProgramming
10805b00   _fputc
10805b00   _putc
10805d60   _fclose
10805e80   _HOSTopen
10805f80   __frcmpyd
10806180   _atoi
10806280   _exit
10806480   _TEST_execute
10806510   _main
10806560   _HOSTlseek
10806640   __auto_init
10806800   __wrt_ok
108068e0   _close
108069c0   _fseek
10806aa0   _memset
10806b80   _HOSTread
10806c40   _HOSTunlink
10806d00   _HOSTwrite
10806dc0   __cleanup
10806e80   __divu
10807000   _lseek
108070c0   _ltoa
10807180   _write
10807240   _HOSTclose
108072e0   __divli
10807380   __doflush
108074c0   __fixdli
10807560   __fltlid
108076a0   _memcpy
10807880   _renormd
10807920   _writemsg
108079a4   C$$IO$$
108079c0   __cmpd
10807a40   __fixdi
10807ac0   __llshl
10807b40   _printf
10807bc0   _readmsg
10807c40   _unlink
10807cc0   __subcull
10807d20   _c_int00
10807d80   _memccpy
10807de0   __args_main
10807e20   __llshru
10807e60   __negd
10807ea0   __remli
10807ee0   __subd
10807f20   __negll
10807f40   __nop
10807fa0   C$$EXIT
10807fa0   _abort
10807fc0   _remove
10807fe0   ___etext__
10807fe0   etext
10808400   __ftable
108084f0   __tmpnams
10808590   __ft_end
10808900   __cleanup_ptr
10808904   __dtors_ptr
10808934   __lock
10808938   __unlock
10808948   __stack
10809148   __sys_memory
10809b20   __ctypes_
10809cb8   ___cinit__
10809cb8   cinit
10809ef8   __CIOBUF_
1080a048   $bss
1080a048   .bss
1080a048   ___bss__
1080a064   _i2c_timeout
1080a06c   ___end__
1080a06c   end
ffffffff   ___binit__
ffffffff   ___c_args__
ffffffff   ___pinit__
ffffffff   binit
ffffffff   pinit

[146 symbols]
