******************************************************************************
          TMS320C6x COFF Linker PC v6.0.8                      
******************************************************************************
>> Linked Thu Jan 05 13:30:17 2012

OUTPUT FILE NAME:   <./Debug/norflash.out>
ENTRY POINT SYMBOL: "_c_int00"  address: 10807880


MEMORY CONFIGURATION

         name            origin    length      used     unused   attr    fill
----------------------  --------  ---------  --------  --------  ----  --------
  L2RAM                 10800000   00020000  0000ade1  0001521f  RWIX
  DDR2                  80000000   10000000  00000000  10000000  RWIX


SECTION ALLOCATION MAP

 output                                  attributes/
section   page    origin      length       input sections
--------  ----  ----------  ----------   ----------------
.ddr2      0    80000000    00000000     UNINITIALIZED

.data      0    10800000    00000000     UNINITIALIZED

.text      0    10800000    00007b40     
                  10800000    00000480     evmdm6437bsl.lib : evmdm6437_pll.obj (.text)
                  10800480    00000480     flash_test.obj (.text)
                  10800900    00000420     rts64plus.lib : _printfi.obj (.text:__setfield)
                  10800d20    00000380     evmdm6437bsl.lib : evmdm6437.obj (.text)
                  108010a0    00000360     rts64plus.lib : _printfi.obj (.text:__getarg_diouxp)
                  10801400    00000360                   : _printfi.obj (.text:__printfi)
                  10801760    00000300     evmdm6437bsl.lib : evmdm6437_flash_id.obj (.text)
                  10801a60    00000300     rts64plus.lib : _printfi.obj (.text:_ecvt)
                  10801d60    00000300                   : _printfi.obj (.text:_fcvt)
                  10802060    00000300                   : fputs.obj (.text:_fputs)
                  10802360    000002e0                   : _printfi.obj (.text:__fcpy)
                  10802640    000002e0                   : _printfi.obj (.text:__pproc_fwp)
                  10802920    000002a0                   : _printfi.obj (.text:__pconv_e)
                  10802bc0    00000280                   : memory.obj (.text:_free)
                  10802e40    00000260     evmdm6437bsl.lib : evmdm6437_i2c.obj (.text)
                  108030a0    00000240                      : evmdm6437_psc.obj (.text)
                  108032e0    00000240     rts64plus.lib : frcdivd.obj (.text:__frcdivd)
                  10803520    00000220                   : imath64.obj (.text:__divull)
                  10803740    00000220                   : _printfi.obj (.text:__pproc_diouxp)
                  10803960    00000220                   : _printfi.obj (.text:__pproc_str)
                  10803b80    00000200                   : frcaddd.obj (.text:__frcaddd)
                  10803d80    000001e0     evmdm6437bsl.lib : evmdm6437_i2c_gpio.obj (.text)
                  10803f60    000001e0     rts64plus.lib : _printfi.obj (.text:__mcpy)
                  10804140    000001c0     evmdm6437bsl.lib : evmdm6437_gpio.obj (.text)
                  10804300    000001c0     rts64plus.lib : divd.obj (.text:__divd)
                  108044c0    000001a0     evmdm6437bsl.lib : evmdm6437_ddr.obj (.text)
                  10804660    000001a0     rts64plus.lib : trgdrv.obj (.text:_HOSTrename)
                  10804800    000001a0                   : imath40.obj (.text:__divul)
                  108049a0    000001a0                   : mpyd.obj (.text:__mpyd)
                  10804b40    000001a0                   : setvbuf.obj (.text:_setvbuf)
                  10804ce0    00000180                   : memory.obj (.text:_malloc)
                  10804e60    00000160                   : addd.obj (.text:__addd)
                  10804fc0    00000160                   : _printfi.obj (.text:__pconv_g)
                  10805120    00000160                   : _printfi.obj (.text:__pproc_fge)
                  10805280    00000140     evmdm6437bsl.lib : evmdm6437_flash.obj (.text)
                  108053c0    00000140     rts64plus.lib : fputc.obj (.text:_fputc)
                  10805500    00000120     evmdm6437bsl.lib : evmdm6437_flash_erase.obj (.text)
                  10805620    00000120     rts64plus.lib : _printfi.obj (.text:__pproc_fflags)
                  10805740    00000120                   : fclose.obj (.text:_fclose)
                  10805860    00000100                   : trgdrv.obj (.text:_HOSTopen)
                  10805960    00000100                   : frcmpyd.obj (.text:__frcmpyd)
                  10805a60    00000100                   : _printfi.obj (.text:__ltostr)
                  10805b60    00000100                   : atoi.obj (.text:_atoi)
                  10805c60    00000100                   : exit.obj (.text:_exit)
                  10805d60    00000100                   : lowlev.obj (.text:_getdevice)
                  10805e60    000000e0     evmdm6437bsl.lib : evmdm6437_flash_write.obj (.text)
                  10805f40    000000e0     main.obj (.text)
                  10806020    000000e0     rts64plus.lib : trgdrv.obj (.text:_HOSTlseek)
                  10806100    000000e0                   : autoinit.obj (.text:__auto_init)
                  108061e0    000000e0                   : _printfi.obj (.text:__div)
                  108062c0    000000e0                   : _io_perm.obj (.text:__wrt_ok)
                  108063a0    000000e0                   : lowlev.obj (.text:_close)
                  10806480    000000e0                   : fseek.obj (.text:_fseek)
                  10806560    000000e0                   : memset.obj (.text:_memset)
                  10806640    000000c0                   : trgdrv.obj (.text:_HOSTread)
                  10806700    000000c0                   : trgdrv.obj (.text:_HOSTunlink)
                  108067c0    000000c0                   : trgdrv.obj (.text:_HOSTwrite)
                  10806880    000000c0                   : fopen.obj (.text:__cleanup)
                  10806940    000000c0                   : divu.obj (.text:__divu)
                  10806a00    000000c0                   : _printfi.obj (.text:__pconv_f)
                  10806ac0    000000c0                   : lowlev.obj (.text:_lseek)
                  10806b80    000000c0                   : ltoa.obj (.text:_ltoa)
                  10806c40    000000c0                   : lowlev.obj (.text:_write)
                  10806d00    000000a0     evmdm6437bsl.lib : evmdm6437_flash_read.obj (.text)
                  10806da0    000000a0     rts64plus.lib : trgdrv.obj (.text:_HOSTclose)
                  10806e40    000000a0                   : imath40.obj (.text:__divli)
                  10806ee0    000000a0                   : fflush.obj (.text:__doflush)
                  10806f80    000000a0                   : _printfi.obj (.text:__ecpy)
                  10807020    000000a0                   : fixdli.obj (.text:__fixdli)
                  108070c0    000000a0                   : fltlid.obj (.text:__fltlid)
                  10807160    000000a0                   : lowlev.obj (.text:_finddevice)
                  10807200    000000a0                   : memcpy64.obj (.text:_memcpy)
                  108072a0    000000a0                   : memory.obj (.text:_minsert)
                  10807340    000000a0                   : memory.obj (.text:_mremove)
                  108073e0    000000a0                   : renormd.obj (.text:_renormd)
                  10807480    000000a0                   : trgmsg.obj (.text:_writemsg)
                  10807520    00000080                   : cmpd.obj (.text:__cmpd)
                  108075a0    00000080                   : fixdi.obj (.text:__fixdi)
                  10807620    00000080                   : llshift.obj (.text:__llshl)
                  108076a0    00000080                   : printf.obj (.text:_printf)
                  10807720    00000080                   : trgmsg.obj (.text:_readmsg)
                  108077a0    00000080                   : lowlev.obj (.text:_unlink)
                  10807820    00000060                   : imath64.obj (.text:__subcull)
                  10807880    00000060                   : boot.obj (.text:_c_int00)
                  108078e0    00000060                   : memccpy.obj (.text:_memccpy)
                  10807940    00000040                   : args_main.obj (.text:__args_main)
                  10807980    00000040                   : llshift.obj (.text:__llshru)
                  108079c0    00000040                   : negd.obj (.text:__negd)
                  10807a00    00000040                   : imath40.obj (.text:__remli)
                  10807a40    00000040                   : subd.obj (.text:__subd)
                  10807a80    00000020                   : negll.obj (.text:__negll)
                  10807aa0    00000020                   : _lock.obj (.text:__nop)
                  10807ac0    00000020                   : printf.obj (.text:__outc)
                  10807ae0    00000020                   : printf.obj (.text:__outs)
                  10807b00    00000020                   : exit.obj (.text:_abort)
                  10807b20    00000020                   : remove.obj (.text:_remove)

.stack     0    10807b40    00001000     UNINITIALIZED
                  10807b40    00000008     rts64plus.lib : boot.obj (.stack)

.sysmem    0    10808b40    00001000     UNINITIALIZED
                  10808b40    00000008     rts64plus.lib : memory.obj (.sysmem)

.far       0    10809b40    00000c04     UNINITIALIZED
                  10809b40    00000800     flash_test.obj (.far)
                  1080a340    00000194     rts64plus.lib : defs.obj (.far)
                  1080a4d4    00000004                   : fopen.obj (.far)
                  1080a4d8    000000d0                   : trgdrv.obj (.far)
                  1080a5a8    000000cc                   : lowlev.obj (.far)
                  1080a678    00000090                   : exit.obj (.far)
                  1080a708    00000020     evmdm6437bsl.lib : evmdm6437_gpio.obj (.far)
                  1080a728    0000000c                      : evmdm6437_flash_id.obj (.far)
                  1080a734    00000008     rts64plus.lib : memory.obj (.far)
                  1080a73c    00000008                   : _lock.obj (.far)

.const     0    1080a748    000002ed     
                  1080a748    0000015e     flash_test.obj (.const)
                  1080a8a6    00000002     rts64plus.lib : fputs.obj (.const)
                  1080a8a8    00000101                   : ctype.obj (.const)
                  1080a9a9    00000003     --HOLE-- [fill = 0]
                  1080a9ac    00000066     main.obj (.const)
                  1080aa12    00000023     rts64plus.lib : _printfi.obj (.const)

.cinit     0    1080aa38    0000023c     
                  1080aa38    0000005c     rts64plus.lib : lowlev.obj (.cinit)
                  1080aa94    00000004     --HOLE-- [fill = 0]
                  1080aa98    0000005c                   : defs.obj (.cinit)
                  1080aaf4    00000004     --HOLE-- [fill = 0]
                  1080aaf8    00000058     evmdm6437bsl.lib : evmdm6437_gpio.obj (.cinit)
                  1080ab50    0000003c                      : evmdm6437_flash_id.obj (.cinit)
                  1080ab8c    00000004     --HOLE-- [fill = 0]
                  1080ab90    0000002c     rts64plus.lib : memory.obj (.cinit)
                  1080abbc    00000004     --HOLE-- [fill = 0]
                  1080abc0    0000002c                   : exit.obj (.cinit)
                  1080abec    00000004     --HOLE-- [fill = 0]
                  1080abf0    0000001c                   : _lock.obj (.cinit)
                  1080ac0c    00000004     --HOLE-- [fill = 0]
                  1080ac10    0000000c     evmdm6437bsl.lib : evmdm6437_i2c.obj (.cinit)
                  1080ac1c    00000004     --HOLE-- [fill = 0]
                  1080ac20    0000000c                      : evmdm6437_psc.obj (.cinit)
                  1080ac2c    00000004     --HOLE-- [fill = 0]
                  1080ac30    0000000c                      : evmdm6437_flash_write.obj (.cinit)
                  1080ac3c    00000004     --HOLE-- [fill = 0]
                  1080ac40    0000000c                      : evmdm6437_flash_erase.obj (.cinit)
                  1080ac4c    00000004     --HOLE-- [fill = 0]
                  1080ac50    0000000c     rts64plus.lib : fopen.obj (.cinit)
                  1080ac5c    00000004     --HOLE-- [fill = 0]
                  1080ac60    0000000c     flash_test.obj (.cinit)
                  1080ac6c    00000008     --HOLE-- [fill = 0]

.cio       0    1080ac78    00000120     UNINITIALIZED
                  1080ac78    00000120     rts64plus.lib : trgmsg.obj (.cio)

.switch    0    1080ad98    00000030     
                  1080ad98    00000020     evmdm6437bsl.lib : evmdm6437.obj (.switch)
                  1080adb8    00000010     rts64plus.lib : frcdivd.obj (.switch)

.bss       0    1080adc8    00000024     UNINITIALIZED
                  1080adc8    00000010     evmdm6437bsl.lib : evmdm6437_flash_id.obj (.bss)
                  1080add8    00000004                      : evmdm6437_flash_write.obj (.bss)
                  1080addc    00000004                      : evmdm6437_i2c.obj (.bss)
                  1080ade0    00000004                      : evmdm6437_flash_erase.obj (.bss)
                  1080ade4    00000004                      : evmdm6437_psc.obj (.bss)
                  1080ade8    00000004     flash_test.obj (.bss)


GLOBAL SYMBOLS: SORTED ALPHABETICALLY BY Name 

address    name
--------   ----
1080adc8   $bss
1080adc8   .bss
10800000   .data
10800000   .text
10807b00   C$$EXIT
10807504   C$$IO$$
108044c0   _EVMDM6437_DDR_init
10805500   _EVMDM6437_FLASH_erase
10801878   _EVMDM6437_FLASH_getTotalPages
10805280   _EVMDM6437_FLASH_init
10806d00   _EVMDM6437_FLASH_read
10805e60   _EVMDM6437_FLASH_write
10804284   _EVMDM6437_GPIO_getInput
10804140   _EVMDM6437_GPIO_init
10804154   _EVMDM6437_GPIO_setDir
108041f4   _EVMDM6437_GPIO_setOutput
10803f20   _EVMDM6437_I2C_GPIO_checkIntr
10803e94   _EVMDM6437_I2C_GPIO_getInput
10803d98   _EVMDM6437_I2C_GPIO_getall
10803d80   _EVMDM6437_I2C_GPIO_init
10803de4   _EVMDM6437_I2C_GPIO_setOutput
10803dc0   _EVMDM6437_I2C_GPIO_setall
10803ee8   _EVMDM6437_I2C_GPIO_setupIntr
10803f30   _EVMDM6437_I2C_GPIO_waitForIntr
10802e80   _EVMDM6437_I2C_close
10802e40   _EVMDM6437_I2C_init
10802fa0   _EVMDM6437_I2C_read
10802e94   _EVMDM6437_I2C_reset
10802ea8   _EVMDM6437_I2C_write
10803150   _EVMDM6437_PSC_changeState
108030a0   _EVMDM6437_PSC_enableAll
10800000   _EVMDM6437_enablePll1
10800210   _EVMDM6437_enablePll2
10800d80   _EVMDM6437_init
10800d20   _EVMDM6437_startupGEL
10806da0   _HOSTclose
10806020   _HOSTlseek
10805860   _HOSTopen
10806640   _HOSTread
10804660   _HOSTrename
10806700   _HOSTunlink
108067c0   _HOSTwrite
10805f40   _TEST_execute
1080ac78   __CIOBUF_
10801760   __FLASH_getId
10801864   __FLASH_getMfg
108019b8   __FLASH_getPageLength
108019c4   __FLASH_nextPage
108052cc   __FLASH_waitWhileErasing
10805338   __FLASH_waitWhileProgramming
00001000   __STACK_SIZE
00001000   __SYSMEM_SIZE
ffffffff   ___binit__
1080adc8   ___bss__
ffffffff   ___c_args__
1080aa38   ___cinit__
10800000   ___data__
10800000   ___edata__
1080adec   ___end__
10807b40   ___etext__
ffffffff   ___pinit__
10800000   ___text__
10804e60   __addd
10807940   __args_main
10806100   __auto_init
10806880   __cleanup
1080a700   __cleanup_ptr
10800e20   __clrPinMux
10807520   __cmpd
1080a8a8   __ctypes_
10804300   __divd
10806e40   __divli
10806940   __divu
10804800   __divul
10803520   __divull
10806ee0   __doflush
1080a704   __dtors_ptr
108075a0   __fixdi
10807020   __fixdli
108070c0   __fltlid
10803b80   __frcaddd
108032e0   __frcdivd
10805960   __frcmpyd
1080a4d0   __ft_end
1080a340   __ftable
10807620   __llshl
10807980   __llshru
1080a73c   __lock
108049a0   __mpyd
108079c0   __negd
10807a80   __negll
10807aa0   __nop
10801400   __printfi
10807a00   __remli
10800e64   __resetEMIF
10800dd8   __setPinMux
10800f64   __setupEMIF
10800da0   __setupPinMux
10807b40   __stack
10807820   __subcull
10807a40   __subd
10808b40   __sys_memory
1080a430   __tmpnams
1080a740   __unlock
1080104c   __wait
10801080   __waitusec
108062c0   __wrt_ok
10807b00   _abort
10805b60   _atoi
10807880   _c_int00
108063a0   _close
1080ade0   _erase_timeout
10805c60   _exit
10805740   _fclose
108053c0   _fputc
10802060   _fputs
10802bc0   _free
10806480   _fseek
1080addc   _i2c_timeout
10806ac0   _lseek
10806b80   _ltoa
10805fdc   _main
10804ce0   _malloc
108078e0   _memccpy
10807200   _memcpy
10806560   _memset
10800480   _norflash_test
108076a0   _printf
108053c0   _putc
10807720   _readmsg
10807b20   _remove
108073e0   _renormd
10804b40   _setvbuf
108077a0   _unlink
10806c40   _write
1080add8   _write_timeout
10807480   _writemsg
ffffffff   binit
1080aa38   cinit
10800000   edata
1080adec   end
10807b40   etext
ffffffff   pinit


GLOBAL SYMBOLS: SORTED BY Symbol Address 

address    name
--------   ----
00001000   __STACK_SIZE
00001000   __SYSMEM_SIZE
10800000   .data
10800000   .text
10800000   _EVMDM6437_enablePll1
10800000   ___data__
10800000   ___edata__
10800000   ___text__
10800000   edata
10800210   _EVMDM6437_enablePll2
10800480   _norflash_test
10800d20   _EVMDM6437_startupGEL
10800d80   _EVMDM6437_init
10800da0   __setupPinMux
10800dd8   __setPinMux
10800e20   __clrPinMux
10800e64   __resetEMIF
10800f64   __setupEMIF
1080104c   __wait
10801080   __waitusec
10801400   __printfi
10801760   __FLASH_getId
10801864   __FLASH_getMfg
10801878   _EVMDM6437_FLASH_getTotalPages
108019b8   __FLASH_getPageLength
108019c4   __FLASH_nextPage
10802060   _fputs
10802bc0   _free
10802e40   _EVMDM6437_I2C_init
10802e80   _EVMDM6437_I2C_close
10802e94   _EVMDM6437_I2C_reset
10802ea8   _EVMDM6437_I2C_write
10802fa0   _EVMDM6437_I2C_read
108030a0   _EVMDM6437_PSC_enableAll
10803150   _EVMDM6437_PSC_changeState
108032e0   __frcdivd
10803520   __divull
10803b80   __frcaddd
10803d80   _EVMDM6437_I2C_GPIO_init
10803d98   _EVMDM6437_I2C_GPIO_getall
10803dc0   _EVMDM6437_I2C_GPIO_setall
10803de4   _EVMDM6437_I2C_GPIO_setOutput
10803e94   _EVMDM6437_I2C_GPIO_getInput
10803ee8   _EVMDM6437_I2C_GPIO_setupIntr
10803f20   _EVMDM6437_I2C_GPIO_checkIntr
10803f30   _EVMDM6437_I2C_GPIO_waitForIntr
10804140   _EVMDM6437_GPIO_init
10804154   _EVMDM6437_GPIO_setDir
108041f4   _EVMDM6437_GPIO_setOutput
10804284   _EVMDM6437_GPIO_getInput
10804300   __divd
108044c0   _EVMDM6437_DDR_init
10804660   _HOSTrename
10804800   __divul
108049a0   __mpyd
10804b40   _setvbuf
10804ce0   _malloc
10804e60   __addd
10805280   _EVMDM6437_FLASH_init
108052cc   __FLASH_waitWhileErasing
10805338   __FLASH_waitWhileProgramming
108053c0   _fputc
108053c0   _putc
10805500   _EVMDM6437_FLASH_erase
10805740   _fclose
10805860   _HOSTopen
10805960   __frcmpyd
10805b60   _atoi
10805c60   _exit
10805e60   _EVMDM6437_FLASH_write
10805f40   _TEST_execute
10805fdc   _main
10806020   _HOSTlseek
10806100   __auto_init
108062c0   __wrt_ok
108063a0   _close
10806480   _fseek
10806560   _memset
10806640   _HOSTread
10806700   _HOSTunlink
108067c0   _HOSTwrite
10806880   __cleanup
10806940   __divu
10806ac0   _lseek
10806b80   _ltoa
10806c40   _write
10806d00   _EVMDM6437_FLASH_read
10806da0   _HOSTclose
10806e40   __divli
10806ee0   __doflush
10807020   __fixdli
108070c0   __fltlid
10807200   _memcpy
108073e0   _renormd
10807480   _writemsg
10807504   C$$IO$$
10807520   __cmpd
108075a0   __fixdi
10807620   __llshl
108076a0   _printf
10807720   _readmsg
108077a0   _unlink
10807820   __subcull
10807880   _c_int00
108078e0   _memccpy
10807940   __args_main
10807980   __llshru
108079c0   __negd
10807a00   __remli
10807a40   __subd
10807a80   __negll
10807aa0   __nop
10807b00   C$$EXIT
10807b00   _abort
10807b20   _remove
10807b40   ___etext__
10807b40   __stack
10807b40   etext
10808b40   __sys_memory
1080a340   __ftable
1080a430   __tmpnams
1080a4d0   __ft_end
1080a700   __cleanup_ptr
1080a704   __dtors_ptr
1080a73c   __lock
1080a740   __unlock
1080a8a8   __ctypes_
1080aa38   ___cinit__
1080aa38   cinit
1080ac78   __CIOBUF_
1080adc8   $bss
1080adc8   .bss
1080adc8   ___bss__
1080add8   _write_timeout
1080addc   _i2c_timeout
1080ade0   _erase_timeout
1080adec   ___end__
1080adec   end
ffffffff   ___binit__
ffffffff   ___c_args__
ffffffff   ___pinit__
ffffffff   binit
ffffffff   pinit

[143 symbols]
