******************************************************************************
          TMS320C6x COFF Linker PC v6.0.1                      
******************************************************************************
>> Linked Mon Sep 17 13:31:44 2007

OUTPUT FILE NAME:   <./Debug/led.out>
ENTRY POINT SYMBOL: "_c_int00"  address: 10807540


MEMORY CONFIGURATION

         name            origin    length      used     unused   attr    fill
----------------------  --------  ---------  --------  --------  ----  --------
  L2RAM                 10800000   00020000  0000a104  00015efc  RWIX
  DDR2                  80000000   10000000  00000000  10000000  RWIX


SECTION ALLOCATION MAP

 output                                  attributes/
section   page    origin      length       input sections
--------  ----  ----------  ----------   ----------------
.ddr2      0    80000000    00000000     UNINITIALIZED

.data      0    10800000    00000000     UNINITIALIZED

.text      0    10800000    00007800     
                  10800000    00000480     evmdm6437bsl.lib : evmdm6437_pll.obj (.text)
                  10800480    00000420     rts64plus.lib : _printfi.obj (.text:__setfield)
                  108008a0    00000380                   : _printfi.obj (.text:__getarg_diouxp)
                  10800c20    00000380     evmdm6437bsl.lib : evmdm6437.obj (.text)
                  10800fa0    00000360     rts64plus.lib : _printfi.obj (.text:__printfi)
                  10801300    00000300                   : fputs.obj (.text:_fputs)
                  10801600    00000300                   : _printfi.obj (.text:_ecvt)
                  10801900    00000300     evmdm6437bsl.lib : evmdm6437_flash_id.obj (.text)
                  10801c00    000002e0     rts64plus.lib : _printfi.obj (.text:__fcpy)
                  10801ee0    000002e0                   : _printfi.obj (.text:__pproc_fwp)
                  108021c0    000002e0                   : _printfi.obj (.text:_fcvt)
                  108024a0    000002a0                   : _printfi.obj (.text:__pconv_e)
                  10802740    00000280                   : memory.obj (.text:_free)
                  108029c0    00000260                   : frcdivd.obj (.text:__frcdivd)
                  10802c20    00000260     evmdm6437bsl.lib : evmdm6437_i2c.obj (.text)
                  10802e80    00000240     rts64plus.lib : imath64.obj (.text:__divull)
                  108030c0    00000240     evmdm6437bsl.lib : evmdm6437_psc.obj (.text)
                  10803300    00000220     rts64plus.lib : _printfi.obj (.text:__pproc_str)
                  10803520    00000200                   : _printfi.obj (.text:__pproc_diouxp)
                  10803720    00000200     evmdm6437bsl.lib : evmdm6437_led.obj (.text)
                  10803920    00000200     rts64plus.lib : frcaddd.obj (.text:__frcaddd)
                  10803b20    000001e0     evmdm6437bsl.lib : evmdm6437_i2c_gpio.obj (.text)
                  10803d00    000001e0     rts64plus.lib : _printfi.obj (.text:__mcpy)
                  10803ee0    000001c0     evmdm6437bsl.lib : evmdm6437_gpio.obj (.text)
                  108040a0    000001c0     rts64plus.lib : divd.obj (.text:__divd)
                  10804260    000001a0                   : imath40.obj (.text:__divul)
                  10804400    000001a0     evmdm6437bsl.lib : evmdm6437_ddr.obj (.text)
                  108045a0    000001a0     rts64plus.lib : mpyd.obj (.text:__mpyd)
                  10804740    000001a0                   : setvbuf.obj (.text:_setvbuf)
                  108048e0    000001a0                   : trgdrv.obj (.text:_HOSTrename)
                  10804a80    00000180                   : memory.obj (.text:_malloc)
                  10804c00    00000160                   : _printfi.obj (.text:__pproc_fge)
                  10804d60    00000160                   : _printfi.obj (.text:__pconv_g)
                  10804ec0    00000160                   : addd.obj (.text:__addd)
                  10805020    00000160     led_test.obj (.text)
                  10805180    00000140     evmdm6437bsl.lib : evmdm6437_flash.obj (.text)
                  108052c0    00000140     rts64plus.lib : fputc.obj (.text:_fputc)
                  10805400    00000120                   : _printfi.obj (.text:__pproc_fflags)
                  10805520    00000120                   : fclose.obj (.text:_fclose)
                  10805640    00000100                   : trgdrv.obj (.text:_HOSTopen)
                  10805740    00000100                   : _printfi.obj (.text:__ltostr)
                  10805840    00000100                   : frcmpyd.obj (.text:__frcmpyd)
                  10805940    00000100                   : _io_perm.obj (.text:__wrt_ok)
                  10805a40    00000100                   : exit.obj (.text:_exit)
                  10805b40    00000100                   : atoi.obj (.text:_atoi)
                  10805c40    00000100                   : lowlev.obj (.text:_getdevice)
                  10805d40    000000e0                   : trgdrv.obj (.text:_HOSTlseek)
                  10805e20    000000e0                   : lowlev.obj (.text:_close)
                  10805f00    000000e0                   : memset.obj (.text:_memset)
                  10805fe0    000000e0                   : fseek.obj (.text:_fseek)
                  108060c0    000000e0                   : _printfi.obj (.text:__div)
                  108061a0    000000e0     main.obj (.text)
                  10806280    000000e0     rts64plus.lib : autoinit.obj (.text:__auto_init)
                  10806360    000000c0                   : trgdrv.obj (.text:_HOSTwrite)
                  10806420    000000c0                   : ltoa.obj (.text:_ltoa)
                  108064e0    000000c0                   : divu.obj (.text:__divu)
                  108065a0    000000c0                   : _printfi.obj (.text:__pconv_f)
                  10806660    000000c0                   : _printfi.obj (.text:__ecpy)
                  10806720    000000c0                   : trgdrv.obj (.text:_HOSTunlink)
                  108067e0    000000c0                   : lowlev.obj (.text:_write)
                  108068a0    000000c0                   : fopen.obj (.text:__cleanup)
                  10806960    000000c0                   : lowlev.obj (.text:_lseek)
                  10806a20    000000c0                   : trgdrv.obj (.text:_HOSTread)
                  10806ae0    000000a0                   : memory.obj (.text:_mremove)
                  10806b80    000000a0                   : memcpy64.obj (.text:_memcpy)
                  10806c20    000000a0                   : lowlev.obj (.text:_finddevice)
                  10806cc0    000000a0                   : fflush.obj (.text:__doflush)
                  10806d60    000000a0                   : trgmsg.obj (.text:_writemsg)
                  10806e00    000000a0                   : trgmsg.obj (.text:_readmsg)
                  10806ea0    000000a0                   : renormd.obj (.text:_renormd)
                  10806f40    000000a0                   : fltlid.obj (.text:__fltlid)
                  10806fe0    000000a0                   : memory.obj (.text:_minsert)
                  10807080    000000a0                   : fixdli.obj (.text:__fixdli)
                  10807120    000000a0                   : imath40.obj (.text:__divli)
                  108071c0    000000a0                   : trgdrv.obj (.text:_HOSTclose)
                  10807260    00000080                   : lowlev.obj (.text:_unlink)
                  108072e0    00000080                   : printf.obj (.text:_printf)
                  10807360    00000080                   : llshift.obj (.text:__llshl)
                  108073e0    00000080                   : fixdi.obj (.text:__fixdi)
                  10807460    00000080                   : cmpd.obj (.text:__cmpd)
                  108074e0    00000060                   : memccpy.obj (.text:_memccpy)
                  10807540    00000060                   : boot.obj (.text:_c_int00)
                  108075a0    00000060                   : imath64.obj (.text:__subcull)
                  10807600    00000040                   : subd.obj (.text:__subd)
                  10807640    00000040                   : args_main.obj (.text:__args_main)
                  10807680    00000040                   : imath40.obj (.text:__remli)
                  108076c0    00000040                   : negd.obj (.text:__negd)
                  10807700    00000040                   : llshift.obj (.text:__llshru)
                  10807740    00000020                   : exit.obj (.text:_abort)
                  10807760    00000020                   : printf.obj (.text:__outs)
                  10807780    00000020                   : remove.obj (.text:_remove)
                  108077a0    00000020                   : negll.obj (.text:__negll)
                  108077c0    00000020                   : printf.obj (.text:__outc)
                  108077e0    00000020                   : _lock.obj (.text:__nop)

.stack     0    10807800    00001000     UNINITIALIZED
                  10807800    00000008     rts64plus.lib : boot.obj (.stack)

.sysmem    0    10808800    00001000     UNINITIALIZED
                  10808800    00000008     rts64plus.lib : memory.obj (.sysmem)

.far       0    10809800    00000404     UNINITIALIZED
                  10809800    00000194     rts64plus.lib : defs.obj (.far)
                  10809994    00000004                   : fopen.obj (.far)
                  10809998    000000d0                   : trgdrv.obj (.far)
                  10809a68    000000cc                   : lowlev.obj (.far)
                  10809b38    00000090                   : exit.obj (.far)
                  10809bc8    00000020     evmdm6437bsl.lib : evmdm6437_gpio.obj (.far)
                  10809be8    0000000c                      : evmdm6437_flash_id.obj (.far)
                  10809bf4    00000008     rts64plus.lib : memory.obj (.far)
                  10809bfc    00000008                   : _lock.obj (.far)

.cinit     0    10809c08    0000020c     
                  10809c08    0000005c     rts64plus.lib : defs.obj (.cinit)
                  10809c64    00000004     --HOLE-- [fill = 0]
                  10809c68    0000005c                   : lowlev.obj (.cinit)
                  10809cc4    00000004     --HOLE-- [fill = 0]
                  10809cc8    00000058     evmdm6437bsl.lib : evmdm6437_gpio.obj (.cinit)
                  10809d20    0000003c                      : evmdm6437_flash_id.obj (.cinit)
                  10809d5c    00000004     --HOLE-- [fill = 0]
                  10809d60    0000002c     rts64plus.lib : memory.obj (.cinit)
                  10809d8c    00000004     --HOLE-- [fill = 0]
                  10809d90    0000002c                   : exit.obj (.cinit)
                  10809dbc    00000004     --HOLE-- [fill = 0]
                  10809dc0    0000001c                   : _lock.obj (.cinit)
                  10809ddc    00000004     --HOLE-- [fill = 0]
                  10809de0    0000000c     evmdm6437bsl.lib : evmdm6437_psc.obj (.cinit)
                  10809dec    00000004     --HOLE-- [fill = 0]
                  10809df0    0000000c     rts64plus.lib : fopen.obj (.cinit)
                  10809dfc    00000004     --HOLE-- [fill = 0]
                  10809e00    0000000c     evmdm6437bsl.lib : evmdm6437_i2c.obj (.cinit)
                  10809e0c    00000008     --HOLE-- [fill = 0]

.const     0    10809e18    0000018c     
                  10809e18    00000101     rts64plus.lib : ctype.obj (.const)
                  10809f19    00000002                   : fputs.obj (.const)
                  10809f1b    00000001     --HOLE-- [fill = 0]
                  10809f1c    00000065     main.obj (.const)
                  10809f81    00000023     rts64plus.lib : _printfi.obj (.const)

.cio       0    10809fa8    00000120     UNINITIALIZED
                  10809fa8    00000120     rts64plus.lib : trgmsg.obj (.cio)

.switch    0    1080a0c8    00000030     
                  1080a0c8    00000020     evmdm6437bsl.lib : evmdm6437.obj (.switch)
                  1080a0e8    00000010     rts64plus.lib : frcdivd.obj (.switch)

.bss       0    1080a0f8    00000018     UNINITIALIZED
                  1080a0f8    00000010     evmdm6437bsl.lib : evmdm6437_flash_id.obj (.bss)
                  1080a108    00000004                      : evmdm6437_psc.obj (.bss)
                  1080a10c    00000004                      : evmdm6437_i2c.obj (.bss)


GLOBAL SYMBOLS: SORTED ALPHABETICALLY BY Name 

address    name
--------   ----
1080a0f8   $bss
1080a0f8   .bss
10800000   .data
10800000   .text
10807740   C$$EXIT
10806de8   C$$IO$$
10804400   _EVMDM6437_DDR_init
10801a18   _EVMDM6437_FLASH_getTotalPages
10805180   _EVMDM6437_FLASH_init
10804024   _EVMDM6437_GPIO_getInput
10803ee0   _EVMDM6437_GPIO_init
10803ef4   _EVMDM6437_GPIO_setDir
10803f94   _EVMDM6437_GPIO_setOutput
10803cc0   _EVMDM6437_I2C_GPIO_checkIntr
10803c34   _EVMDM6437_I2C_GPIO_getInput
10803b38   _EVMDM6437_I2C_GPIO_getall
10803b20   _EVMDM6437_I2C_GPIO_init
10803b84   _EVMDM6437_I2C_GPIO_setOutput
10803b60   _EVMDM6437_I2C_GPIO_setall
10803c88   _EVMDM6437_I2C_GPIO_setupIntr
10803cd0   _EVMDM6437_I2C_GPIO_waitForIntr
10802c60   _EVMDM6437_I2C_close
10802c20   _EVMDM6437_I2C_init
10802d80   _EVMDM6437_I2C_read
10802c74   _EVMDM6437_I2C_reset
10802c88   _EVMDM6437_I2C_write
10803720   _EVMDM6437_LED_init
108037c0   _EVMDM6437_LED_off
10803730   _EVMDM6437_LED_on
1080384c   _EVMDM6437_LED_toggle
10803170   _EVMDM6437_PSC_changeState
108030c0   _EVMDM6437_PSC_enableAll
10800000   _EVMDM6437_enablePll1
10800210   _EVMDM6437_enablePll2
10800c80   _EVMDM6437_init
10800c20   _EVMDM6437_startupGEL
108071c0   _HOSTclose
10805d40   _HOSTlseek
10805640   _HOSTopen
10806a20   _HOSTread
108048e0   _HOSTrename
10806720   _HOSTunlink
10806360   _HOSTwrite
108061a0   _TEST_execute
10809fa8   __CIOBUF_
10801900   __FLASH_getId
10801a04   __FLASH_getMfg
10801b58   __FLASH_getPageLength
10801b64   __FLASH_nextPage
108051cc   __FLASH_waitWhileErasing
10805238   __FLASH_waitWhileProgramming
00001000   __STACK_SIZE
00001000   __SYSMEM_SIZE
ffffffff   ___binit__
1080a0f8   ___bss__
ffffffff   ___c_args__
10809c08   ___cinit__
10800000   ___data__
10800000   ___edata__
1080a110   ___end__
10807800   ___etext__
ffffffff   ___pinit__
10800000   ___text__
10804ec0   __addd
10807640   __args_main
10806280   __auto_init
108068a0   __cleanup
10809bc0   __cleanup_ptr
10800d20   __clrPinMux
10807460   __cmpd
10809e18   __ctypes_
108040a0   __divd
10807120   __divli
108064e0   __divu
10804260   __divul
10802e80   __divull
10806cc0   __doflush
10809bc4   __dtors_ptr
108073e0   __fixdi
10807080   __fixdli
10806f40   __fltlid
10803920   __frcaddd
108029c0   __frcdivd
10805840   __frcmpyd
10809990   __ft_end
10809800   __ftable
10807360   __llshl
10807700   __llshru
10809bfc   __lock
108045a0   __mpyd
108076c0   __negd
108077a0   __negll
108077e0   __nop
10800fa0   __printfi
10807680   __remli
10800d64   __resetEMIF
10800cd8   __setPinMux
10800e64   __setupEMIF
10800ca0   __setupPinMux
10807800   __stack
108075a0   __subcull
10807600   __subd
10808800   __sys_memory
108098f0   __tmpnams
10809c00   __unlock
10800f4c   __wait
10800f80   __waitusec
10805940   __wrt_ok
10807740   _abort
10805b40   _atoi
10807540   _c_int00
10805e20   _close
10805a40   _exit
10805520   _fclose
108052c0   _fputc
10801300   _fputs
10802740   _free
10805fe0   _fseek
1080a10c   _i2c_timeout
10805020   _led_test
10806960   _lseek
10806420   _ltoa
1080623c   _main
10804a80   _malloc
108074e0   _memccpy
10806b80   _memcpy
10805f00   _memset
108072e0   _printf
108052c0   _putc
10806e00   _readmsg
10807780   _remove
10806ea0   _renormd
10804740   _setvbuf
10807260   _unlink
108067e0   _write
10806d60   _writemsg
ffffffff   binit
10809c08   cinit
10800000   edata
1080a110   end
10807800   etext
ffffffff   pinit


GLOBAL SYMBOLS: SORTED BY Symbol Address 

address    name
--------   ----
00001000   __SYSMEM_SIZE
00001000   __STACK_SIZE
10800000   ___data__
10800000   _EVMDM6437_enablePll1
10800000   ___edata__
10800000   edata
10800000   ___text__
10800000   .text
10800000   .data
10800210   _EVMDM6437_enablePll2
10800c20   _EVMDM6437_startupGEL
10800c80   _EVMDM6437_init
10800ca0   __setupPinMux
10800cd8   __setPinMux
10800d20   __clrPinMux
10800d64   __resetEMIF
10800e64   __setupEMIF
10800f4c   __wait
10800f80   __waitusec
10800fa0   __printfi
10801300   _fputs
10801900   __FLASH_getId
10801a04   __FLASH_getMfg
10801a18   _EVMDM6437_FLASH_getTotalPages
10801b58   __FLASH_getPageLength
10801b64   __FLASH_nextPage
10802740   _free
108029c0   __frcdivd
10802c20   _EVMDM6437_I2C_init
10802c60   _EVMDM6437_I2C_close
10802c74   _EVMDM6437_I2C_reset
10802c88   _EVMDM6437_I2C_write
10802d80   _EVMDM6437_I2C_read
10802e80   __divull
108030c0   _EVMDM6437_PSC_enableAll
10803170   _EVMDM6437_PSC_changeState
10803720   _EVMDM6437_LED_init
10803730   _EVMDM6437_LED_on
108037c0   _EVMDM6437_LED_off
1080384c   _EVMDM6437_LED_toggle
10803920   __frcaddd
10803b20   _EVMDM6437_I2C_GPIO_init
10803b38   _EVMDM6437_I2C_GPIO_getall
10803b60   _EVMDM6437_I2C_GPIO_setall
10803b84   _EVMDM6437_I2C_GPIO_setOutput
10803c34   _EVMDM6437_I2C_GPIO_getInput
10803c88   _EVMDM6437_I2C_GPIO_setupIntr
10803cc0   _EVMDM6437_I2C_GPIO_checkIntr
10803cd0   _EVMDM6437_I2C_GPIO_waitForIntr
10803ee0   _EVMDM6437_GPIO_init
10803ef4   _EVMDM6437_GPIO_setDir
10803f94   _EVMDM6437_GPIO_setOutput
10804024   _EVMDM6437_GPIO_getInput
108040a0   __divd
10804260   __divul
10804400   _EVMDM6437_DDR_init
108045a0   __mpyd
10804740   _setvbuf
108048e0   _HOSTrename
10804a80   _malloc
10804ec0   __addd
10805020   _led_test
10805180   _EVMDM6437_FLASH_init
108051cc   __FLASH_waitWhileErasing
10805238   __FLASH_waitWhileProgramming
108052c0   _fputc
108052c0   _putc
10805520   _fclose
10805640   _HOSTopen
10805840   __frcmpyd
10805940   __wrt_ok
10805a40   _exit
10805b40   _atoi
10805d40   _HOSTlseek
10805e20   _close
10805f00   _memset
10805fe0   _fseek
108061a0   _TEST_execute
1080623c   _main
10806280   __auto_init
10806360   _HOSTwrite
10806420   _ltoa
108064e0   __divu
10806720   _HOSTunlink
108067e0   _write
108068a0   __cleanup
10806960   _lseek
10806a20   _HOSTread
10806b80   _memcpy
10806cc0   __doflush
10806d60   _writemsg
10806de8   C$$IO$$
10806e00   _readmsg
10806ea0   _renormd
10806f40   __fltlid
10807080   __fixdli
10807120   __divli
108071c0   _HOSTclose
10807260   _unlink
108072e0   _printf
10807360   __llshl
108073e0   __fixdi
10807460   __cmpd
108074e0   _memccpy
10807540   _c_int00
108075a0   __subcull
10807600   __subd
10807640   __args_main
10807680   __remli
108076c0   __negd
10807700   __llshru
10807740   C$$EXIT
10807740   _abort
10807780   _remove
108077a0   __negll
108077e0   __nop
10807800   ___etext__
10807800   __stack
10807800   etext
10808800   __sys_memory
10809800   __ftable
108098f0   __tmpnams
10809990   __ft_end
10809bc0   __cleanup_ptr
10809bc4   __dtors_ptr
10809bfc   __lock
10809c00   __unlock
10809c08   ___cinit__
10809c08   cinit
10809e18   __ctypes_
10809fa8   __CIOBUF_
1080a0f8   ___bss__
1080a0f8   .bss
1080a0f8   $bss
1080a10c   _i2c_timeout
1080a110   end
1080a110   ___end__
ffffffff   pinit
ffffffff   ___c_args__
ffffffff   ___pinit__
ffffffff   binit
ffffffff   ___binit__

[142 symbols]
