******************************************************************************
          TMS320C6x COFF Linker PC v6.0.1                      
******************************************************************************
>> Linked Mon Sep 17 13:32:46 2007

OUTPUT FILE NAME:   <./Debug/vlynq_slave.out>
ENTRY POINT SYMBOL: "_c_int00"  address: 10807640


MEMORY CONFIGURATION

         name            origin    length      used     unused   attr    fill
----------------------  --------  ---------  --------  --------  ----  --------
  L2RAM                 10800000   00020000  0000c2ff  00013d01  RWIX
  DDR2                  80000000   10000000  00000000  10000000  RWIX


SECTION ALLOCATION MAP

 output                                  attributes/
section   page    origin      length       input sections
--------  ----  ----------  ----------   ----------------
.ddr2      0    80000000    00000000     UNINITIALIZED

.data      0    10800000    00000000     UNINITIALIZED

.text      0    10800000    00007900     
                  10800000    00000480     evmdm6437bsl.lib : evmdm6437_pll.obj (.text)
                  10800480    00000420     rts64plus.lib : _printfi.obj (.text:__setfield)
                  108008a0    00000380     evmdm6437bsl.lib : evmdm6437.obj (.text)
                  10800c20    00000380     rts64plus.lib : _printfi.obj (.text:__getarg_diouxp)
                  10800fa0    00000360                   : _printfi.obj (.text:__printfi)
                  10801300    00000300                   : _printfi.obj (.text:_ecvt)
                  10801600    00000300     evmdm6437bsl.lib : evmdm6437_flash_id.obj (.text)
                  10801900    00000300     rts64plus.lib : fputs.obj (.text:_fputs)
                  10801c00    000002e0                   : _printfi.obj (.text:__fcpy)
                  10801ee0    000002e0                   : _printfi.obj (.text:__pproc_fwp)
                  108021c0    000002e0                   : _printfi.obj (.text:_fcvt)
                  108024a0    000002a0                   : _printfi.obj (.text:__pconv_e)
                  10802740    00000280                   : memory.obj (.text:_free)
                  108029c0    00000260                   : frcdivd.obj (.text:__frcdivd)
                  10802c20    00000260     vlynq.obj (.text)
                  10802e80    00000260     evmdm6437bsl.lib : evmdm6437_i2c.obj (.text)
                  108030e0    00000240                      : evmdm6437_psc.obj (.text)
                  10803320    00000240     rts64plus.lib : imath64.obj (.text:__divull)
                  10803560    00000220                   : _printfi.obj (.text:__pproc_str)
                  10803780    00000200     vlynq_slave.obj (.text)
                  10803980    00000200     rts64plus.lib : _printfi.obj (.text:__pproc_diouxp)
                  10803b80    00000200                   : frcaddd.obj (.text:__frcaddd)
                  10803d80    000001e0     evmdm6437bsl.lib : evmdm6437_i2c_gpio.obj (.text)
                  10803f60    000001e0     rts64plus.lib : _printfi.obj (.text:__mcpy)
                  10804140    000001c0                   : divd.obj (.text:__divd)
                  10804300    000001c0     evmdm6437bsl.lib : evmdm6437_gpio.obj (.text)
                  108044c0    000001a0                      : evmdm6437_ddr.obj (.text)
                  10804660    000001a0     rts64plus.lib : trgdrv.obj (.text:_HOSTrename)
                  10804800    000001a0                   : imath40.obj (.text:__divul)
                  108049a0    000001a0                   : setvbuf.obj (.text:_setvbuf)
                  10804b40    000001a0                   : mpyd.obj (.text:__mpyd)
                  10804ce0    00000180                   : memory.obj (.text:_malloc)
                  10804e60    00000160                   : addd.obj (.text:__addd)
                  10804fc0    00000160                   : _printfi.obj (.text:__pproc_fge)
                  10805120    00000160                   : _printfi.obj (.text:__pconv_g)
                  10805280    00000140                   : fputc.obj (.text:_fputc)
                  108053c0    00000140     evmdm6437bsl.lib : evmdm6437_flash.obj (.text)
                  10805500    00000120     rts64plus.lib : _printfi.obj (.text:__pproc_fflags)
                  10805620    00000120                   : fclose.obj (.text:_fclose)
                  10805740    00000100                   : lowlev.obj (.text:_getdevice)
                  10805840    00000100                   : frcmpyd.obj (.text:__frcmpyd)
                  10805940    00000100                   : atoi.obj (.text:_atoi)
                  10805a40    00000100                   : _printfi.obj (.text:__ltostr)
                  10805b40    00000100                   : _io_perm.obj (.text:__wrt_ok)
                  10805c40    00000100                   : exit.obj (.text:_exit)
                  10805d40    00000100                   : trgdrv.obj (.text:_HOSTopen)
                  10805e40    000000e0                   : trgdrv.obj (.text:_HOSTlseek)
                  10805f20    000000e0                   : _printfi.obj (.text:__div)
                  10806000    000000e0                   : memset.obj (.text:_memset)
                  108060e0    000000e0     main.obj (.text)
                  108061c0    000000e0     rts64plus.lib : autoinit.obj (.text:__auto_init)
                  108062a0    000000e0                   : fseek.obj (.text:_fseek)
                  10806380    000000e0                   : lowlev.obj (.text:_close)
                  10806460    000000c0                   : divu.obj (.text:__divu)
                  10806520    000000c0                   : trgdrv.obj (.text:_HOSTunlink)
                  108065e0    000000c0                   : _printfi.obj (.text:__pconv_f)
                  108066a0    000000c0                   : _printfi.obj (.text:__ecpy)
                  10806760    000000c0                   : fopen.obj (.text:__cleanup)
                  10806820    000000c0                   : trgdrv.obj (.text:_HOSTwrite)
                  108068e0    000000c0                   : ltoa.obj (.text:_ltoa)
                  108069a0    000000c0                   : lowlev.obj (.text:_lseek)
                  10806a60    000000c0                   : trgdrv.obj (.text:_HOSTread)
                  10806b20    000000c0                   : lowlev.obj (.text:_write)
                  10806be0    000000a0                   : renormd.obj (.text:_renormd)
                  10806c80    000000a0                   : trgmsg.obj (.text:_readmsg)
                  10806d20    000000a0                   : memory.obj (.text:_mremove)
                  10806dc0    000000a0                   : fltlid.obj (.text:__fltlid)
                  10806e60    000000a0                   : imath40.obj (.text:__divli)
                  10806f00    000000a0                   : lowlev.obj (.text:_finddevice)
                  10806fa0    000000a0                   : fflush.obj (.text:__doflush)
                  10807040    000000a0                   : trgdrv.obj (.text:_HOSTclose)
                  108070e0    000000a0                   : memcpy64.obj (.text:_memcpy)
                  10807180    000000a0                   : trgmsg.obj (.text:_writemsg)
                  10807220    000000a0                   : memory.obj (.text:_minsert)
                  108072c0    000000a0                   : fixdli.obj (.text:__fixdli)
                  10807360    00000080                   : printf.obj (.text:_printf)
                  108073e0    00000080                   : cmpd.obj (.text:__cmpd)
                  10807460    00000080                   : llshift.obj (.text:__llshl)
                  108074e0    00000080                   : lowlev.obj (.text:_unlink)
                  10807560    00000080                   : fixdi.obj (.text:__fixdi)
                  108075e0    00000060                   : memccpy.obj (.text:_memccpy)
                  10807640    00000060                   : boot.obj (.text:_c_int00)
                  108076a0    00000060                   : imath64.obj (.text:__subcull)
                  10807700    00000040                   : imath40.obj (.text:__remli)
                  10807740    00000040                   : llshift.obj (.text:__llshru)
                  10807780    00000040                   : subd.obj (.text:__subd)
                  108077c0    00000040                   : args_main.obj (.text:__args_main)
                  10807800    00000040                   : negd.obj (.text:__negd)
                  10807840    00000020                   : printf.obj (.text:__outs)
                  10807860    00000020                   : printf.obj (.text:__outc)
                  10807880    00000020                   : negll.obj (.text:__negll)
                  108078a0    00000020                   : _lock.obj (.text:__nop)
                  108078c0    00000020                   : remove.obj (.text:_remove)
                  108078e0    00000020                   : exit.obj (.text:_abort)

.far       0    10807900    00002404     UNINITIALIZED
                  10807900    00002000     vlynq_slave.obj (.far)
                  10809900    00000194     rts64plus.lib : defs.obj (.far)
                  10809a94    00000004                   : fopen.obj (.far)
                  10809a98    000000d0                   : trgdrv.obj (.far)
                  10809b68    000000cc                   : lowlev.obj (.far)
                  10809c38    00000090                   : exit.obj (.far)
                  10809cc8    00000020     evmdm6437bsl.lib : evmdm6437_gpio.obj (.far)
                  10809ce8    0000000c                      : evmdm6437_flash_id.obj (.far)
                  10809cf4    00000008     rts64plus.lib : memory.obj (.far)
                  10809cfc    00000008                   : _lock.obj (.far)

.stack     0    10809d08    00001000     UNINITIALIZED
                  10809d08    00000008     rts64plus.lib : boot.obj (.stack)

.sysmem    0    1080ad08    00001000     UNINITIALIZED
                  1080ad08    00000008     rts64plus.lib : memory.obj (.sysmem)

.const     0    1080bd08    0000023f     
                  1080bd08    00000101     rts64plus.lib : ctype.obj (.const)
                  1080be09    00000002                   : fputs.obj (.const)
                  1080be0b    00000001     --HOLE-- [fill = 0]
                  1080be0c    0000006d     vlynq.obj (.const)
                  1080be79    00000003     --HOLE-- [fill = 0]
                  1080be7c    0000006c     main.obj (.const)
                  1080bee8    0000003c     vlynq_slave.obj (.const)
                  1080bf24    00000023     rts64plus.lib : _printfi.obj (.const)

.cinit     0    1080bf48    0000022c     
                  1080bf48    0000005c     rts64plus.lib : defs.obj (.cinit)
                  1080bfa4    00000004     --HOLE-- [fill = 0]
                  1080bfa8    0000005c                   : lowlev.obj (.cinit)
                  1080c004    00000004     --HOLE-- [fill = 0]
                  1080c008    00000058     evmdm6437bsl.lib : evmdm6437_gpio.obj (.cinit)
                  1080c060    0000003c                      : evmdm6437_flash_id.obj (.cinit)
                  1080c09c    00000004     --HOLE-- [fill = 0]
                  1080c0a0    0000002c     rts64plus.lib : memory.obj (.cinit)
                  1080c0cc    00000004     --HOLE-- [fill = 0]
                  1080c0d0    0000002c                   : exit.obj (.cinit)
                  1080c0fc    00000004     --HOLE-- [fill = 0]
                  1080c100    0000001c     vlynq_slave.obj (.cinit)
                  1080c11c    00000004     --HOLE-- [fill = 0]
                  1080c120    0000001c     rts64plus.lib : _lock.obj (.cinit)
                  1080c13c    00000004     --HOLE-- [fill = 0]
                  1080c140    0000000c     evmdm6437bsl.lib : evmdm6437_psc.obj (.cinit)
                  1080c14c    00000004     --HOLE-- [fill = 0]
                  1080c150    0000000c     rts64plus.lib : fopen.obj (.cinit)
                  1080c15c    00000004     --HOLE-- [fill = 0]
                  1080c160    0000000c     evmdm6437bsl.lib : evmdm6437_i2c.obj (.cinit)
                  1080c16c    00000008     --HOLE-- [fill = 0]

.cio       0    1080c178    00000120     UNINITIALIZED
                  1080c178    00000120     rts64plus.lib : trgmsg.obj (.cio)

.switch    0    1080c298    00000050     
                  1080c298    00000020     evmdm6437bsl.lib : evmdm6437.obj (.switch)
                  1080c2b8    00000020     vlynq.obj (.switch)
                  1080c2d8    00000010     rts64plus.lib : frcdivd.obj (.switch)

.bss       0    1080c2e8    00000020     UNINITIALIZED
                  1080c2e8    00000010     evmdm6437bsl.lib : evmdm6437_flash_id.obj (.bss)
                  1080c2f8    00000008     vlynq_slave.obj (.bss)
                  1080c300    00000004     evmdm6437bsl.lib : evmdm6437_i2c.obj (.bss)
                  1080c304    00000004                      : evmdm6437_psc.obj (.bss)


GLOBAL SYMBOLS: SORTED ALPHABETICALLY BY Name 

address    name
--------   ----
1080c2e8   $bss
1080c2e8   .bss
10800000   .data
10800000   .text
108078e0   C$$EXIT
10807208   C$$IO$$
108044c0   _EVMDM6437_DDR_init
10801718   _EVMDM6437_FLASH_getTotalPages
108053c0   _EVMDM6437_FLASH_init
10804444   _EVMDM6437_GPIO_getInput
10804300   _EVMDM6437_GPIO_init
10804314   _EVMDM6437_GPIO_setDir
108043b4   _EVMDM6437_GPIO_setOutput
10803f20   _EVMDM6437_I2C_GPIO_checkIntr
10803e94   _EVMDM6437_I2C_GPIO_getInput
10803d98   _EVMDM6437_I2C_GPIO_getall
10803d80   _EVMDM6437_I2C_GPIO_init
10803de4   _EVMDM6437_I2C_GPIO_setOutput
10803dc0   _EVMDM6437_I2C_GPIO_setall
10803ee8   _EVMDM6437_I2C_GPIO_setupIntr
10803f30   _EVMDM6437_I2C_GPIO_waitForIntr
10802ec0   _EVMDM6437_I2C_close
10802e80   _EVMDM6437_I2C_init
10802fe0   _EVMDM6437_I2C_read
10802ed4   _EVMDM6437_I2C_reset
10802ee8   _EVMDM6437_I2C_write
10803190   _EVMDM6437_PSC_changeState
108030e0   _EVMDM6437_PSC_enableAll
10800000   _EVMDM6437_enablePll1
10800210   _EVMDM6437_enablePll2
10800900   _EVMDM6437_init
108008a0   _EVMDM6437_startupGEL
10807040   _HOSTclose
10805e40   _HOSTlseek
10805d40   _HOSTopen
10806a60   _HOSTread
10804660   _HOSTrename
10806520   _HOSTunlink
10806820   _HOSTwrite
108060e0   _TEST_execute
1080c178   __CIOBUF_
10801600   __FLASH_getId
10801704   __FLASH_getMfg
10801858   __FLASH_getPageLength
10801864   __FLASH_nextPage
1080540c   __FLASH_waitWhileErasing
10805478   __FLASH_waitWhileProgramming
00001000   __STACK_SIZE
00001000   __SYSMEM_SIZE
ffffffff   ___binit__
1080c2e8   ___bss__
ffffffff   ___c_args__
1080bf48   ___cinit__
10800000   ___data__
10800000   ___edata__
1080c308   ___end__
10807900   ___etext__
ffffffff   ___pinit__
10800000   ___text__
10804e60   __addd
108077c0   __args_main
108061c0   __auto_init
10806760   __cleanup
10809cc0   __cleanup_ptr
108009a0   __clrPinMux
108073e0   __cmpd
1080bd08   __ctypes_
10804140   __divd
10806e60   __divli
10806460   __divu
10804800   __divul
10803320   __divull
10806fa0   __doflush
10809cc4   __dtors_ptr
10807560   __fixdi
108072c0   __fixdli
10806dc0   __fltlid
10803b80   __frcaddd
108029c0   __frcdivd
10805840   __frcmpyd
10809a90   __ft_end
10809900   __ftable
10807460   __llshl
10807740   __llshru
10809cfc   __lock
10804b40   __mpyd
10807800   __negd
10807880   __negll
108078a0   __nop
10800fa0   __printfi
10807700   __remli
108009e4   __resetEMIF
10800958   __setPinMux
10800ae4   __setupEMIF
10800920   __setupPinMux
10809d08   __stack
108076a0   __subcull
10807780   __subd
1080ad08   __sys_memory
108099f0   __tmpnams
10809d00   __unlock
10800bcc   __wait
10800c00   __waitusec
10805b40   __wrt_ok
108078e0   _abort
10805940   _atoi
10807640   _c_int00
10806380   _close
10805c40   _exit
10805620   _fclose
10805280   _fputc
10801900   _fputs
10802740   _free
108062a0   _fseek
1080c300   _i2c_timeout
108069a0   _lseek
108068e0   _ltoa
1080617c   _main
10804ce0   _malloc
108075e0   _memccpy
108070e0   _memcpy
10806000   _memset
10807360   _printf
10805280   _putc
10806c80   _readmsg
108078c0   _remove
10806be0   _renormd
108049a0   _setvbuf
108074e0   _unlink
10802c20   _vlynq_init
10802cc4   _vlynq_quit
10802cac   _vlynq_reset
10802cd8   _vlynq_rx_pins_used
10803780   _vlynq_slave
10802d68   _vlynq_tx_pins_used
10802df4   _vlynq_wait_for_link
10806b20   _write
10807180   _writemsg
ffffffff   binit
1080bf48   cinit
10800000   edata
1080c308   end
10807900   etext
ffffffff   pinit


GLOBAL SYMBOLS: SORTED BY Symbol Address 

address    name
--------   ----
00001000   __SYSMEM_SIZE
00001000   __STACK_SIZE
10800000   ___edata__
10800000   ___text__
10800000   _EVMDM6437_enablePll1
10800000   ___data__
10800000   .data
10800000   .text
10800000   edata
10800210   _EVMDM6437_enablePll2
108008a0   _EVMDM6437_startupGEL
10800900   _EVMDM6437_init
10800920   __setupPinMux
10800958   __setPinMux
108009a0   __clrPinMux
108009e4   __resetEMIF
10800ae4   __setupEMIF
10800bcc   __wait
10800c00   __waitusec
10800fa0   __printfi
10801600   __FLASH_getId
10801704   __FLASH_getMfg
10801718   _EVMDM6437_FLASH_getTotalPages
10801858   __FLASH_getPageLength
10801864   __FLASH_nextPage
10801900   _fputs
10802740   _free
108029c0   __frcdivd
10802c20   _vlynq_init
10802cac   _vlynq_reset
10802cc4   _vlynq_quit
10802cd8   _vlynq_rx_pins_used
10802d68   _vlynq_tx_pins_used
10802df4   _vlynq_wait_for_link
10802e80   _EVMDM6437_I2C_init
10802ec0   _EVMDM6437_I2C_close
10802ed4   _EVMDM6437_I2C_reset
10802ee8   _EVMDM6437_I2C_write
10802fe0   _EVMDM6437_I2C_read
108030e0   _EVMDM6437_PSC_enableAll
10803190   _EVMDM6437_PSC_changeState
10803320   __divull
10803780   _vlynq_slave
10803b80   __frcaddd
10803d80   _EVMDM6437_I2C_GPIO_init
10803d98   _EVMDM6437_I2C_GPIO_getall
10803dc0   _EVMDM6437_I2C_GPIO_setall
10803de4   _EVMDM6437_I2C_GPIO_setOutput
10803e94   _EVMDM6437_I2C_GPIO_getInput
10803ee8   _EVMDM6437_I2C_GPIO_setupIntr
10803f20   _EVMDM6437_I2C_GPIO_checkIntr
10803f30   _EVMDM6437_I2C_GPIO_waitForIntr
10804140   __divd
10804300   _EVMDM6437_GPIO_init
10804314   _EVMDM6437_GPIO_setDir
108043b4   _EVMDM6437_GPIO_setOutput
10804444   _EVMDM6437_GPIO_getInput
108044c0   _EVMDM6437_DDR_init
10804660   _HOSTrename
10804800   __divul
108049a0   _setvbuf
10804b40   __mpyd
10804ce0   _malloc
10804e60   __addd
10805280   _putc
10805280   _fputc
108053c0   _EVMDM6437_FLASH_init
1080540c   __FLASH_waitWhileErasing
10805478   __FLASH_waitWhileProgramming
10805620   _fclose
10805840   __frcmpyd
10805940   _atoi
10805b40   __wrt_ok
10805c40   _exit
10805d40   _HOSTopen
10805e40   _HOSTlseek
10806000   _memset
108060e0   _TEST_execute
1080617c   _main
108061c0   __auto_init
108062a0   _fseek
10806380   _close
10806460   __divu
10806520   _HOSTunlink
10806760   __cleanup
10806820   _HOSTwrite
108068e0   _ltoa
108069a0   _lseek
10806a60   _HOSTread
10806b20   _write
10806be0   _renormd
10806c80   _readmsg
10806dc0   __fltlid
10806e60   __divli
10806fa0   __doflush
10807040   _HOSTclose
108070e0   _memcpy
10807180   _writemsg
10807208   C$$IO$$
108072c0   __fixdli
10807360   _printf
108073e0   __cmpd
10807460   __llshl
108074e0   _unlink
10807560   __fixdi
108075e0   _memccpy
10807640   _c_int00
108076a0   __subcull
10807700   __remli
10807740   __llshru
10807780   __subd
108077c0   __args_main
10807800   __negd
10807880   __negll
108078a0   __nop
108078c0   _remove
108078e0   _abort
108078e0   C$$EXIT
10807900   etext
10807900   ___etext__
10809900   __ftable
108099f0   __tmpnams
10809a90   __ft_end
10809cc0   __cleanup_ptr
10809cc4   __dtors_ptr
10809cfc   __lock
10809d00   __unlock
10809d08   __stack
1080ad08   __sys_memory
1080bd08   __ctypes_
1080bf48   cinit
1080bf48   ___cinit__
1080c178   __CIOBUF_
1080c2e8   ___bss__
1080c2e8   $bss
1080c2e8   .bss
1080c300   _i2c_timeout
1080c308   end
1080c308   ___end__
ffffffff   pinit
ffffffff   ___binit__
ffffffff   ___c_args__
ffffffff   ___pinit__
ffffffff   binit

[144 symbols]
