******************************************************************************
          TMS320C6x COFF Linker PC v6.0.1                      
******************************************************************************
>> Linked Mon Sep 17 13:32:26 2007

OUTPUT FILE NAME:   <./Debug/video_colorbars.out>
ENTRY POINT SYMBOL: "_c_int00"  address: 10807540


MEMORY CONFIGURATION

         name            origin    length      used     unused   attr    fill
----------------------  --------  ---------  --------  --------  ----  --------
  L2RAM                 10800000   00020000  0000a1bb  00015e45  RWIX
  DDR2                  80000000   10000000  00000000  10000000  RWIX


SECTION ALLOCATION MAP

 output                                  attributes/
section   page    origin      length       input sections
--------  ----  ----------  ----------   ----------------
.ddr2      0    80000000    00000000     UNINITIALIZED

.data      0    10800000    00000000     UNINITIALIZED

.text      0    10800000    00007800     
                  10800000    00000480     evmdm6437bsl.lib : evmdm6437_pll.obj (.text)
                  10800480    00000420     rts64plus.lib : _printfi.obj (.text:__setfield)
                  108008a0    00000380                   : _printfi.obj (.text:__getarg_diouxp)
                  10800c20    00000380     evmdm6437bsl.lib : evmdm6437.obj (.text)
                  10800fa0    00000360     rts64plus.lib : _printfi.obj (.text:__printfi)
                  10801300    00000300                   : fputs.obj (.text:_fputs)
                  10801600    00000300                   : _printfi.obj (.text:_ecvt)
                  10801900    00000300     evmdm6437bsl.lib : evmdm6437_flash_id.obj (.text)
                  10801c00    000002e0     rts64plus.lib : _printfi.obj (.text:__pproc_fwp)
                  10801ee0    000002e0     video_colorbars_test.obj (.text)
                  108021c0    000002e0     rts64plus.lib : _printfi.obj (.text:__fcpy)
                  108024a0    000002e0                   : _printfi.obj (.text:_fcvt)
                  10802780    000002a0                   : _printfi.obj (.text:__pconv_e)
                  10802a20    00000280                   : memory.obj (.text:_free)
                  10802ca0    00000260                   : frcdivd.obj (.text:__frcdivd)
                  10802f00    00000260     evmdm6437bsl.lib : evmdm6437_i2c.obj (.text)
                  10803160    00000240                      : evmdm6437_psc.obj (.text)
                  108033a0    00000240     rts64plus.lib : imath64.obj (.text:__divull)
                  108035e0    00000220                   : _printfi.obj (.text:__pproc_str)
                  10803800    00000200                   : _printfi.obj (.text:__pproc_diouxp)
                  10803a00    00000200                   : frcaddd.obj (.text:__frcaddd)
                  10803c00    000001e0     evmdm6437bsl.lib : evmdm6437_i2c_gpio.obj (.text)
                  10803de0    000001e0     rts64plus.lib : _printfi.obj (.text:__mcpy)
                  10803fc0    000001c0     evmdm6437bsl.lib : evmdm6437_gpio.obj (.text)
                  10804180    000001c0     rts64plus.lib : divd.obj (.text:__divd)
                  10804340    000001a0                   : imath40.obj (.text:__divul)
                  108044e0    000001a0                   : trgdrv.obj (.text:_HOSTrename)
                  10804680    000001a0                   : mpyd.obj (.text:__mpyd)
                  10804820    000001a0                   : setvbuf.obj (.text:_setvbuf)
                  108049c0    000001a0     evmdm6437bsl.lib : evmdm6437_ddr.obj (.text)
                  10804b60    00000180     rts64plus.lib : memory.obj (.text:_malloc)
                  10804ce0    00000160                   : addd.obj (.text:__addd)
                  10804e40    00000160                   : _printfi.obj (.text:__pproc_fge)
                  10804fa0    00000160                   : _printfi.obj (.text:__pconv_g)
                  10805100    00000140                   : fputc.obj (.text:_fputc)
                  10805240    00000140     evmdm6437bsl.lib : evmdm6437_flash.obj (.text)
                  10805380    00000120     rts64plus.lib : _printfi.obj (.text:__pproc_fflags)
                  108054a0    00000120                   : fclose.obj (.text:_fclose)
                  108055c0    00000100                   : exit.obj (.text:_exit)
                  108056c0    00000100                   : lowlev.obj (.text:_getdevice)
                  108057c0    00000100                   : _printfi.obj (.text:__ltostr)
                  108058c0    00000100                   : trgdrv.obj (.text:_HOSTopen)
                  108059c0    00000100                   : _io_perm.obj (.text:__wrt_ok)
                  10805ac0    00000100                   : frcmpyd.obj (.text:__frcmpyd)
                  10805bc0    00000100                   : atoi.obj (.text:_atoi)
                  10805cc0    000000e0                   : trgdrv.obj (.text:_HOSTlseek)
                  10805da0    000000e0                   : fseek.obj (.text:_fseek)
                  10805e80    000000e0                   : lowlev.obj (.text:_close)
                  10805f60    000000e0                   : memset.obj (.text:_memset)
                  10806040    000000e0     main.obj (.text)
                  10806120    000000e0     rts64plus.lib : _printfi.obj (.text:__div)
                  10806200    000000e0                   : autoinit.obj (.text:__auto_init)
                  108062e0    000000c0                   : trgdrv.obj (.text:_HOSTwrite)
                  108063a0    000000c0                   : ltoa.obj (.text:_ltoa)
                  10806460    000000c0                   : _printfi.obj (.text:__pconv_f)
                  10806520    000000c0                   : _printfi.obj (.text:__ecpy)
                  108065e0    000000c0                   : divu.obj (.text:__divu)
                  108066a0    000000c0                   : trgdrv.obj (.text:_HOSTunlink)
                  10806760    000000c0                   : lowlev.obj (.text:_write)
                  10806820    000000c0                   : fopen.obj (.text:__cleanup)
                  108068e0    000000c0                   : lowlev.obj (.text:_lseek)
                  108069a0    000000c0                   : trgdrv.obj (.text:_HOSTread)
                  10806a60    000000a0                   : trgmsg.obj (.text:_writemsg)
                  10806b00    000000a0                   : memory.obj (.text:_mremove)
                  10806ba0    000000a0                   : renormd.obj (.text:_renormd)
                  10806c40    000000a0                   : imath40.obj (.text:__divli)
                  10806ce0    000000a0                   : trgdrv.obj (.text:_HOSTclose)
                  10806d80    000000a0                   : fltlid.obj (.text:__fltlid)
                  10806e20    000000a0                   : lowlev.obj (.text:_finddevice)
                  10806ec0    000000a0                   : fflush.obj (.text:__doflush)
                  10806f60    000000a0                   : memory.obj (.text:_minsert)
                  10807000    000000a0                   : memcpy64.obj (.text:_memcpy)
                  108070a0    000000a0                   : fixdli.obj (.text:__fixdli)
                  10807140    000000a0                   : trgmsg.obj (.text:_readmsg)
                  108071e0    00000080                   : llshift.obj (.text:__llshl)
                  10807260    00000080                   : lowlev.obj (.text:_unlink)
                  108072e0    00000080                   : printf.obj (.text:_printf)
                  10807360    00000080                   : cmpd.obj (.text:__cmpd)
                  108073e0    00000080                   : fixdi.obj (.text:__fixdi)
                  10807460    00000080     evmdm6437bsl.lib : evmdm6437_dip.obj (.text)
                  108074e0    00000060     rts64plus.lib : memccpy.obj (.text:_memccpy)
                  10807540    00000060                   : boot.obj (.text:_c_int00)
                  108075a0    00000060                   : imath64.obj (.text:__subcull)
                  10807600    00000040                   : imath40.obj (.text:__remli)
                  10807640    00000040                   : llshift.obj (.text:__llshru)
                  10807680    00000040                   : args_main.obj (.text:__args_main)
                  108076c0    00000040                   : subd.obj (.text:__subd)
                  10807700    00000040                   : negd.obj (.text:__negd)
                  10807740    00000020                   : printf.obj (.text:__outc)
                  10807760    00000020                   : printf.obj (.text:__outs)
                  10807780    00000020                   : negll.obj (.text:__negll)
                  108077a0    00000020                   : exit.obj (.text:_abort)
                  108077c0    00000020                   : _lock.obj (.text:__nop)
                  108077e0    00000020                   : remove.obj (.text:_remove)

.stack     0    10807800    00001000     UNINITIALIZED
                  10807800    00000008     rts64plus.lib : boot.obj (.stack)

.sysmem    0    10808800    00001000     UNINITIALIZED
                  10808800    00000008     rts64plus.lib : memory.obj (.sysmem)

.far       0    10809800    00000404     UNINITIALIZED
                  10809800    00000194     rts64plus.lib : defs.obj (.far)
                  10809994    00000004                   : fopen.obj (.far)
                  10809998    000000d0                   : trgdrv.obj (.far)
                  10809a68    000000cc                   : lowlev.obj (.far)
                  10809b38    00000090                   : exit.obj (.far)
                  10809bc8    00000020     evmdm6437bsl.lib : evmdm6437_gpio.obj (.far)
                  10809be8    0000000c                      : evmdm6437_flash_id.obj (.far)
                  10809bf4    00000008     rts64plus.lib : memory.obj (.far)
                  10809bfc    00000008                   : _lock.obj (.far)

.const     0    10809c08    00000243     
                  10809c08    00000101     rts64plus.lib : ctype.obj (.const)
                  10809d09    00000002                   : fputs.obj (.const)
                  10809d0b    00000001     --HOLE-- [fill = 0]
                  10809d0c    000000ac     video_colorbars_test.obj (.const)
                  10809db8    00000070     main.obj (.const)
                  10809e28    00000023     rts64plus.lib : _printfi.obj (.const)

.cinit     0    10809e50    0000020c     
                  10809e50    0000005c     rts64plus.lib : defs.obj (.cinit)
                  10809eac    00000004     --HOLE-- [fill = 0]
                  10809eb0    0000005c                   : lowlev.obj (.cinit)
                  10809f0c    00000004     --HOLE-- [fill = 0]
                  10809f10    00000058     evmdm6437bsl.lib : evmdm6437_gpio.obj (.cinit)
                  10809f68    0000003c                      : evmdm6437_flash_id.obj (.cinit)
                  10809fa4    00000004     --HOLE-- [fill = 0]
                  10809fa8    0000002c     rts64plus.lib : memory.obj (.cinit)
                  10809fd4    00000004     --HOLE-- [fill = 0]
                  10809fd8    0000002c                   : exit.obj (.cinit)
                  1080a004    00000004     --HOLE-- [fill = 0]
                  1080a008    0000001c                   : _lock.obj (.cinit)
                  1080a024    00000004     --HOLE-- [fill = 0]
                  1080a028    0000000c     evmdm6437bsl.lib : evmdm6437_psc.obj (.cinit)
                  1080a034    00000004     --HOLE-- [fill = 0]
                  1080a038    0000000c     rts64plus.lib : fopen.obj (.cinit)
                  1080a044    00000004     --HOLE-- [fill = 0]
                  1080a048    0000000c     evmdm6437bsl.lib : evmdm6437_i2c.obj (.cinit)
                  1080a054    00000008     --HOLE-- [fill = 0]

.cio       0    1080a060    00000120     UNINITIALIZED
                  1080a060    00000120     rts64plus.lib : trgmsg.obj (.cio)

.switch    0    1080a180    00000030     
                  1080a180    00000020     evmdm6437bsl.lib : evmdm6437.obj (.switch)
                  1080a1a0    00000010     rts64plus.lib : frcdivd.obj (.switch)

.bss       0    1080a1b0    00000018     UNINITIALIZED
                  1080a1b0    00000010     evmdm6437bsl.lib : evmdm6437_flash_id.obj (.bss)
                  1080a1c0    00000004                      : evmdm6437_i2c.obj (.bss)
                  1080a1c4    00000004                      : evmdm6437_psc.obj (.bss)


GLOBAL SYMBOLS: SORTED ALPHABETICALLY BY Name 

address    name
--------   ----
1080a1b0   $bss
1080a1b0   .bss
10800000   .data
10800000   .text
108077a0   C$$EXIT
10806ae8   C$$IO$$
108049c0   _EVMDM6437_DDR_init
1080746c   _EVMDM6437_DIP_get
10807460   _EVMDM6437_DIP_init
10801a18   _EVMDM6437_FLASH_getTotalPages
10805240   _EVMDM6437_FLASH_init
10804104   _EVMDM6437_GPIO_getInput
10803fc0   _EVMDM6437_GPIO_init
10803fd4   _EVMDM6437_GPIO_setDir
10804074   _EVMDM6437_GPIO_setOutput
10803da0   _EVMDM6437_I2C_GPIO_checkIntr
10803d14   _EVMDM6437_I2C_GPIO_getInput
10803c18   _EVMDM6437_I2C_GPIO_getall
10803c00   _EVMDM6437_I2C_GPIO_init
10803c64   _EVMDM6437_I2C_GPIO_setOutput
10803c40   _EVMDM6437_I2C_GPIO_setall
10803d68   _EVMDM6437_I2C_GPIO_setupIntr
10803db0   _EVMDM6437_I2C_GPIO_waitForIntr
10802f40   _EVMDM6437_I2C_close
10802f00   _EVMDM6437_I2C_init
10803060   _EVMDM6437_I2C_read
10802f54   _EVMDM6437_I2C_reset
10802f68   _EVMDM6437_I2C_write
10803210   _EVMDM6437_PSC_changeState
10803160   _EVMDM6437_PSC_enableAll
10800000   _EVMDM6437_enablePll1
10800210   _EVMDM6437_enablePll2
10800c80   _EVMDM6437_init
10800c20   _EVMDM6437_startupGEL
10806ce0   _HOSTclose
10805cc0   _HOSTlseek
108058c0   _HOSTopen
108069a0   _HOSTread
108044e0   _HOSTrename
108066a0   _HOSTunlink
108062e0   _HOSTwrite
10806040   _TEST_execute
1080a060   __CIOBUF_
10801900   __FLASH_getId
10801a04   __FLASH_getMfg
10801b58   __FLASH_getPageLength
10801b64   __FLASH_nextPage
1080528c   __FLASH_waitWhileErasing
108052f8   __FLASH_waitWhileProgramming
00001000   __STACK_SIZE
00001000   __SYSMEM_SIZE
ffffffff   ___binit__
1080a1b0   ___bss__
ffffffff   ___c_args__
10809e50   ___cinit__
10800000   ___data__
10800000   ___edata__
1080a1c8   ___end__
10807800   ___etext__
ffffffff   ___pinit__
10800000   ___text__
10804ce0   __addd
10807680   __args_main
10806200   __auto_init
10806820   __cleanup
10809bc0   __cleanup_ptr
10800d20   __clrPinMux
10807360   __cmpd
10809c08   __ctypes_
10804180   __divd
10806c40   __divli
108065e0   __divu
10804340   __divul
108033a0   __divull
10806ec0   __doflush
10809bc4   __dtors_ptr
108073e0   __fixdi
108070a0   __fixdli
10806d80   __fltlid
10803a00   __frcaddd
10802ca0   __frcdivd
10805ac0   __frcmpyd
10809990   __ft_end
10809800   __ftable
108071e0   __llshl
10807640   __llshru
10809bfc   __lock
10804680   __mpyd
10807700   __negd
10807780   __negll
108077c0   __nop
10800fa0   __printfi
10807600   __remli
10800d64   __resetEMIF
10800cd8   __setPinMux
10800e64   __setupEMIF
10800ca0   __setupPinMux
10807800   __stack
108075a0   __subcull
108076c0   __subd
10808800   __sys_memory
108098f0   __tmpnams
10809c00   __unlock
10800f4c   __wait
10800f80   __waitusec
108059c0   __wrt_ok
108077a0   _abort
10805bc0   _atoi
10807540   _c_int00
10805e80   _close
108055c0   _exit
108054a0   _fclose
10805100   _fputc
10801300   _fputs
10802a20   _free
10805da0   _fseek
1080a1c0   _i2c_timeout
108068e0   _lseek
108063a0   _ltoa
108060dc   _main
10804b60   _malloc
108074e0   _memccpy
10807000   _memcpy
10805f60   _memset
108072e0   _printf
10805100   _putc
10807140   _readmsg
108077e0   _remove
10806ba0   _renormd
10804820   _setvbuf
10807260   _unlink
108020ac   _video_colorbars_test
10801ee0   _vpbe_init
10806760   _write
10806a60   _writemsg
ffffffff   binit
10809e50   cinit
10800000   edata
1080a1c8   end
10807800   etext
ffffffff   pinit


GLOBAL SYMBOLS: SORTED BY Symbol Address 

address    name
--------   ----
00001000   __STACK_SIZE
00001000   __SYSMEM_SIZE
10800000   ___edata__
10800000   ___text__
10800000   ___data__
10800000   _EVMDM6437_enablePll1
10800000   edata
10800000   .data
10800000   .text
10800210   _EVMDM6437_enablePll2
10800c20   _EVMDM6437_startupGEL
10800c80   _EVMDM6437_init
10800ca0   __setupPinMux
10800cd8   __setPinMux
10800d20   __clrPinMux
10800d64   __resetEMIF
10800e64   __setupEMIF
10800f4c   __wait
10800f80   __waitusec
10800fa0   __printfi
10801300   _fputs
10801900   __FLASH_getId
10801a04   __FLASH_getMfg
10801a18   _EVMDM6437_FLASH_getTotalPages
10801b58   __FLASH_getPageLength
10801b64   __FLASH_nextPage
10801ee0   _vpbe_init
108020ac   _video_colorbars_test
10802a20   _free
10802ca0   __frcdivd
10802f00   _EVMDM6437_I2C_init
10802f40   _EVMDM6437_I2C_close
10802f54   _EVMDM6437_I2C_reset
10802f68   _EVMDM6437_I2C_write
10803060   _EVMDM6437_I2C_read
10803160   _EVMDM6437_PSC_enableAll
10803210   _EVMDM6437_PSC_changeState
108033a0   __divull
10803a00   __frcaddd
10803c00   _EVMDM6437_I2C_GPIO_init
10803c18   _EVMDM6437_I2C_GPIO_getall
10803c40   _EVMDM6437_I2C_GPIO_setall
10803c64   _EVMDM6437_I2C_GPIO_setOutput
10803d14   _EVMDM6437_I2C_GPIO_getInput
10803d68   _EVMDM6437_I2C_GPIO_setupIntr
10803da0   _EVMDM6437_I2C_GPIO_checkIntr
10803db0   _EVMDM6437_I2C_GPIO_waitForIntr
10803fc0   _EVMDM6437_GPIO_init
10803fd4   _EVMDM6437_GPIO_setDir
10804074   _EVMDM6437_GPIO_setOutput
10804104   _EVMDM6437_GPIO_getInput
10804180   __divd
10804340   __divul
108044e0   _HOSTrename
10804680   __mpyd
10804820   _setvbuf
108049c0   _EVMDM6437_DDR_init
10804b60   _malloc
10804ce0   __addd
10805100   _fputc
10805100   _putc
10805240   _EVMDM6437_FLASH_init
1080528c   __FLASH_waitWhileErasing
108052f8   __FLASH_waitWhileProgramming
108054a0   _fclose
108055c0   _exit
108058c0   _HOSTopen
108059c0   __wrt_ok
10805ac0   __frcmpyd
10805bc0   _atoi
10805cc0   _HOSTlseek
10805da0   _fseek
10805e80   _close
10805f60   _memset
10806040   _TEST_execute
108060dc   _main
10806200   __auto_init
108062e0   _HOSTwrite
108063a0   _ltoa
108065e0   __divu
108066a0   _HOSTunlink
10806760   _write
10806820   __cleanup
108068e0   _lseek
108069a0   _HOSTread
10806a60   _writemsg
10806ae8   C$$IO$$
10806ba0   _renormd
10806c40   __divli
10806ce0   _HOSTclose
10806d80   __fltlid
10806ec0   __doflush
10807000   _memcpy
108070a0   __fixdli
10807140   _readmsg
108071e0   __llshl
10807260   _unlink
108072e0   _printf
10807360   __cmpd
108073e0   __fixdi
10807460   _EVMDM6437_DIP_init
1080746c   _EVMDM6437_DIP_get
108074e0   _memccpy
10807540   _c_int00
108075a0   __subcull
10807600   __remli
10807640   __llshru
10807680   __args_main
108076c0   __subd
10807700   __negd
10807780   __negll
108077a0   _abort
108077a0   C$$EXIT
108077c0   __nop
108077e0   _remove
10807800   ___etext__
10807800   etext
10807800   __stack
10808800   __sys_memory
10809800   __ftable
108098f0   __tmpnams
10809990   __ft_end
10809bc0   __cleanup_ptr
10809bc4   __dtors_ptr
10809bfc   __lock
10809c00   __unlock
10809c08   __ctypes_
10809e50   ___cinit__
10809e50   cinit
1080a060   __CIOBUF_
1080a1b0   $bss
1080a1b0   .bss
1080a1b0   ___bss__
1080a1c0   _i2c_timeout
1080a1c8   ___end__
1080a1c8   end
ffffffff   pinit
ffffffff   ___pinit__
ffffffff   ___binit__
ffffffff   binit
ffffffff   ___c_args__

[141 symbols]
