******************************************************************************
          TMS320C6x COFF Linker PC v6.0.1                      
******************************************************************************
>> Linked Mon Sep 17 13:32:13 2007

OUTPUT FILE NAME:   <./Debug/srom.out>
ENTRY POINT SYMBOL: "_c_int00"  address: 10807880


MEMORY CONFIGURATION

         name            origin    length      used     unused   attr    fill
----------------------  --------  ---------  --------  --------  ----  --------
  L2RAM                 10800000   00020000  0000a51a  00015ae6  RWIX
  DDR2                  80000000   10000000  00000000  10000000  RWIX


SECTION ALLOCATION MAP

 output                                  attributes/
section   page    origin      length       input sections
--------  ----  ----------  ----------   ----------------
.ddr2      0    80000000    00000000     UNINITIALIZED

.data      0    10800000    00000000     UNINITIALIZED

.text      0    10800000    00007b40     
                  10800000    00000480     evmdm6437bsl.lib : evmdm6437_pll.obj (.text)
                  10800480    00000480     srom_gpio.obj (.text)
                  10800900    00000420     rts64plus.lib : _printfi.obj (.text:__setfield)
                  10800d20    00000380                   : _printfi.obj (.text:__getarg_diouxp)
                  108010a0    00000380     evmdm6437bsl.lib : evmdm6437.obj (.text)
                  10801420    00000360     rts64plus.lib : _printfi.obj (.text:__printfi)
                  10801780    00000300     evmdm6437bsl.lib : evmdm6437_flash_id.obj (.text)
                  10801a80    00000300     rts64plus.lib : _printfi.obj (.text:_ecvt)
                  10801d80    00000300                   : fputs.obj (.text:_fputs)
                  10802080    000002e0                   : _printfi.obj (.text:__pproc_fwp)
                  10802360    000002e0                   : _printfi.obj (.text:__fcpy)
                  10802640    000002e0                   : _printfi.obj (.text:_fcvt)
                  10802920    000002a0                   : _printfi.obj (.text:__pconv_e)
                  10802bc0    00000280                   : memory.obj (.text:_free)
                  10802e40    00000260     evmdm6437bsl.lib : evmdm6437_i2c.obj (.text)
                  108030a0    00000260     rts64plus.lib : frcdivd.obj (.text:__frcdivd)
                  10803300    00000240     evmdm6437bsl.lib : evmdm6437_psc.obj (.text)
                  10803540    00000240     rts64plus.lib : imath64.obj (.text:__divull)
                  10803780    00000220                   : _printfi.obj (.text:__pproc_str)
                  108039a0    00000220     srom_test.obj (.text)
                  10803bc0    00000200     rts64plus.lib : _printfi.obj (.text:__pproc_diouxp)
                  10803dc0    00000200                   : frcaddd.obj (.text:__frcaddd)
                  10803fc0    000001e0     evmdm6437bsl.lib : evmdm6437_i2c_gpio.obj (.text)
                  108041a0    000001e0     rts64plus.lib : _printfi.obj (.text:__mcpy)
                  10804380    000001c0                   : divd.obj (.text:__divd)
                  10804540    000001c0     evmdm6437bsl.lib : evmdm6437_gpio.obj (.text)
                  10804700    000001a0     rts64plus.lib : mpyd.obj (.text:__mpyd)
                  108048a0    000001a0     evmdm6437bsl.lib : evmdm6437_ddr.obj (.text)
                  10804a40    000001a0     rts64plus.lib : imath40.obj (.text:__divul)
                  10804be0    000001a0                   : trgdrv.obj (.text:_HOSTrename)
                  10804d80    000001a0                   : setvbuf.obj (.text:_setvbuf)
                  10804f20    00000180                   : memory.obj (.text:_malloc)
                  108050a0    00000160                   : _printfi.obj (.text:__pproc_fge)
                  10805200    00000160                   : addd.obj (.text:__addd)
                  10805360    00000160                   : _printfi.obj (.text:__pconv_g)
                  108054c0    00000140                   : fputc.obj (.text:_fputc)
                  10805600    00000140     evmdm6437bsl.lib : evmdm6437_flash.obj (.text)
                  10805740    00000120     rts64plus.lib : _printfi.obj (.text:__pproc_fflags)
                  10805860    00000120                   : fclose.obj (.text:_fclose)
                  10805980    00000100                   : lowlev.obj (.text:_getdevice)
                  10805a80    00000100                   : frcmpyd.obj (.text:__frcmpyd)
                  10805b80    00000100                   : atoi.obj (.text:_atoi)
                  10805c80    00000100                   : _printfi.obj (.text:__ltostr)
                  10805d80    00000100                   : _io_perm.obj (.text:__wrt_ok)
                  10805e80    00000100                   : exit.obj (.text:_exit)
                  10805f80    00000100                   : trgdrv.obj (.text:_HOSTopen)
                  10806080    000000e0                   : trgdrv.obj (.text:_HOSTlseek)
                  10806160    000000e0                   : _printfi.obj (.text:__div)
                  10806240    000000e0                   : memset.obj (.text:_memset)
                  10806320    000000e0     main.obj (.text)
                  10806400    000000e0     rts64plus.lib : autoinit.obj (.text:__auto_init)
                  108064e0    000000e0                   : fseek.obj (.text:_fseek)
                  108065c0    000000e0                   : lowlev.obj (.text:_close)
                  108066a0    000000c0                   : divu.obj (.text:__divu)
                  10806760    000000c0                   : trgdrv.obj (.text:_HOSTunlink)
                  10806820    000000c0                   : _printfi.obj (.text:__pconv_f)
                  108068e0    000000c0                   : _printfi.obj (.text:__ecpy)
                  108069a0    000000c0                   : fopen.obj (.text:__cleanup)
                  10806a60    000000c0                   : trgdrv.obj (.text:_HOSTwrite)
                  10806b20    000000c0                   : ltoa.obj (.text:_ltoa)
                  10806be0    000000c0                   : lowlev.obj (.text:_lseek)
                  10806ca0    000000c0                   : trgdrv.obj (.text:_HOSTread)
                  10806d60    000000c0                   : lowlev.obj (.text:_write)
                  10806e20    000000a0                   : renormd.obj (.text:_renormd)
                  10806ec0    000000a0                   : trgmsg.obj (.text:_readmsg)
                  10806f60    000000a0                   : memory.obj (.text:_mremove)
                  10807000    000000a0                   : fltlid.obj (.text:__fltlid)
                  108070a0    000000a0                   : imath40.obj (.text:__divli)
                  10807140    000000a0                   : lowlev.obj (.text:_finddevice)
                  108071e0    000000a0                   : fflush.obj (.text:__doflush)
                  10807280    000000a0                   : trgdrv.obj (.text:_HOSTclose)
                  10807320    000000a0                   : memcpy64.obj (.text:_memcpy)
                  108073c0    000000a0                   : trgmsg.obj (.text:_writemsg)
                  10807460    000000a0                   : memory.obj (.text:_minsert)
                  10807500    000000a0                   : fixdli.obj (.text:__fixdli)
                  108075a0    00000080                   : printf.obj (.text:_printf)
                  10807620    00000080                   : cmpd.obj (.text:__cmpd)
                  108076a0    00000080                   : llshift.obj (.text:__llshl)
                  10807720    00000080                   : lowlev.obj (.text:_unlink)
                  108077a0    00000080                   : fixdi.obj (.text:__fixdi)
                  10807820    00000060                   : memccpy.obj (.text:_memccpy)
                  10807880    00000060                   : boot.obj (.text:_c_int00)
                  108078e0    00000060                   : imath64.obj (.text:__subcull)
                  10807940    00000040                   : imath40.obj (.text:__remli)
                  10807980    00000040                   : llshift.obj (.text:__llshru)
                  108079c0    00000040                   : subd.obj (.text:__subd)
                  10807a00    00000040                   : args_main.obj (.text:__args_main)
                  10807a40    00000040                   : negd.obj (.text:__negd)
                  10807a80    00000020                   : printf.obj (.text:__outs)
                  10807aa0    00000020                   : printf.obj (.text:__outc)
                  10807ac0    00000020                   : negll.obj (.text:__negll)
                  10807ae0    00000020                   : _lock.obj (.text:__nop)
                  10807b00    00000020                   : remove.obj (.text:_remove)
                  10807b20    00000020                   : exit.obj (.text:_abort)

.stack     0    10807b40    00001000     UNINITIALIZED
                  10807b40    00000008     rts64plus.lib : boot.obj (.stack)

.sysmem    0    10808b40    00001000     UNINITIALIZED
                  10808b40    00000008     rts64plus.lib : memory.obj (.sysmem)

.far       0    10809b40    000004d4     UNINITIALIZED
                  10809b40    00000194     rts64plus.lib : defs.obj (.far)
                  10809cd4    00000004                   : fopen.obj (.far)
                  10809cd8    000000d0                   : trgdrv.obj (.far)
                  10809da8    000000cc                   : lowlev.obj (.far)
                  10809e78    00000090                   : exit.obj (.far)
                  10809f08    00000080     srom_test.obj (.far)
                  10809f88    0000004a     srom_gpio.obj (.far)
                  10809fd8    00000020     evmdm6437bsl.lib : evmdm6437_gpio.obj (.far)
                  10809ff8    0000000c                      : evmdm6437_flash_id.obj (.far)
                  1080a004    00000008     rts64plus.lib : memory.obj (.far)
                  1080a00c    00000008                   : _lock.obj (.far)

.cinit     0    1080a018    0000020c     
                  1080a018    0000005c     rts64plus.lib : defs.obj (.cinit)
                  1080a074    00000004     --HOLE-- [fill = 0]
                  1080a078    0000005c                   : lowlev.obj (.cinit)
                  1080a0d4    00000004     --HOLE-- [fill = 0]
                  1080a0d8    00000058     evmdm6437bsl.lib : evmdm6437_gpio.obj (.cinit)
                  1080a130    0000003c                      : evmdm6437_flash_id.obj (.cinit)
                  1080a16c    00000004     --HOLE-- [fill = 0]
                  1080a170    0000002c     rts64plus.lib : memory.obj (.cinit)
                  1080a19c    00000004     --HOLE-- [fill = 0]
                  1080a1a0    0000002c                   : exit.obj (.cinit)
                  1080a1cc    00000004     --HOLE-- [fill = 0]
                  1080a1d0    0000001c                   : _lock.obj (.cinit)
                  1080a1ec    00000004     --HOLE-- [fill = 0]
                  1080a1f0    0000000c     evmdm6437bsl.lib : evmdm6437_psc.obj (.cinit)
                  1080a1fc    00000004     --HOLE-- [fill = 0]
                  1080a200    0000000c                      : evmdm6437_i2c.obj (.cinit)
                  1080a20c    00000004     --HOLE-- [fill = 0]
                  1080a210    0000000c     rts64plus.lib : fopen.obj (.cinit)
                  1080a21c    00000008     --HOLE-- [fill = 0]

.const     0    1080a228    00000192     
                  1080a228    00000101     rts64plus.lib : ctype.obj (.const)
                  1080a329    00000002                   : fputs.obj (.const)
                  1080a32b    00000001     --HOLE-- [fill = 0]
                  1080a32c    0000006b     main.obj (.const)
                  1080a397    00000023     rts64plus.lib : _printfi.obj (.const)

.cio       0    1080a3c0    00000120     UNINITIALIZED
                  1080a3c0    00000120     rts64plus.lib : trgmsg.obj (.cio)

.switch    0    1080a4e0    00000030     
                  1080a4e0    00000020     evmdm6437bsl.lib : evmdm6437.obj (.switch)
                  1080a500    00000010     rts64plus.lib : frcdivd.obj (.switch)

.bss       0    1080a510    00000018     UNINITIALIZED
                  1080a510    00000010     evmdm6437bsl.lib : evmdm6437_flash_id.obj (.bss)
                  1080a520    00000004                      : evmdm6437_i2c.obj (.bss)
                  1080a524    00000004                      : evmdm6437_psc.obj (.bss)


GLOBAL SYMBOLS: SORTED ALPHABETICALLY BY Name 

address    name
--------   ----
1080a510   $bss
1080a510   .bss
10800000   .data
10800000   .text
10807b20   C$$EXIT
10807448   C$$IO$$
108048a0   _EVMDM6437_DDR_init
10801898   _EVMDM6437_FLASH_getTotalPages
10805600   _EVMDM6437_FLASH_init
10804684   _EVMDM6437_GPIO_getInput
10804540   _EVMDM6437_GPIO_init
10804554   _EVMDM6437_GPIO_setDir
108045f4   _EVMDM6437_GPIO_setOutput
10804160   _EVMDM6437_I2C_GPIO_checkIntr
108040d4   _EVMDM6437_I2C_GPIO_getInput
10803fd8   _EVMDM6437_I2C_GPIO_getall
10803fc0   _EVMDM6437_I2C_GPIO_init
10804024   _EVMDM6437_I2C_GPIO_setOutput
10804000   _EVMDM6437_I2C_GPIO_setall
10804128   _EVMDM6437_I2C_GPIO_setupIntr
10804170   _EVMDM6437_I2C_GPIO_waitForIntr
10802e80   _EVMDM6437_I2C_close
10802e40   _EVMDM6437_I2C_init
10802fa0   _EVMDM6437_I2C_read
10802e94   _EVMDM6437_I2C_reset
10802ea8   _EVMDM6437_I2C_write
108033b0   _EVMDM6437_PSC_changeState
10803300   _EVMDM6437_PSC_enableAll
10800000   _EVMDM6437_enablePll1
10800210   _EVMDM6437_enablePll2
10801100   _EVMDM6437_init
108010a0   _EVMDM6437_startupGEL
10807280   _HOSTclose
10806080   _HOSTlseek
10805f80   _HOSTopen
10806ca0   _HOSTread
10804be0   _HOSTrename
10806760   _HOSTunlink
10806a60   _HOSTwrite
10806320   _TEST_execute
1080a3c0   __CIOBUF_
10801780   __FLASH_getId
10801884   __FLASH_getMfg
108019d8   __FLASH_getPageLength
108019e4   __FLASH_nextPage
1080564c   __FLASH_waitWhileErasing
108056b8   __FLASH_waitWhileProgramming
00001000   __STACK_SIZE
00001000   __SYSMEM_SIZE
ffffffff   ___binit__
1080a510   ___bss__
ffffffff   ___c_args__
1080a018   ___cinit__
10800000   ___data__
10800000   ___edata__
1080a528   ___end__
10807b40   ___etext__
ffffffff   ___pinit__
10800000   ___text__
10805200   __addd
10807a00   __args_main
10806400   __auto_init
108069a0   __cleanup
10809f00   __cleanup_ptr
108011a0   __clrPinMux
10807620   __cmpd
1080a228   __ctypes_
10804380   __divd
108070a0   __divli
108066a0   __divu
10804a40   __divul
10803540   __divull
108071e0   __doflush
10809f04   __dtors_ptr
108077a0   __fixdi
10807500   __fixdli
10807000   __fltlid
10803dc0   __frcaddd
108030a0   __frcdivd
10805a80   __frcmpyd
10809cd0   __ft_end
10809b40   __ftable
108076a0   __llshl
10807980   __llshru
1080a00c   __lock
10804700   __mpyd
10807a40   __negd
10807ac0   __negll
10807ae0   __nop
10801420   __printfi
10807940   __remli
108011e4   __resetEMIF
10801158   __setPinMux
108012e4   __setupEMIF
10801120   __setupPinMux
10800480   __srom_cycle
10807b40   __stack
108078e0   __subcull
108079c0   __subd
10808b40   __sys_memory
10809c30   __tmpnams
1080a010   __unlock
108013cc   __wait
10801400   __waitusec
10805d80   __wrt_ok
10807b20   _abort
10805b80   _atoi
10807880   _c_int00
108065c0   _close
10805e80   _exit
10805860   _fclose
108054c0   _fputc
10801d80   _fputs
10802bc0   _free
108064e0   _fseek
1080a520   _i2c_timeout
10806be0   _lseek
10806b20   _ltoa
108063bc   _main
10804f20   _malloc
10807820   _memccpy
10807320   _memcpy
10806240   _memset
108075a0   _printf
108054c0   _putc
10806ec0   _readmsg
10807b00   _remove
10806e20   _renormd
10804d80   _setvbuf
10800628   _srom_init
108006f4   _srom_read
108005f0   _srom_status
108039a0   _srom_test
108007ac   _srom_write
10809f88   _srombuf
10809fd0   _statusbuf
10807720   _unlink
10806d60   _write
108073c0   _writemsg
ffffffff   binit
1080a018   cinit
10800000   edata
1080a528   end
10807b40   etext
ffffffff   pinit


GLOBAL SYMBOLS: SORTED BY Symbol Address 

address    name
--------   ----
00001000   __SYSMEM_SIZE
00001000   __STACK_SIZE
10800000   ___data__
10800000   ___edata__
10800000   _EVMDM6437_enablePll1
10800000   edata
10800000   ___text__
10800000   .text
10800000   .data
10800210   _EVMDM6437_enablePll2
10800480   __srom_cycle
108005f0   _srom_status
10800628   _srom_init
108006f4   _srom_read
108007ac   _srom_write
108010a0   _EVMDM6437_startupGEL
10801100   _EVMDM6437_init
10801120   __setupPinMux
10801158   __setPinMux
108011a0   __clrPinMux
108011e4   __resetEMIF
108012e4   __setupEMIF
108013cc   __wait
10801400   __waitusec
10801420   __printfi
10801780   __FLASH_getId
10801884   __FLASH_getMfg
10801898   _EVMDM6437_FLASH_getTotalPages
108019d8   __FLASH_getPageLength
108019e4   __FLASH_nextPage
10801d80   _fputs
10802bc0   _free
10802e40   _EVMDM6437_I2C_init
10802e80   _EVMDM6437_I2C_close
10802e94   _EVMDM6437_I2C_reset
10802ea8   _EVMDM6437_I2C_write
10802fa0   _EVMDM6437_I2C_read
108030a0   __frcdivd
10803300   _EVMDM6437_PSC_enableAll
108033b0   _EVMDM6437_PSC_changeState
10803540   __divull
108039a0   _srom_test
10803dc0   __frcaddd
10803fc0   _EVMDM6437_I2C_GPIO_init
10803fd8   _EVMDM6437_I2C_GPIO_getall
10804000   _EVMDM6437_I2C_GPIO_setall
10804024   _EVMDM6437_I2C_GPIO_setOutput
108040d4   _EVMDM6437_I2C_GPIO_getInput
10804128   _EVMDM6437_I2C_GPIO_setupIntr
10804160   _EVMDM6437_I2C_GPIO_checkIntr
10804170   _EVMDM6437_I2C_GPIO_waitForIntr
10804380   __divd
10804540   _EVMDM6437_GPIO_init
10804554   _EVMDM6437_GPIO_setDir
108045f4   _EVMDM6437_GPIO_setOutput
10804684   _EVMDM6437_GPIO_getInput
10804700   __mpyd
108048a0   _EVMDM6437_DDR_init
10804a40   __divul
10804be0   _HOSTrename
10804d80   _setvbuf
10804f20   _malloc
10805200   __addd
108054c0   _putc
108054c0   _fputc
10805600   _EVMDM6437_FLASH_init
1080564c   __FLASH_waitWhileErasing
108056b8   __FLASH_waitWhileProgramming
10805860   _fclose
10805a80   __frcmpyd
10805b80   _atoi
10805d80   __wrt_ok
10805e80   _exit
10805f80   _HOSTopen
10806080   _HOSTlseek
10806240   _memset
10806320   _TEST_execute
108063bc   _main
10806400   __auto_init
108064e0   _fseek
108065c0   _close
108066a0   __divu
10806760   _HOSTunlink
108069a0   __cleanup
10806a60   _HOSTwrite
10806b20   _ltoa
10806be0   _lseek
10806ca0   _HOSTread
10806d60   _write
10806e20   _renormd
10806ec0   _readmsg
10807000   __fltlid
108070a0   __divli
108071e0   __doflush
10807280   _HOSTclose
10807320   _memcpy
108073c0   _writemsg
10807448   C$$IO$$
10807500   __fixdli
108075a0   _printf
10807620   __cmpd
108076a0   __llshl
10807720   _unlink
108077a0   __fixdi
10807820   _memccpy
10807880   _c_int00
108078e0   __subcull
10807940   __remli
10807980   __llshru
108079c0   __subd
10807a00   __args_main
10807a40   __negd
10807ac0   __negll
10807ae0   __nop
10807b00   _remove
10807b20   C$$EXIT
10807b20   _abort
10807b40   __stack
10807b40   ___etext__
10807b40   etext
10808b40   __sys_memory
10809b40   __ftable
10809c30   __tmpnams
10809cd0   __ft_end
10809f00   __cleanup_ptr
10809f04   __dtors_ptr
10809f88   _srombuf
10809fd0   _statusbuf
1080a00c   __lock
1080a010   __unlock
1080a018   cinit
1080a018   ___cinit__
1080a228   __ctypes_
1080a3c0   __CIOBUF_
1080a510   .bss
1080a510   $bss
1080a510   ___bss__
1080a520   _i2c_timeout
1080a528   end
1080a528   ___end__
ffffffff   pinit
ffffffff   ___c_args__
ffffffff   ___pinit__
ffffffff   binit
ffffffff   ___binit__

[145 symbols]
