******************************************************************************
          TMS320C6x COFF Linker PC v6.0.1                      
******************************************************************************
>> Linked Mon Sep 17 13:31:15 2007

OUTPUT FILE NAME:   <./Debug/can_rx.out>
ENTRY POINT SYMBOL: "_c_int00"  address: 10807b80


MEMORY CONFIGURATION

         name            origin    length      used     unused   attr    fill
----------------------  --------  ---------  --------  --------  ----  --------
  L2RAM                 10800000   00020000  0000a76f  00015891  RWIX
  DDR2                  80000000   10000000  00000000  10000000  RWIX


SECTION ALLOCATION MAP

 output                                  attributes/
section   page    origin      length       input sections
--------  ----  ----------  ----------   ----------------
.ddr2      0    80000000    00000000     UNINITIALIZED

.data      0    10800000    00000000     UNINITIALIZED

.text      0    10800000    00007e40     
                  10800000    000007a0     can_rx_test.obj (.text)
                  108007a0    00000480     evmdm6437bsl.lib : evmdm6437_pll.obj (.text)
                  10800c20    00000420     rts64plus.lib : _printfi.obj (.text:__setfield)
                  10801040    00000380                   : _printfi.obj (.text:__getarg_diouxp)
                  108013c0    00000380     evmdm6437bsl.lib : evmdm6437.obj (.text)
                  10801740    00000360     rts64plus.lib : _printfi.obj (.text:__printfi)
                  10801aa0    00000300                   : _printfi.obj (.text:_ecvt)
                  10801da0    00000300     evmdm6437bsl.lib : evmdm6437_flash_id.obj (.text)
                  108020a0    00000300     rts64plus.lib : fputs.obj (.text:_fputs)
                  108023a0    000002e0                   : _printfi.obj (.text:__pproc_fwp)
                  10802680    000002e0                   : _printfi.obj (.text:__fcpy)
                  10802960    000002e0                   : _printfi.obj (.text:_fcvt)
                  10802c40    000002a0                   : _printfi.obj (.text:__pconv_e)
                  10802ee0    00000280                   : memory.obj (.text:_free)
                  10803160    00000260                   : frcdivd.obj (.text:__frcdivd)
                  108033c0    00000260     evmdm6437bsl.lib : evmdm6437_i2c.obj (.text)
                  10803620    00000240     rts64plus.lib : imath64.obj (.text:__divull)
                  10803860    00000240     evmdm6437bsl.lib : evmdm6437_psc.obj (.text)
                  10803aa0    00000220     rts64plus.lib : _printfi.obj (.text:__pproc_str)
                  10803cc0    00000200                   : frcaddd.obj (.text:__frcaddd)
                  10803ec0    00000200     evmdm6437bsl.lib : evmdm6437_led.obj (.text)
                  108040c0    00000200     rts64plus.lib : _printfi.obj (.text:__pproc_diouxp)
                  108042c0    000001e0                   : _printfi.obj (.text:__mcpy)
                  108044a0    000001e0     evmdm6437bsl.lib : evmdm6437_i2c_gpio.obj (.text)
                  10804680    000001c0                      : evmdm6437_gpio.obj (.text)
                  10804840    000001c0     rts64plus.lib : divd.obj (.text:__divd)
                  10804a00    000001a0                   : trgdrv.obj (.text:_HOSTrename)
                  10804ba0    000001a0                   : setvbuf.obj (.text:_setvbuf)
                  10804d40    000001a0                   : imath40.obj (.text:__divul)
                  10804ee0    000001a0                   : mpyd.obj (.text:__mpyd)
                  10805080    000001a0     evmdm6437bsl.lib : evmdm6437_ddr.obj (.text)
                  10805220    00000180     rts64plus.lib : memory.obj (.text:_malloc)
                  108053a0    00000160                   : _printfi.obj (.text:__pproc_fge)
                  10805500    00000160                   : addd.obj (.text:__addd)
                  10805660    00000160                   : _printfi.obj (.text:__pconv_g)
                  108057c0    00000140     evmdm6437bsl.lib : evmdm6437_flash.obj (.text)
                  10805900    00000140     rts64plus.lib : fputc.obj (.text:_fputc)
                  10805a40    00000120                   : fclose.obj (.text:_fclose)
                  10805b60    00000120                   : _printfi.obj (.text:__pproc_fflags)
                  10805c80    00000100                   : exit.obj (.text:_exit)
                  10805d80    00000100                   : trgdrv.obj (.text:_HOSTopen)
                  10805e80    00000100                   : _printfi.obj (.text:__ltostr)
                  10805f80    00000100                   : _io_perm.obj (.text:__wrt_ok)
                  10806080    00000100                   : lowlev.obj (.text:_getdevice)
                  10806180    00000100                   : frcmpyd.obj (.text:__frcmpyd)
                  10806280    00000100                   : atoi.obj (.text:_atoi)
                  10806380    000000e0                   : fseek.obj (.text:_fseek)
                  10806460    000000e0                   : memset.obj (.text:_memset)
                  10806540    000000e0                   : lowlev.obj (.text:_close)
                  10806620    000000e0     main.obj (.text)
                  10806700    000000e0     rts64plus.lib : autoinit.obj (.text:__auto_init)
                  108067e0    000000e0                   : trgdrv.obj (.text:_HOSTlseek)
                  108068c0    000000e0                   : _printfi.obj (.text:__div)
                  108069a0    000000c0                   : trgdrv.obj (.text:_HOSTwrite)
                  10806a60    000000c0                   : ltoa.obj (.text:_ltoa)
                  10806b20    000000c0                   : divu.obj (.text:__divu)
                  10806be0    000000c0                   : _printfi.obj (.text:__pconv_f)
                  10806ca0    000000c0                   : _printfi.obj (.text:__ecpy)
                  10806d60    000000c0                   : trgdrv.obj (.text:_HOSTunlink)
                  10806e20    000000c0                   : lowlev.obj (.text:_write)
                  10806ee0    000000c0                   : trgdrv.obj (.text:_HOSTread)
                  10806fa0    000000c0                   : lowlev.obj (.text:_lseek)
                  10807060    000000c0                   : fopen.obj (.text:__cleanup)
                  10807120    000000a0                   : memory.obj (.text:_mremove)
                  108071c0    000000a0                   : memcpy64.obj (.text:_memcpy)
                  10807260    000000a0                   : lowlev.obj (.text:_finddevice)
                  10807300    000000a0                   : fflush.obj (.text:__doflush)
                  108073a0    000000a0                   : trgmsg.obj (.text:_writemsg)
                  10807440    000000a0                   : trgmsg.obj (.text:_readmsg)
                  108074e0    000000a0                   : renormd.obj (.text:_renormd)
                  10807580    000000a0                   : fltlid.obj (.text:__fltlid)
                  10807620    000000a0                   : memory.obj (.text:_minsert)
                  108076c0    000000a0                   : fixdli.obj (.text:__fixdli)
                  10807760    000000a0                   : imath40.obj (.text:__divli)
                  10807800    000000a0                   : trgdrv.obj (.text:_HOSTclose)
                  108078a0    00000080                   : lowlev.obj (.text:_unlink)
                  10807920    00000080                   : printf.obj (.text:_printf)
                  108079a0    00000080                   : llshift.obj (.text:__llshl)
                  10807a20    00000080                   : fixdi.obj (.text:__fixdi)
                  10807aa0    00000080                   : cmpd.obj (.text:__cmpd)
                  10807b20    00000060                   : memccpy.obj (.text:_memccpy)
                  10807b80    00000060                   : boot.obj (.text:_c_int00)
                  10807be0    00000060                   : imath64.obj (.text:__subcull)
                  10807c40    00000040                   : subd.obj (.text:__subd)
                  10807c80    00000040                   : args_main.obj (.text:__args_main)
                  10807cc0    00000040                   : imath40.obj (.text:__remli)
                  10807d00    00000040                   : negd.obj (.text:__negd)
                  10807d40    00000040                   : llshift.obj (.text:__llshru)
                  10807d80    00000020                   : exit.obj (.text:_abort)
                  10807da0    00000020                   : printf.obj (.text:__outs)
                  10807dc0    00000020                   : remove.obj (.text:_remove)
                  10807de0    00000020                   : negll.obj (.text:__negll)
                  10807e00    00000020                   : printf.obj (.text:__outc)
                  10807e20    00000020                   : _lock.obj (.text:__nop)

.stack     0    10807e40    00001000     UNINITIALIZED
                  10807e40    00000008     rts64plus.lib : boot.obj (.stack)

.sysmem    0    10808e40    00001000     UNINITIALIZED
                  10808e40    00000008     rts64plus.lib : memory.obj (.sysmem)

.far       0    10809e40    00000404     UNINITIALIZED
                  10809e40    00000194     rts64plus.lib : defs.obj (.far)
                  10809fd4    00000004     can_rx_test.obj (.far)
                  10809fd8    000000d0     rts64plus.lib : trgdrv.obj (.far)
                  1080a0a8    000000cc                   : lowlev.obj (.far)
                  1080a174    00000004                   : fopen.obj (.far)
                  1080a178    00000090                   : exit.obj (.far)
                  1080a208    00000020     evmdm6437bsl.lib : evmdm6437_gpio.obj (.far)
                  1080a228    0000000c                      : evmdm6437_flash_id.obj (.far)
                  1080a234    00000008     rts64plus.lib : memory.obj (.far)
                  1080a23c    00000008                   : _lock.obj (.far)

.cinit     0    1080a248    0000022c     
                  1080a248    0000005c     rts64plus.lib : defs.obj (.cinit)
                  1080a2a4    00000004     --HOLE-- [fill = 0]
                  1080a2a8    0000005c                   : lowlev.obj (.cinit)
                  1080a304    00000004     --HOLE-- [fill = 0]
                  1080a308    00000058     evmdm6437bsl.lib : evmdm6437_gpio.obj (.cinit)
                  1080a360    0000003c                      : evmdm6437_flash_id.obj (.cinit)
                  1080a39c    00000004     --HOLE-- [fill = 0]
                  1080a3a0    0000002c     rts64plus.lib : memory.obj (.cinit)
                  1080a3cc    00000004     --HOLE-- [fill = 0]
                  1080a3d0    0000002c                   : exit.obj (.cinit)
                  1080a3fc    00000004     --HOLE-- [fill = 0]
                  1080a400    0000001c     can_rx_test.obj (.cinit)
                  1080a41c    00000004     --HOLE-- [fill = 0]
                  1080a420    0000001c     rts64plus.lib : _lock.obj (.cinit)
                  1080a43c    00000004     --HOLE-- [fill = 0]
                  1080a440    0000000c     evmdm6437bsl.lib : evmdm6437_psc.obj (.cinit)
                  1080a44c    00000004     --HOLE-- [fill = 0]
                  1080a450    0000000c     rts64plus.lib : fopen.obj (.cinit)
                  1080a45c    00000004     --HOLE-- [fill = 0]
                  1080a460    0000000c     evmdm6437bsl.lib : evmdm6437_i2c.obj (.cinit)
                  1080a46c    00000008     --HOLE-- [fill = 0]

.const     0    1080a478    0000018b     
                  1080a478    00000101     rts64plus.lib : ctype.obj (.const)
                  1080a579    00000002                   : fputs.obj (.const)
                  1080a57b    00000001     --HOLE-- [fill = 0]
                  1080a57c    00000064     main.obj (.const)
                  1080a5e0    00000023     rts64plus.lib : _printfi.obj (.const)

.cio       0    1080a608    00000120     UNINITIALIZED
                  1080a608    00000120     rts64plus.lib : trgmsg.obj (.cio)

.switch    0    1080a728    00000030     
                  1080a728    00000020     evmdm6437bsl.lib : evmdm6437.obj (.switch)
                  1080a748    00000010     rts64plus.lib : frcdivd.obj (.switch)

.bss       0    1080a758    00000024     UNINITIALIZED
                  1080a758    00000010     evmdm6437bsl.lib : evmdm6437_flash_id.obj (.bss)
                  1080a768    0000000c     can_rx_test.obj (.bss)
                  1080a774    00000004     evmdm6437bsl.lib : evmdm6437_psc.obj (.bss)
                  1080a778    00000004                      : evmdm6437_i2c.obj (.bss)


GLOBAL SYMBOLS: SORTED ALPHABETICALLY BY Name 

address    name
--------   ----
1080a758   $bss
1080a758   .bss
10800000   .data
10800000   .text
10807d80   C$$EXIT
10807428   C$$IO$$
10805080   _EVMDM6437_DDR_init
10801eb8   _EVMDM6437_FLASH_getTotalPages
108057c0   _EVMDM6437_FLASH_init
108047c4   _EVMDM6437_GPIO_getInput
10804680   _EVMDM6437_GPIO_init
10804694   _EVMDM6437_GPIO_setDir
10804734   _EVMDM6437_GPIO_setOutput
10804640   _EVMDM6437_I2C_GPIO_checkIntr
108045b4   _EVMDM6437_I2C_GPIO_getInput
108044b8   _EVMDM6437_I2C_GPIO_getall
108044a0   _EVMDM6437_I2C_GPIO_init
10804504   _EVMDM6437_I2C_GPIO_setOutput
108044e0   _EVMDM6437_I2C_GPIO_setall
10804608   _EVMDM6437_I2C_GPIO_setupIntr
10804650   _EVMDM6437_I2C_GPIO_waitForIntr
10803400   _EVMDM6437_I2C_close
108033c0   _EVMDM6437_I2C_init
10803520   _EVMDM6437_I2C_read
10803414   _EVMDM6437_I2C_reset
10803428   _EVMDM6437_I2C_write
10803ec0   _EVMDM6437_LED_init
10803f60   _EVMDM6437_LED_off
10803ed0   _EVMDM6437_LED_on
10803fec   _EVMDM6437_LED_toggle
10803910   _EVMDM6437_PSC_changeState
10803860   _EVMDM6437_PSC_enableAll
108007a0   _EVMDM6437_enablePll1
108009b0   _EVMDM6437_enablePll2
10801420   _EVMDM6437_init
108013c0   _EVMDM6437_startupGEL
10807800   _HOSTclose
108067e0   _HOSTlseek
10805d80   _HOSTopen
10806ee0   _HOSTread
10804a00   _HOSTrename
10806d60   _HOSTunlink
108069a0   _HOSTwrite
10806620   _TEST_execute
1080a608   __CIOBUF_
10801da0   __FLASH_getId
10801ea4   __FLASH_getMfg
10801ff8   __FLASH_getPageLength
10802004   __FLASH_nextPage
1080580c   __FLASH_waitWhileErasing
10805878   __FLASH_waitWhileProgramming
00001000   __STACK_SIZE
00001000   __SYSMEM_SIZE
ffffffff   ___binit__
1080a758   ___bss__
ffffffff   ___c_args__
1080a248   ___cinit__
10800000   ___data__
10800000   ___edata__
1080a77c   ___end__
10807e40   ___etext__
ffffffff   ___pinit__
10800000   ___text__
10805500   __addd
10807c80   __args_main
10806700   __auto_init
10807060   __cleanup
1080a200   __cleanup_ptr
108014c0   __clrPinMux
10807aa0   __cmpd
1080a478   __ctypes_
10804840   __divd
10807760   __divli
10806b20   __divu
10804d40   __divul
10803620   __divull
10807300   __doflush
1080a204   __dtors_ptr
10807a20   __fixdi
108076c0   __fixdli
10807580   __fltlid
10803cc0   __frcaddd
10803160   __frcdivd
10806180   __frcmpyd
10809fd0   __ft_end
10809e40   __ftable
108079a0   __llshl
10807d40   __llshru
1080a23c   __lock
10804ee0   __mpyd
10807d00   __negd
10807de0   __negll
10807e20   __nop
10801740   __printfi
10807cc0   __remli
10801504   __resetEMIF
10801478   __setPinMux
10801604   __setupEMIF
10801440   __setupPinMux
10807e40   __stack
10807be0   __subcull
10807c40   __subd
10808e40   __sys_memory
10809f30   __tmpnams
1080a240   __unlock
108016ec   __wait
10801720   __waitusec
10805f80   __wrt_ok
10807d80   _abort
10806280   _atoi
10807b80   _c_int00
108005ac   _can_rx
108004ac   _can_rx_setup
10800000   _can_setup
10800028   _can_start
10800720   _can_test
10800364   _can_tx
1080028c   _can_tx_setup
10806540   _close
10805c80   _exit
10805a40   _fclose
10805900   _fputc
108020a0   _fputs
10802ee0   _free
10806380   _fseek
1080a768   _hecc
1080a778   _i2c_timeout
10806fa0   _lseek
10806a60   _ltoa
108066bc   _main
10805220   _malloc
10807b20   _memccpy
108071c0   _memcpy
10806460   _memset
10807920   _printf
10805900   _putc
10807440   _readmsg
10807dc0   _remove
108074e0   _renormd
10804ba0   _setvbuf
1080a76c   _tx_msg_idreg
1080a770   _tx_msg_mcfreg
108078a0   _unlink
10806e20   _write
108073a0   _writemsg
ffffffff   binit
1080a248   cinit
10800000   edata
1080a77c   end
10807e40   etext
ffffffff   pinit


GLOBAL SYMBOLS: SORTED BY Symbol Address 

address    name
--------   ----
00001000   __SYSMEM_SIZE
00001000   __STACK_SIZE
10800000   ___data__
10800000   _can_setup
10800000   ___edata__
10800000   .data
10800000   edata
10800000   ___text__
10800000   .text
10800028   _can_start
1080028c   _can_tx_setup
10800364   _can_tx
108004ac   _can_rx_setup
108005ac   _can_rx
10800720   _can_test
108007a0   _EVMDM6437_enablePll1
108009b0   _EVMDM6437_enablePll2
108013c0   _EVMDM6437_startupGEL
10801420   _EVMDM6437_init
10801440   __setupPinMux
10801478   __setPinMux
108014c0   __clrPinMux
10801504   __resetEMIF
10801604   __setupEMIF
108016ec   __wait
10801720   __waitusec
10801740   __printfi
10801da0   __FLASH_getId
10801ea4   __FLASH_getMfg
10801eb8   _EVMDM6437_FLASH_getTotalPages
10801ff8   __FLASH_getPageLength
10802004   __FLASH_nextPage
108020a0   _fputs
10802ee0   _free
10803160   __frcdivd
108033c0   _EVMDM6437_I2C_init
10803400   _EVMDM6437_I2C_close
10803414   _EVMDM6437_I2C_reset
10803428   _EVMDM6437_I2C_write
10803520   _EVMDM6437_I2C_read
10803620   __divull
10803860   _EVMDM6437_PSC_enableAll
10803910   _EVMDM6437_PSC_changeState
10803cc0   __frcaddd
10803ec0   _EVMDM6437_LED_init
10803ed0   _EVMDM6437_LED_on
10803f60   _EVMDM6437_LED_off
10803fec   _EVMDM6437_LED_toggle
108044a0   _EVMDM6437_I2C_GPIO_init
108044b8   _EVMDM6437_I2C_GPIO_getall
108044e0   _EVMDM6437_I2C_GPIO_setall
10804504   _EVMDM6437_I2C_GPIO_setOutput
108045b4   _EVMDM6437_I2C_GPIO_getInput
10804608   _EVMDM6437_I2C_GPIO_setupIntr
10804640   _EVMDM6437_I2C_GPIO_checkIntr
10804650   _EVMDM6437_I2C_GPIO_waitForIntr
10804680   _EVMDM6437_GPIO_init
10804694   _EVMDM6437_GPIO_setDir
10804734   _EVMDM6437_GPIO_setOutput
108047c4   _EVMDM6437_GPIO_getInput
10804840   __divd
10804a00   _HOSTrename
10804ba0   _setvbuf
10804d40   __divul
10804ee0   __mpyd
10805080   _EVMDM6437_DDR_init
10805220   _malloc
10805500   __addd
108057c0   _EVMDM6437_FLASH_init
1080580c   __FLASH_waitWhileErasing
10805878   __FLASH_waitWhileProgramming
10805900   _fputc
10805900   _putc
10805a40   _fclose
10805c80   _exit
10805d80   _HOSTopen
10805f80   __wrt_ok
10806180   __frcmpyd
10806280   _atoi
10806380   _fseek
10806460   _memset
10806540   _close
10806620   _TEST_execute
108066bc   _main
10806700   __auto_init
108067e0   _HOSTlseek
108069a0   _HOSTwrite
10806a60   _ltoa
10806b20   __divu
10806d60   _HOSTunlink
10806e20   _write
10806ee0   _HOSTread
10806fa0   _lseek
10807060   __cleanup
108071c0   _memcpy
10807300   __doflush
108073a0   _writemsg
10807428   C$$IO$$
10807440   _readmsg
108074e0   _renormd
10807580   __fltlid
108076c0   __fixdli
10807760   __divli
10807800   _HOSTclose
108078a0   _unlink
10807920   _printf
108079a0   __llshl
10807a20   __fixdi
10807aa0   __cmpd
10807b20   _memccpy
10807b80   _c_int00
10807be0   __subcull
10807c40   __subd
10807c80   __args_main
10807cc0   __remli
10807d00   __negd
10807d40   __llshru
10807d80   C$$EXIT
10807d80   _abort
10807dc0   _remove
10807de0   __negll
10807e20   __nop
10807e40   ___etext__
10807e40   etext
10807e40   __stack
10808e40   __sys_memory
10809e40   __ftable
10809f30   __tmpnams
10809fd0   __ft_end
1080a200   __cleanup_ptr
1080a204   __dtors_ptr
1080a23c   __lock
1080a240   __unlock
1080a248   cinit
1080a248   ___cinit__
1080a478   __ctypes_
1080a608   __CIOBUF_
1080a758   ___bss__
1080a758   $bss
1080a758   .bss
1080a768   _hecc
1080a76c   _tx_msg_idreg
1080a770   _tx_msg_mcfreg
1080a778   _i2c_timeout
1080a77c   ___end__
1080a77c   end
ffffffff   ___pinit__
ffffffff   pinit
ffffffff   ___c_args__
ffffffff   ___binit__
ffffffff   binit

[151 symbols]
