******************************************************************************
          TMS320C6x COFF Linker PC v6.0.1                      
******************************************************************************
>> Linked Mon Sep 17 13:31:19 2007

OUTPUT FILE NAME:   <./Debug/can_tx.out>
ENTRY POINT SYMBOL: "_c_int00"  address: 10807bc0


MEMORY CONFIGURATION

         name            origin    length      used     unused   attr    fill
----------------------  --------  ---------  --------  --------  ----  --------
  L2RAM                 10800000   00020000  0000a7af  00015851  RWIX
  DDR2                  80000000   10000000  00000000  10000000  RWIX


SECTION ALLOCATION MAP

 output                                  attributes/
section   page    origin      length       input sections
--------  ----  ----------  ----------   ----------------
.ddr2      0    80000000    00000000     UNINITIALIZED

.data      0    10800000    00000000     UNINITIALIZED

.text      0    10800000    00007e80     
                  10800000    000007e0     can_tx_test.obj (.text)
                  108007e0    00000480     evmdm6437bsl.lib : evmdm6437_pll.obj (.text)
                  10800c60    00000420     rts64plus.lib : _printfi.obj (.text:__setfield)
                  10801080    00000380                   : _printfi.obj (.text:__getarg_diouxp)
                  10801400    00000380     evmdm6437bsl.lib : evmdm6437.obj (.text)
                  10801780    00000360     rts64plus.lib : _printfi.obj (.text:__printfi)
                  10801ae0    00000300                   : _printfi.obj (.text:_ecvt)
                  10801de0    00000300     evmdm6437bsl.lib : evmdm6437_flash_id.obj (.text)
                  108020e0    00000300     rts64plus.lib : fputs.obj (.text:_fputs)
                  108023e0    000002e0                   : _printfi.obj (.text:__pproc_fwp)
                  108026c0    000002e0                   : _printfi.obj (.text:__fcpy)
                  108029a0    000002e0                   : _printfi.obj (.text:_fcvt)
                  10802c80    000002a0                   : _printfi.obj (.text:__pconv_e)
                  10802f20    00000280                   : memory.obj (.text:_free)
                  108031a0    00000260                   : frcdivd.obj (.text:__frcdivd)
                  10803400    00000260     evmdm6437bsl.lib : evmdm6437_i2c.obj (.text)
                  10803660    00000240     rts64plus.lib : imath64.obj (.text:__divull)
                  108038a0    00000240     evmdm6437bsl.lib : evmdm6437_psc.obj (.text)
                  10803ae0    00000220     rts64plus.lib : _printfi.obj (.text:__pproc_str)
                  10803d00    00000200                   : frcaddd.obj (.text:__frcaddd)
                  10803f00    00000200     evmdm6437bsl.lib : evmdm6437_led.obj (.text)
                  10804100    00000200     rts64plus.lib : _printfi.obj (.text:__pproc_diouxp)
                  10804300    000001e0                   : _printfi.obj (.text:__mcpy)
                  108044e0    000001e0     evmdm6437bsl.lib : evmdm6437_i2c_gpio.obj (.text)
                  108046c0    000001c0                      : evmdm6437_gpio.obj (.text)
                  10804880    000001c0     rts64plus.lib : divd.obj (.text:__divd)
                  10804a40    000001a0                   : trgdrv.obj (.text:_HOSTrename)
                  10804be0    000001a0                   : setvbuf.obj (.text:_setvbuf)
                  10804d80    000001a0                   : imath40.obj (.text:__divul)
                  10804f20    000001a0                   : mpyd.obj (.text:__mpyd)
                  108050c0    000001a0     evmdm6437bsl.lib : evmdm6437_ddr.obj (.text)
                  10805260    00000180     rts64plus.lib : memory.obj (.text:_malloc)
                  108053e0    00000160                   : _printfi.obj (.text:__pproc_fge)
                  10805540    00000160                   : addd.obj (.text:__addd)
                  108056a0    00000160                   : _printfi.obj (.text:__pconv_g)
                  10805800    00000140     evmdm6437bsl.lib : evmdm6437_flash.obj (.text)
                  10805940    00000140     rts64plus.lib : fputc.obj (.text:_fputc)
                  10805a80    00000120                   : fclose.obj (.text:_fclose)
                  10805ba0    00000120                   : _printfi.obj (.text:__pproc_fflags)
                  10805cc0    00000100                   : exit.obj (.text:_exit)
                  10805dc0    00000100                   : trgdrv.obj (.text:_HOSTopen)
                  10805ec0    00000100                   : _printfi.obj (.text:__ltostr)
                  10805fc0    00000100                   : _io_perm.obj (.text:__wrt_ok)
                  108060c0    00000100                   : lowlev.obj (.text:_getdevice)
                  108061c0    00000100                   : frcmpyd.obj (.text:__frcmpyd)
                  108062c0    00000100                   : atoi.obj (.text:_atoi)
                  108063c0    000000e0                   : fseek.obj (.text:_fseek)
                  108064a0    000000e0                   : memset.obj (.text:_memset)
                  10806580    000000e0                   : lowlev.obj (.text:_close)
                  10806660    000000e0     main.obj (.text)
                  10806740    000000e0     rts64plus.lib : autoinit.obj (.text:__auto_init)
                  10806820    000000e0                   : trgdrv.obj (.text:_HOSTlseek)
                  10806900    000000e0                   : _printfi.obj (.text:__div)
                  108069e0    000000c0                   : trgdrv.obj (.text:_HOSTwrite)
                  10806aa0    000000c0                   : ltoa.obj (.text:_ltoa)
                  10806b60    000000c0                   : divu.obj (.text:__divu)
                  10806c20    000000c0                   : _printfi.obj (.text:__pconv_f)
                  10806ce0    000000c0                   : _printfi.obj (.text:__ecpy)
                  10806da0    000000c0                   : trgdrv.obj (.text:_HOSTunlink)
                  10806e60    000000c0                   : lowlev.obj (.text:_write)
                  10806f20    000000c0                   : trgdrv.obj (.text:_HOSTread)
                  10806fe0    000000c0                   : lowlev.obj (.text:_lseek)
                  108070a0    000000c0                   : fopen.obj (.text:__cleanup)
                  10807160    000000a0                   : memory.obj (.text:_mremove)
                  10807200    000000a0                   : memcpy64.obj (.text:_memcpy)
                  108072a0    000000a0                   : lowlev.obj (.text:_finddevice)
                  10807340    000000a0                   : fflush.obj (.text:__doflush)
                  108073e0    000000a0                   : trgmsg.obj (.text:_writemsg)
                  10807480    000000a0                   : trgmsg.obj (.text:_readmsg)
                  10807520    000000a0                   : renormd.obj (.text:_renormd)
                  108075c0    000000a0                   : fltlid.obj (.text:__fltlid)
                  10807660    000000a0                   : memory.obj (.text:_minsert)
                  10807700    000000a0                   : fixdli.obj (.text:__fixdli)
                  108077a0    000000a0                   : imath40.obj (.text:__divli)
                  10807840    000000a0                   : trgdrv.obj (.text:_HOSTclose)
                  108078e0    00000080                   : lowlev.obj (.text:_unlink)
                  10807960    00000080                   : printf.obj (.text:_printf)
                  108079e0    00000080                   : llshift.obj (.text:__llshl)
                  10807a60    00000080                   : fixdi.obj (.text:__fixdi)
                  10807ae0    00000080                   : cmpd.obj (.text:__cmpd)
                  10807b60    00000060                   : memccpy.obj (.text:_memccpy)
                  10807bc0    00000060                   : boot.obj (.text:_c_int00)
                  10807c20    00000060                   : imath64.obj (.text:__subcull)
                  10807c80    00000040                   : subd.obj (.text:__subd)
                  10807cc0    00000040                   : args_main.obj (.text:__args_main)
                  10807d00    00000040                   : imath40.obj (.text:__remli)
                  10807d40    00000040                   : negd.obj (.text:__negd)
                  10807d80    00000040                   : llshift.obj (.text:__llshru)
                  10807dc0    00000020                   : exit.obj (.text:_abort)
                  10807de0    00000020                   : printf.obj (.text:__outs)
                  10807e00    00000020                   : remove.obj (.text:_remove)
                  10807e20    00000020                   : negll.obj (.text:__negll)
                  10807e40    00000020                   : printf.obj (.text:__outc)
                  10807e60    00000020                   : _lock.obj (.text:__nop)

.stack     0    10807e80    00001000     UNINITIALIZED
                  10807e80    00000008     rts64plus.lib : boot.obj (.stack)

.sysmem    0    10808e80    00001000     UNINITIALIZED
                  10808e80    00000008     rts64plus.lib : memory.obj (.sysmem)

.far       0    10809e80    00000404     UNINITIALIZED
                  10809e80    00000194     rts64plus.lib : defs.obj (.far)
                  1080a014    00000004     can_tx_test.obj (.far)
                  1080a018    000000d0     rts64plus.lib : trgdrv.obj (.far)
                  1080a0e8    000000cc                   : lowlev.obj (.far)
                  1080a1b4    00000004                   : fopen.obj (.far)
                  1080a1b8    00000090                   : exit.obj (.far)
                  1080a248    00000020     evmdm6437bsl.lib : evmdm6437_gpio.obj (.far)
                  1080a268    0000000c                      : evmdm6437_flash_id.obj (.far)
                  1080a274    00000008     rts64plus.lib : memory.obj (.far)
                  1080a27c    00000008                   : _lock.obj (.far)

.cinit     0    1080a288    0000022c     
                  1080a288    0000005c     rts64plus.lib : defs.obj (.cinit)
                  1080a2e4    00000004     --HOLE-- [fill = 0]
                  1080a2e8    0000005c                   : lowlev.obj (.cinit)
                  1080a344    00000004     --HOLE-- [fill = 0]
                  1080a348    00000058     evmdm6437bsl.lib : evmdm6437_gpio.obj (.cinit)
                  1080a3a0    0000003c                      : evmdm6437_flash_id.obj (.cinit)
                  1080a3dc    00000004     --HOLE-- [fill = 0]
                  1080a3e0    0000002c     rts64plus.lib : memory.obj (.cinit)
                  1080a40c    00000004     --HOLE-- [fill = 0]
                  1080a410    0000002c                   : exit.obj (.cinit)
                  1080a43c    00000004     --HOLE-- [fill = 0]
                  1080a440    0000001c     can_tx_test.obj (.cinit)
                  1080a45c    00000004     --HOLE-- [fill = 0]
                  1080a460    0000001c     rts64plus.lib : _lock.obj (.cinit)
                  1080a47c    00000004     --HOLE-- [fill = 0]
                  1080a480    0000000c     evmdm6437bsl.lib : evmdm6437_psc.obj (.cinit)
                  1080a48c    00000004     --HOLE-- [fill = 0]
                  1080a490    0000000c     rts64plus.lib : fopen.obj (.cinit)
                  1080a49c    00000004     --HOLE-- [fill = 0]
                  1080a4a0    0000000c     evmdm6437bsl.lib : evmdm6437_i2c.obj (.cinit)
                  1080a4ac    00000008     --HOLE-- [fill = 0]

.const     0    1080a4b8    0000018b     
                  1080a4b8    00000101     rts64plus.lib : ctype.obj (.const)
                  1080a5b9    00000002                   : fputs.obj (.const)
                  1080a5bb    00000001     --HOLE-- [fill = 0]
                  1080a5bc    00000064     main.obj (.const)
                  1080a620    00000023     rts64plus.lib : _printfi.obj (.const)

.cio       0    1080a648    00000120     UNINITIALIZED
                  1080a648    00000120     rts64plus.lib : trgmsg.obj (.cio)

.switch    0    1080a768    00000030     
                  1080a768    00000020     evmdm6437bsl.lib : evmdm6437.obj (.switch)
                  1080a788    00000010     rts64plus.lib : frcdivd.obj (.switch)

.bss       0    1080a798    00000024     UNINITIALIZED
                  1080a798    00000010     evmdm6437bsl.lib : evmdm6437_flash_id.obj (.bss)
                  1080a7a8    0000000c     can_tx_test.obj (.bss)
                  1080a7b4    00000004     evmdm6437bsl.lib : evmdm6437_psc.obj (.bss)
                  1080a7b8    00000004                      : evmdm6437_i2c.obj (.bss)


GLOBAL SYMBOLS: SORTED ALPHABETICALLY BY Name 

address    name
--------   ----
1080a798   $bss
1080a798   .bss
10800000   .data
10800000   .text
10807dc0   C$$EXIT
10807468   C$$IO$$
108050c0   _EVMDM6437_DDR_init
10801ef8   _EVMDM6437_FLASH_getTotalPages
10805800   _EVMDM6437_FLASH_init
10804804   _EVMDM6437_GPIO_getInput
108046c0   _EVMDM6437_GPIO_init
108046d4   _EVMDM6437_GPIO_setDir
10804774   _EVMDM6437_GPIO_setOutput
10804680   _EVMDM6437_I2C_GPIO_checkIntr
108045f4   _EVMDM6437_I2C_GPIO_getInput
108044f8   _EVMDM6437_I2C_GPIO_getall
108044e0   _EVMDM6437_I2C_GPIO_init
10804544   _EVMDM6437_I2C_GPIO_setOutput
10804520   _EVMDM6437_I2C_GPIO_setall
10804648   _EVMDM6437_I2C_GPIO_setupIntr
10804690   _EVMDM6437_I2C_GPIO_waitForIntr
10803440   _EVMDM6437_I2C_close
10803400   _EVMDM6437_I2C_init
10803560   _EVMDM6437_I2C_read
10803454   _EVMDM6437_I2C_reset
10803468   _EVMDM6437_I2C_write
10803f00   _EVMDM6437_LED_init
10803fa0   _EVMDM6437_LED_off
10803f10   _EVMDM6437_LED_on
1080402c   _EVMDM6437_LED_toggle
10803950   _EVMDM6437_PSC_changeState
108038a0   _EVMDM6437_PSC_enableAll
108007e0   _EVMDM6437_enablePll1
108009f0   _EVMDM6437_enablePll2
10801460   _EVMDM6437_init
10801400   _EVMDM6437_startupGEL
10807840   _HOSTclose
10806820   _HOSTlseek
10805dc0   _HOSTopen
10806f20   _HOSTread
10804a40   _HOSTrename
10806da0   _HOSTunlink
108069e0   _HOSTwrite
10806660   _TEST_execute
1080a648   __CIOBUF_
10801de0   __FLASH_getId
10801ee4   __FLASH_getMfg
10802038   __FLASH_getPageLength
10802044   __FLASH_nextPage
1080584c   __FLASH_waitWhileErasing
108058b8   __FLASH_waitWhileProgramming
00001000   __STACK_SIZE
00001000   __SYSMEM_SIZE
ffffffff   ___binit__
1080a798   ___bss__
ffffffff   ___c_args__
1080a288   ___cinit__
10800000   ___data__
10800000   ___edata__
1080a7bc   ___end__
10807e80   ___etext__
ffffffff   ___pinit__
10800000   ___text__
10805540   __addd
10807cc0   __args_main
10806740   __auto_init
108070a0   __cleanup
1080a240   __cleanup_ptr
10801500   __clrPinMux
10807ae0   __cmpd
1080a4b8   __ctypes_
10804880   __divd
108077a0   __divli
10806b60   __divu
10804d80   __divul
10803660   __divull
10807340   __doflush
1080a244   __dtors_ptr
10807a60   __fixdi
10807700   __fixdli
108075c0   __fltlid
10803d00   __frcaddd
108031a0   __frcdivd
108061c0   __frcmpyd
1080a010   __ft_end
10809e80   __ftable
108079e0   __llshl
10807d80   __llshru
1080a27c   __lock
10804f20   __mpyd
10807d40   __negd
10807e20   __negll
10807e60   __nop
10801780   __printfi
10807d00   __remli
10801544   __resetEMIF
108014b8   __setPinMux
10801644   __setupEMIF
10801480   __setupPinMux
10807e80   __stack
10807c20   __subcull
10807c80   __subd
10808e80   __sys_memory
10809f70   __tmpnams
1080a280   __unlock
1080172c   __wait
10801760   __waitusec
10805fc0   __wrt_ok
10807dc0   _abort
108062c0   _atoi
10807bc0   _c_int00
108005ac   _can_rx
108004ac   _can_rx_setup
10800000   _can_setup
10800028   _can_start
108006e8   _can_test
10800364   _can_tx
1080028c   _can_tx_setup
10806580   _close
10805cc0   _exit
10805a80   _fclose
10805940   _fputc
108020e0   _fputs
10802f20   _free
108063c0   _fseek
1080a7a8   _hecc
1080a7b8   _i2c_timeout
10806fe0   _lseek
10806aa0   _ltoa
108066fc   _main
10805260   _malloc
10807b60   _memccpy
10807200   _memcpy
108064a0   _memset
10807960   _printf
10805940   _putc
10807480   _readmsg
10807e00   _remove
10807520   _renormd
10804be0   _setvbuf
1080a7ac   _tx_msg_idreg
1080a7b0   _tx_msg_mcfreg
108078e0   _unlink
10806e60   _write
108073e0   _writemsg
ffffffff   binit
1080a288   cinit
10800000   edata
1080a7bc   end
10807e80   etext
ffffffff   pinit


GLOBAL SYMBOLS: SORTED BY Symbol Address 

address    name
--------   ----
00001000   __SYSMEM_SIZE
00001000   __STACK_SIZE
10800000   ___data__
10800000   _can_setup
10800000   ___edata__
10800000   .data
10800000   edata
10800000   ___text__
10800000   .text
10800028   _can_start
1080028c   _can_tx_setup
10800364   _can_tx
108004ac   _can_rx_setup
108005ac   _can_rx
108006e8   _can_test
108007e0   _EVMDM6437_enablePll1
108009f0   _EVMDM6437_enablePll2
10801400   _EVMDM6437_startupGEL
10801460   _EVMDM6437_init
10801480   __setupPinMux
108014b8   __setPinMux
10801500   __clrPinMux
10801544   __resetEMIF
10801644   __setupEMIF
1080172c   __wait
10801760   __waitusec
10801780   __printfi
10801de0   __FLASH_getId
10801ee4   __FLASH_getMfg
10801ef8   _EVMDM6437_FLASH_getTotalPages
10802038   __FLASH_getPageLength
10802044   __FLASH_nextPage
108020e0   _fputs
10802f20   _free
108031a0   __frcdivd
10803400   _EVMDM6437_I2C_init
10803440   _EVMDM6437_I2C_close
10803454   _EVMDM6437_I2C_reset
10803468   _EVMDM6437_I2C_write
10803560   _EVMDM6437_I2C_read
10803660   __divull
108038a0   _EVMDM6437_PSC_enableAll
10803950   _EVMDM6437_PSC_changeState
10803d00   __frcaddd
10803f00   _EVMDM6437_LED_init
10803f10   _EVMDM6437_LED_on
10803fa0   _EVMDM6437_LED_off
1080402c   _EVMDM6437_LED_toggle
108044e0   _EVMDM6437_I2C_GPIO_init
108044f8   _EVMDM6437_I2C_GPIO_getall
10804520   _EVMDM6437_I2C_GPIO_setall
10804544   _EVMDM6437_I2C_GPIO_setOutput
108045f4   _EVMDM6437_I2C_GPIO_getInput
10804648   _EVMDM6437_I2C_GPIO_setupIntr
10804680   _EVMDM6437_I2C_GPIO_checkIntr
10804690   _EVMDM6437_I2C_GPIO_waitForIntr
108046c0   _EVMDM6437_GPIO_init
108046d4   _EVMDM6437_GPIO_setDir
10804774   _EVMDM6437_GPIO_setOutput
10804804   _EVMDM6437_GPIO_getInput
10804880   __divd
10804a40   _HOSTrename
10804be0   _setvbuf
10804d80   __divul
10804f20   __mpyd
108050c0   _EVMDM6437_DDR_init
10805260   _malloc
10805540   __addd
10805800   _EVMDM6437_FLASH_init
1080584c   __FLASH_waitWhileErasing
108058b8   __FLASH_waitWhileProgramming
10805940   _fputc
10805940   _putc
10805a80   _fclose
10805cc0   _exit
10805dc0   _HOSTopen
10805fc0   __wrt_ok
108061c0   __frcmpyd
108062c0   _atoi
108063c0   _fseek
108064a0   _memset
10806580   _close
10806660   _TEST_execute
108066fc   _main
10806740   __auto_init
10806820   _HOSTlseek
108069e0   _HOSTwrite
10806aa0   _ltoa
10806b60   __divu
10806da0   _HOSTunlink
10806e60   _write
10806f20   _HOSTread
10806fe0   _lseek
108070a0   __cleanup
10807200   _memcpy
10807340   __doflush
108073e0   _writemsg
10807468   C$$IO$$
10807480   _readmsg
10807520   _renormd
108075c0   __fltlid
10807700   __fixdli
108077a0   __divli
10807840   _HOSTclose
108078e0   _unlink
10807960   _printf
108079e0   __llshl
10807a60   __fixdi
10807ae0   __cmpd
10807b60   _memccpy
10807bc0   _c_int00
10807c20   __subcull
10807c80   __subd
10807cc0   __args_main
10807d00   __remli
10807d40   __negd
10807d80   __llshru
10807dc0   C$$EXIT
10807dc0   _abort
10807e00   _remove
10807e20   __negll
10807e60   __nop
10807e80   ___etext__
10807e80   etext
10807e80   __stack
10808e80   __sys_memory
10809e80   __ftable
10809f70   __tmpnams
1080a010   __ft_end
1080a240   __cleanup_ptr
1080a244   __dtors_ptr
1080a27c   __lock
1080a280   __unlock
1080a288   cinit
1080a288   ___cinit__
1080a4b8   __ctypes_
1080a648   __CIOBUF_
1080a798   ___bss__
1080a798   $bss
1080a798   .bss
1080a7a8   _hecc
1080a7ac   _tx_msg_idreg
1080a7b0   _tx_msg_mcfreg
1080a7b8   _i2c_timeout
1080a7bc   ___end__
1080a7bc   end
ffffffff   ___pinit__
ffffffff   pinit
ffffffff   ___c_args__
ffffffff   ___binit__
ffffffff   binit

[151 symbols]
