<?xml version="1.0"?>
<link_info>
   <banner>TMS320C6x Linker PC v7.4.4</banner>
   <copyright>Copyright (c) 1996-2013 Texas Instruments Incorporated</copyright>
   <link_time>0x56685d5e</link_time>
   <output_file>aic33_mcasp.out</output_file>
   <entry_point>
      <name>_c_int00</name>
      <address>0x108096c0</address>
   </entry_point>
   <input_file_list>
      <input_file id="fl-2">
         <path>.\</path>
         <kind>object</kind>
         <file>main.obj</file>
         <name>main.obj</name>
      </input_file>
      <input_file id="fl-3">
         <path>.\</path>
         <kind>object</kind>
         <file>aic33_tone_lineout.obj</file>
         <name>aic33_tone_lineout.obj</name>
      </input_file>
      <input_file id="fl-4">
         <path>.\</path>
         <kind>object</kind>
         <file>aic33_tone_headphone.obj</file>
         <name>aic33_tone_headphone.obj</name>
      </input_file>
      <input_file id="fl-5">
         <path>.\</path>
         <kind>object</kind>
         <file>aic33_test.obj</file>
         <name>aic33_test.obj</name>
      </input_file>
      <input_file id="fl-6">
         <path>.\</path>
         <kind>object</kind>
         <file>aic33_loop_micin.obj</file>
         <name>aic33_loop_micin.obj</name>
      </input_file>
      <input_file id="fl-7">
         <path>.\</path>
         <kind>object</kind>
         <file>aic33_loop_linein.obj</file>
         <name>aic33_loop_linein.obj</name>
      </input_file>
      <input_file id="fl-d">
         <path>C:\Users\2016alakmaza\lib\</path>
         <kind>archive</kind>
         <file>evmdm6437bsl.lib</file>
         <name>evmdm6437.obj</name>
      </input_file>
      <input_file id="fl-e">
         <path>C:\Users\2016alakmaza\lib\</path>
         <kind>archive</kind>
         <file>evmdm6437bsl.lib</file>
         <name>evmdm6437_aic33_closecodec.obj</name>
      </input_file>
      <input_file id="fl-f">
         <path>C:\Users\2016alakmaza\lib\</path>
         <kind>archive</kind>
         <file>evmdm6437bsl.lib</file>
         <name>evmdm6437_aic33_opencodec.obj</name>
      </input_file>
      <input_file id="fl-10">
         <path>C:\Users\2016alakmaza\lib\</path>
         <kind>archive</kind>
         <file>evmdm6437bsl.lib</file>
         <name>evmdm6437_aic33_read32.obj</name>
      </input_file>
      <input_file id="fl-11">
         <path>C:\Users\2016alakmaza\lib\</path>
         <kind>archive</kind>
         <file>evmdm6437bsl.lib</file>
         <name>evmdm6437_aic33_registers.obj</name>
      </input_file>
      <input_file id="fl-12">
         <path>C:\Users\2016alakmaza\lib\</path>
         <kind>archive</kind>
         <file>evmdm6437bsl.lib</file>
         <name>evmdm6437_aic33_write16.obj</name>
      </input_file>
      <input_file id="fl-13">
         <path>C:\Users\2016alakmaza\lib\</path>
         <kind>archive</kind>
         <file>evmdm6437bsl.lib</file>
         <name>evmdm6437_aic33_write32.obj</name>
      </input_file>
      <input_file id="fl-14">
         <path>C:\Users\2016alakmaza\lib\</path>
         <kind>archive</kind>
         <file>evmdm6437bsl.lib</file>
         <name>evmdm6437_ddr.obj</name>
      </input_file>
      <input_file id="fl-15">
         <path>C:\Users\2016alakmaza\lib\</path>
         <kind>archive</kind>
         <file>evmdm6437bsl.lib</file>
         <name>evmdm6437_flash.obj</name>
      </input_file>
      <input_file id="fl-16">
         <path>C:\Users\2016alakmaza\lib\</path>
         <kind>archive</kind>
         <file>evmdm6437bsl.lib</file>
         <name>evmdm6437_flash_id.obj</name>
      </input_file>
      <input_file id="fl-17">
         <path>C:\Users\2016alakmaza\lib\</path>
         <kind>archive</kind>
         <file>evmdm6437bsl.lib</file>
         <name>evmdm6437_i2c.obj</name>
      </input_file>
      <input_file id="fl-18">
         <path>C:\Users\2016alakmaza\lib\</path>
         <kind>archive</kind>
         <file>evmdm6437bsl.lib</file>
         <name>evmdm6437_i2c_gpio.obj</name>
      </input_file>
      <input_file id="fl-19">
         <path>C:\Users\2016alakmaza\lib\</path>
         <kind>archive</kind>
         <file>evmdm6437bsl.lib</file>
         <name>evmdm6437_mcasp.obj</name>
      </input_file>
      <input_file id="fl-1a">
         <path>C:\Users\2016alakmaza\lib\</path>
         <kind>archive</kind>
         <file>evmdm6437bsl.lib</file>
         <name>evmdm6437_pll.obj</name>
      </input_file>
      <input_file id="fl-1b">
         <path>C:\Users\2016alakmaza\lib\</path>
         <kind>archive</kind>
         <file>evmdm6437bsl.lib</file>
         <name>evmdm6437_psc.obj</name>
      </input_file>
      <input_file id="fl-1c">
         <path>C:\Users\2016alakmaza\lib\</path>
         <kind>archive</kind>
         <file>evmdm6437bsl.lib</file>
         <name>evmdm6437_gpio.obj</name>
      </input_file>
      <input_file id="fl-1d">
         <path>C:\ti\ccsv5\tools\compiler\c6000_7.4.4\lib\</path>
         <kind>archive</kind>
         <file>rts64plus.lib</file>
         <name>addd.obj</name>
      </input_file>
      <input_file id="fl-1e">
         <path>C:\ti\ccsv5\tools\compiler\c6000_7.4.4\lib\</path>
         <kind>archive</kind>
         <file>rts64plus.lib</file>
         <name>boot.obj</name>
      </input_file>
      <input_file id="fl-1f">
         <path>C:\ti\ccsv5\tools\compiler\c6000_7.4.4\lib\</path>
         <kind>archive</kind>
         <file>rts64plus.lib</file>
         <name>ceil.obj</name>
      </input_file>
      <input_file id="fl-20">
         <path>C:\ti\ccsv5\tools\compiler\c6000_7.4.4\lib\</path>
         <kind>archive</kind>
         <file>rts64plus.lib</file>
         <name>cmpd.obj</name>
      </input_file>
      <input_file id="fl-21">
         <path>C:\ti\ccsv5\tools\compiler\c6000_7.4.4\lib\</path>
         <kind>archive</kind>
         <file>rts64plus.lib</file>
         <name>divd.obj</name>
      </input_file>
      <input_file id="fl-22">
         <path>C:\ti\ccsv5\tools\compiler\c6000_7.4.4\lib\</path>
         <kind>archive</kind>
         <file>rts64plus.lib</file>
         <name>divu.obj</name>
      </input_file>
      <input_file id="fl-23">
         <path>C:\ti\ccsv5\tools\compiler\c6000_7.4.4\lib\</path>
         <kind>archive</kind>
         <file>rts64plus.lib</file>
         <name>exit.obj</name>
      </input_file>
      <input_file id="fl-24">
         <path>C:\ti\ccsv5\tools\compiler\c6000_7.4.4\lib\</path>
         <kind>archive</kind>
         <file>rts64plus.lib</file>
         <name>fixdi.obj</name>
      </input_file>
      <input_file id="fl-25">
         <path>C:\ti\ccsv5\tools\compiler\c6000_7.4.4\lib\</path>
         <kind>archive</kind>
         <file>rts64plus.lib</file>
         <name>floor.obj</name>
      </input_file>
      <input_file id="fl-26">
         <path>C:\ti\ccsv5\tools\compiler\c6000_7.4.4\lib\</path>
         <kind>archive</kind>
         <file>rts64plus.lib</file>
         <name>fmod.obj</name>
      </input_file>
      <input_file id="fl-27">
         <path>C:\ti\ccsv5\tools\compiler\c6000_7.4.4\lib\</path>
         <kind>archive</kind>
         <file>rts64plus.lib</file>
         <name>frcaddd.obj</name>
      </input_file>
      <input_file id="fl-28">
         <path>C:\ti\ccsv5\tools\compiler\c6000_7.4.4\lib\</path>
         <kind>archive</kind>
         <file>rts64plus.lib</file>
         <name>frcmpyd_div.obj</name>
      </input_file>
      <input_file id="fl-29">
         <path>C:\ti\ccsv5\tools\compiler\c6000_7.4.4\lib\</path>
         <kind>archive</kind>
         <file>rts64plus.lib</file>
         <name>frexp.obj</name>
      </input_file>
      <input_file id="fl-2a">
         <path>C:\ti\ccsv5\tools\compiler\c6000_7.4.4\lib\</path>
         <kind>archive</kind>
         <file>rts64plus.lib</file>
         <name>ldexp.obj</name>
      </input_file>
      <input_file id="fl-2b">
         <path>C:\ti\ccsv5\tools\compiler\c6000_7.4.4\lib\</path>
         <kind>archive</kind>
         <file>rts64plus.lib</file>
         <name>memcpy64.obj</name>
      </input_file>
      <input_file id="fl-2c">
         <path>C:\ti\ccsv5\tools\compiler\c6000_7.4.4\lib\</path>
         <kind>archive</kind>
         <file>rts64plus.lib</file>
         <name>modf.obj</name>
      </input_file>
      <input_file id="fl-2d">
         <path>C:\ti\ccsv5\tools\compiler\c6000_7.4.4\lib\</path>
         <kind>archive</kind>
         <file>rts64plus.lib</file>
         <name>mpyd.obj</name>
      </input_file>
      <input_file id="fl-2e">
         <path>C:\ti\ccsv5\tools\compiler\c6000_7.4.4\lib\</path>
         <kind>archive</kind>
         <file>rts64plus.lib</file>
         <name>printf.obj</name>
      </input_file>
      <input_file id="fl-2f">
         <path>C:\ti\ccsv5\tools\compiler\c6000_7.4.4\lib\</path>
         <kind>archive</kind>
         <file>rts64plus.lib</file>
         <name>renormd.obj</name>
      </input_file>
      <input_file id="fl-30">
         <path>C:\ti\ccsv5\tools\compiler\c6000_7.4.4\lib\</path>
         <kind>archive</kind>
         <file>rts64plus.lib</file>
         <name>round.obj</name>
      </input_file>
      <input_file id="fl-31">
         <path>C:\ti\ccsv5\tools\compiler\c6000_7.4.4\lib\</path>
         <kind>archive</kind>
         <file>rts64plus.lib</file>
         <name>subd.obj</name>
      </input_file>
      <input_file id="fl-32">
         <path>C:\ti\ccsv5\tools\compiler\c6000_7.4.4\lib\</path>
         <kind>archive</kind>
         <file>rts64plus.lib</file>
         <name>trunc.obj</name>
      </input_file>
      <input_file id="fl-33">
         <path>C:\ti\ccsv5\tools\compiler\c6000_7.4.4\lib\</path>
         <kind>archive</kind>
         <file>rts64plus.lib</file>
         <name>_lock.obj</name>
      </input_file>
      <input_file id="fl-34">
         <path>C:\ti\ccsv5\tools\compiler\c6000_7.4.4\lib\</path>
         <kind>archive</kind>
         <file>rts64plus.lib</file>
         <name>_printfi.obj</name>
      </input_file>
      <input_file id="fl-35">
         <path>C:\ti\ccsv5\tools\compiler\c6000_7.4.4\lib\</path>
         <kind>archive</kind>
         <file>rts64plus.lib</file>
         <name>args_main.obj</name>
      </input_file>
      <input_file id="fl-36">
         <path>C:\ti\ccsv5\tools\compiler\c6000_7.4.4\lib\</path>
         <kind>archive</kind>
         <file>rts64plus.lib</file>
         <name>atoi.obj</name>
      </input_file>
      <input_file id="fl-37">
         <path>C:\ti\ccsv5\tools\compiler\c6000_7.4.4\lib\</path>
         <kind>archive</kind>
         <file>rts64plus.lib</file>
         <name>autoinit.obj</name>
      </input_file>
      <input_file id="fl-38">
         <path>C:\ti\ccsv5\tools\compiler\c6000_7.4.4\lib\</path>
         <kind>archive</kind>
         <file>rts64plus.lib</file>
         <name>cpp_init.obj</name>
      </input_file>
      <input_file id="fl-39">
         <path>C:\ti\ccsv5\tools\compiler\c6000_7.4.4\lib\</path>
         <kind>archive</kind>
         <file>rts64plus.lib</file>
         <name>cpy_tbl.obj</name>
      </input_file>
      <input_file id="fl-3a">
         <path>C:\ti\ccsv5\tools\compiler\c6000_7.4.4\lib\</path>
         <kind>archive</kind>
         <file>rts64plus.lib</file>
         <name>ctype.obj</name>
      </input_file>
      <input_file id="fl-3b">
         <path>C:\ti\ccsv5\tools\compiler\c6000_7.4.4\lib\</path>
         <kind>archive</kind>
         <file>rts64plus.lib</file>
         <name>defs.obj</name>
      </input_file>
      <input_file id="fl-3c">
         <path>C:\ti\ccsv5\tools\compiler\c6000_7.4.4\lib\</path>
         <kind>archive</kind>
         <file>rts64plus.lib</file>
         <name>errno.obj</name>
      </input_file>
      <input_file id="fl-3d">
         <path>C:\ti\ccsv5\tools\compiler\c6000_7.4.4\lib\</path>
         <kind>archive</kind>
         <file>rts64plus.lib</file>
         <name>fixdli.obj</name>
      </input_file>
      <input_file id="fl-3e">
         <path>C:\ti\ccsv5\tools\compiler\c6000_7.4.4\lib\</path>
         <kind>archive</kind>
         <file>rts64plus.lib</file>
         <name>fltlid.obj</name>
      </input_file>
      <input_file id="fl-3f">
         <path>C:\ti\ccsv5\tools\compiler\c6000_7.4.4\lib\</path>
         <kind>archive</kind>
         <file>rts64plus.lib</file>
         <name>fputc.obj</name>
      </input_file>
      <input_file id="fl-40">
         <path>C:\ti\ccsv5\tools\compiler\c6000_7.4.4\lib\</path>
         <kind>archive</kind>
         <file>rts64plus.lib</file>
         <name>fputs.obj</name>
      </input_file>
      <input_file id="fl-41">
         <path>C:\ti\ccsv5\tools\compiler\c6000_7.4.4\lib\</path>
         <kind>archive</kind>
         <file>rts64plus.lib</file>
         <name>frcmpyd.obj</name>
      </input_file>
      <input_file id="fl-42">
         <path>C:\ti\ccsv5\tools\compiler\c6000_7.4.4\lib\</path>
         <kind>archive</kind>
         <file>rts64plus.lib</file>
         <name>imath40.obj</name>
      </input_file>
      <input_file id="fl-43">
         <path>C:\ti\ccsv5\tools\compiler\c6000_7.4.4\lib\</path>
         <kind>archive</kind>
         <file>rts64plus.lib</file>
         <name>imath64.obj</name>
      </input_file>
      <input_file id="fl-44">
         <path>C:\ti\ccsv5\tools\compiler\c6000_7.4.4\lib\</path>
         <kind>archive</kind>
         <file>rts64plus.lib</file>
         <name>isinf.obj</name>
      </input_file>
      <input_file id="fl-45">
         <path>C:\ti\ccsv5\tools\compiler\c6000_7.4.4\lib\</path>
         <kind>archive</kind>
         <file>rts64plus.lib</file>
         <name>llshift.obj</name>
      </input_file>
      <input_file id="fl-46">
         <path>C:\ti\ccsv5\tools\compiler\c6000_7.4.4\lib\</path>
         <kind>archive</kind>
         <file>rts64plus.lib</file>
         <name>lowlev.obj</name>
      </input_file>
      <input_file id="fl-47">
         <path>C:\ti\ccsv5\tools\compiler\c6000_7.4.4\lib\</path>
         <kind>archive</kind>
         <file>rts64plus.lib</file>
         <name>ltoa.obj</name>
      </input_file>
      <input_file id="fl-48">
         <path>C:\ti\ccsv5\tools\compiler\c6000_7.4.4\lib\</path>
         <kind>archive</kind>
         <file>rts64plus.lib</file>
         <name>memccpy.obj</name>
      </input_file>
      <input_file id="fl-49">
         <path>C:\ti\ccsv5\tools\compiler\c6000_7.4.4\lib\</path>
         <kind>archive</kind>
         <file>rts64plus.lib</file>
         <name>memset.obj</name>
      </input_file>
      <input_file id="fl-4a">
         <path>C:\ti\ccsv5\tools\compiler\c6000_7.4.4\lib\</path>
         <kind>archive</kind>
         <file>rts64plus.lib</file>
         <name>negd.obj</name>
      </input_file>
      <input_file id="fl-4b">
         <path>C:\ti\ccsv5\tools\compiler\c6000_7.4.4\lib\</path>
         <kind>archive</kind>
         <file>rts64plus.lib</file>
         <name>negll.obj</name>
      </input_file>
      <input_file id="fl-4c">
         <path>C:\ti\ccsv5\tools\compiler\c6000_7.4.4\lib\</path>
         <kind>archive</kind>
         <file>rts64plus.lib</file>
         <name>trgdrv.obj</name>
      </input_file>
      <input_file id="fl-4d">
         <path>C:\ti\ccsv5\tools\compiler\c6000_7.4.4\lib\</path>
         <kind>archive</kind>
         <file>rts64plus.lib</file>
         <name>trgmsg.obj</name>
      </input_file>
      <input_file id="fl-4e">
         <path>C:\ti\ccsv5\tools\compiler\c6000_7.4.4\lib\</path>
         <kind>archive</kind>
         <file>rts64plus.lib</file>
         <name>_io_perm.obj</name>
      </input_file>
      <input_file id="fl-4f">
         <path>C:\ti\ccsv5\tools\compiler\c6000_7.4.4\lib\</path>
         <kind>archive</kind>
         <file>rts64plus.lib</file>
         <name>abs.obj</name>
      </input_file>
      <input_file id="fl-50">
         <path>C:\ti\ccsv5\tools\compiler\c6000_7.4.4\lib\</path>
         <kind>archive</kind>
         <file>rts64plus.lib</file>
         <name>fflush.obj</name>
      </input_file>
      <input_file id="fl-51">
         <path>C:\ti\ccsv5\tools\compiler\c6000_7.4.4\lib\</path>
         <kind>archive</kind>
         <file>rts64plus.lib</file>
         <name>fseek.obj</name>
      </input_file>
      <input_file id="fl-52">
         <path>C:\ti\ccsv5\tools\compiler\c6000_7.4.4\lib\</path>
         <kind>archive</kind>
         <file>rts64plus.lib</file>
         <name>setvbuf.obj</name>
      </input_file>
      <input_file id="fl-53">
         <path>C:\ti\ccsv5\tools\compiler\c6000_7.4.4\lib\</path>
         <kind>archive</kind>
         <file>rts64plus.lib</file>
         <name>fopen.obj</name>
      </input_file>
      <input_file id="fl-54">
         <path>C:\ti\ccsv5\tools\compiler\c6000_7.4.4\lib\</path>
         <kind>archive</kind>
         <file>rts64plus.lib</file>
         <name>memory.obj</name>
      </input_file>
      <input_file id="fl-55">
         <path>C:\ti\ccsv5\tools\compiler\c6000_7.4.4\lib\</path>
         <kind>archive</kind>
         <file>rts64plus.lib</file>
         <name>fclose.obj</name>
      </input_file>
      <input_file id="fl-56">
         <path>C:\ti\ccsv5\tools\compiler\c6000_7.4.4\lib\</path>
         <kind>archive</kind>
         <file>rts64plus.lib</file>
         <name>remove.obj</name>
      </input_file>
   </input_file_list>
   <object_component_list>
      <object_component id="oc-5e">
         <name>.bss</name>
         <uninitialized>true</uninitialized>
         <run_address>0x1080cf28</run_address>
         <size>0x10</size>
         <input_file_ref idref="fl-16"/>
      </object_component>
      <object_component id="oc-66">
         <name>.bss</name>
         <uninitialized>true</uninitialized>
         <run_address>0x1080cf38</run_address>
         <size>0x4</size>
         <input_file_ref idref="fl-17"/>
      </object_component>
      <object_component id="oc-72">
         <name>.bss</name>
         <uninitialized>true</uninitialized>
         <run_address>0x1080cf3c</run_address>
         <size>0x4</size>
         <input_file_ref idref="fl-19"/>
      </object_component>
      <object_component id="oc-7f">
         <name>.bss</name>
         <uninitialized>true</uninitialized>
         <run_address>0x1080cf40</run_address>
         <size>0x4</size>
         <input_file_ref idref="fl-1b"/>
      </object_component>
      <object_component id="oc-2b">
         <name>.cinit</name>
         <load_address>0x1080c360</load_address>
         <run_address>0x1080c360</run_address>
         <size>0xd4</size>
         <input_file_ref idref="fl-7"/>
      </object_component>
      <object_component id="oc-25">
         <name>.cinit</name>
         <load_address>0x1080c438</load_address>
         <run_address>0x1080c438</run_address>
         <size>0xd4</size>
         <input_file_ref idref="fl-6"/>
      </object_component>
      <object_component id="oc-1a">
         <name>.cinit</name>
         <load_address>0x1080c510</load_address>
         <run_address>0x1080c510</run_address>
         <size>0xd4</size>
         <input_file_ref idref="fl-4"/>
      </object_component>
      <object_component id="oc-14">
         <name>.cinit</name>
         <load_address>0x1080c5e8</load_address>
         <run_address>0x1080c5e8</run_address>
         <size>0xd4</size>
         <input_file_ref idref="fl-3"/>
      </object_component>
      <object_component id="oc-ec">
         <name>.cinit</name>
         <load_address>0x1080c6c0</load_address>
         <run_address>0x1080c6c0</run_address>
         <size>0x5c</size>
         <input_file_ref idref="fl-3b"/>
      </object_component>
      <object_component id="oc-110">
         <name>.cinit</name>
         <load_address>0x1080c720</load_address>
         <run_address>0x1080c720</run_address>
         <size>0x5c</size>
         <input_file_ref idref="fl-46"/>
      </object_component>
      <object_component id="oc-87">
         <name>.cinit</name>
         <load_address>0x1080c780</load_address>
         <run_address>0x1080c780</run_address>
         <size>0x58</size>
         <input_file_ref idref="fl-1c"/>
      </object_component>
      <object_component id="oc-60">
         <name>.cinit</name>
         <load_address>0x1080c7d8</load_address>
         <run_address>0x1080c7d8</run_address>
         <size>0x3c</size>
         <input_file_ref idref="fl-16"/>
      </object_component>
      <object_component id="oc-a0">
         <name>.cinit</name>
         <load_address>0x1080c818</load_address>
         <run_address>0x1080c818</run_address>
         <size>0x2c</size>
         <input_file_ref idref="fl-23"/>
      </object_component>
      <object_component id="oc-140">
         <name>.cinit</name>
         <load_address>0x1080c848</load_address>
         <run_address>0x1080c848</run_address>
         <size>0x2c</size>
         <input_file_ref idref="fl-54"/>
      </object_component>
      <object_component id="oc-74">
         <name>.cinit</name>
         <load_address>0x1080c878</load_address>
         <run_address>0x1080c878</run_address>
         <size>0x1c</size>
         <input_file_ref idref="fl-19"/>
      </object_component>
      <object_component id="oc-d2">
         <name>.cinit</name>
         <load_address>0x1080c898</load_address>
         <run_address>0x1080c898</run_address>
         <size>0x1c</size>
         <input_file_ref idref="fl-33"/>
      </object_component>
      <object_component id="oc-68">
         <name>.cinit</name>
         <load_address>0x1080c8b8</load_address>
         <run_address>0x1080c8b8</run_address>
         <size>0xc</size>
         <input_file_ref idref="fl-17"/>
      </object_component>
      <object_component id="oc-81">
         <name>.cinit</name>
         <load_address>0x1080c8c8</load_address>
         <run_address>0x1080c8c8</run_address>
         <size>0xc</size>
         <input_file_ref idref="fl-1b"/>
      </object_component>
      <object_component id="oc-f0">
         <name>.cinit</name>
         <load_address>0x1080c8d8</load_address>
         <run_address>0x1080c8d8</run_address>
         <size>0xc</size>
         <input_file_ref idref="fl-3c"/>
      </object_component>
      <object_component id="oc-13b">
         <name>.cinit</name>
         <load_address>0x1080c8e8</load_address>
         <run_address>0x1080c8e8</run_address>
         <size>0xc</size>
         <input_file_ref idref="fl-53"/>
      </object_component>
      <object_component id="oc-128">
         <name>.cio</name>
         <uninitialized>true</uninitialized>
         <run_address>0x1080cde8</run_address>
         <size>0x120</size>
         <input_file_ref idref="fl-4d"/>
      </object_component>
      <object_component id="oc-171">
         <name>.const:_$P$T0$1</name>
         <load_address>0x1080c900</load_address>
         <run_address>0x1080c900</run_address>
         <size>0x180</size>
         <input_file_ref idref="fl-4"/>
      </object_component>
      <object_component id="oc-20">
         <name>.const:.string</name>
         <load_address>0x1080ca80</load_address>
         <run_address>0x1080ca80</run_address>
         <size>0x164</size>
         <input_file_ref idref="fl-5"/>
      </object_component>
      <object_component id="oc-fd">
         <name>.const:.string</name>
         <load_address>0x1080cbe4</load_address>
         <run_address>0x1080cbe4</run_address>
         <size>0x2</size>
         <input_file_ref idref="fl-40"/>
      </object_component>
      <object_component id="oc-18c">
         <name>.const:.string:__ctypes_</name>
         <load_address>0x1080cbe8</load_address>
         <run_address>0x1080cbe8</run_address>
         <size>0x101</size>
         <input_file_ref idref="fl-3a"/>
      </object_component>
      <object_component id="oc-f">
         <name>.const:.string</name>
         <load_address>0x1080ccec</load_address>
         <run_address>0x1080ccec</run_address>
         <size>0x6c</size>
         <input_file_ref idref="fl-2"/>
      </object_component>
      <object_component id="oc-177">
         <name>.const:_$P$T0$1</name>
         <load_address>0x1080cd58</load_address>
         <run_address>0x1080cd58</run_address>
         <size>0x60</size>
         <input_file_ref idref="fl-3"/>
      </object_component>
      <object_component id="oc-d7">
         <name>.const:.string</name>
         <load_address>0x1080cdb8</load_address>
         <run_address>0x1080cdb8</run_address>
         <size>0x23</size>
         <input_file_ref idref="fl-34"/>
      </object_component>
      <object_component id="oc-182">
         <name>.const:.string:_initial_approx$1</name>
         <load_address>0x1080cde0</load_address>
         <run_address>0x1080cde0</run_address>
         <size>0x8</size>
         <input_file_ref idref="fl-21"/>
      </object_component>
      <object_component id="oc-15">
         <name>.far</name>
         <uninitialized>true</uninitialized>
         <run_address>0x1080c228</run_address>
         <size>0xcc</size>
         <input_file_ref idref="fl-3"/>
      </object_component>
      <object_component id="oc-1b">
         <name>.far</name>
         <uninitialized>true</uninitialized>
         <run_address>0x1080c15c</run_address>
         <size>0xcc</size>
         <input_file_ref idref="fl-4"/>
      </object_component>
      <object_component id="oc-26">
         <name>.far</name>
         <uninitialized>true</uninitialized>
         <run_address>0x1080c090</run_address>
         <size>0xcc</size>
         <input_file_ref idref="fl-6"/>
      </object_component>
      <object_component id="oc-2c">
         <name>.far</name>
         <uninitialized>true</uninitialized>
         <run_address>0x1080bfc4</run_address>
         <size>0xcc</size>
         <input_file_ref idref="fl-7"/>
      </object_component>
      <object_component id="oc-61">
         <name>.far</name>
         <uninitialized>true</uninitialized>
         <run_address>0x1080c330</run_address>
         <size>0xc</size>
         <input_file_ref idref="fl-16"/>
      </object_component>
      <object_component id="oc-75">
         <name>.far</name>
         <uninitialized>true</uninitialized>
         <run_address>0x1080c318</run_address>
         <size>0x18</size>
         <input_file_ref idref="fl-19"/>
      </object_component>
      <object_component id="oc-88">
         <name>.far</name>
         <uninitialized>true</uninitialized>
         <run_address>0x1080c2f8</run_address>
         <size>0x20</size>
         <input_file_ref idref="fl-1c"/>
      </object_component>
      <object_component id="oc-a1">
         <name>.far</name>
         <uninitialized>true</uninitialized>
         <run_address>0x1080c33c</run_address>
         <size>0xc</size>
         <input_file_ref idref="fl-23"/>
      </object_component>
      <object_component id="oc-d3">
         <name>.far</name>
         <uninitialized>true</uninitialized>
         <run_address>0x1080c348</run_address>
         <size>0x8</size>
         <input_file_ref idref="fl-33"/>
      </object_component>
      <object_component id="oc-ed">
         <name>.far</name>
         <uninitialized>true</uninitialized>
         <run_address>0x1080bb80</run_address>
         <size>0x324</size>
         <input_file_ref idref="fl-3b"/>
      </object_component>
      <object_component id="oc-f1">
         <name>.far</name>
         <uninitialized>true</uninitialized>
         <run_address>0x1080bea4</run_address>
         <size>0x4</size>
         <input_file_ref idref="fl-3c"/>
      </object_component>
      <object_component id="oc-111">
         <name>.far</name>
         <uninitialized>true</uninitialized>
         <run_address>0x1080bea8</run_address>
         <size>0x11c</size>
         <input_file_ref idref="fl-46"/>
      </object_component>
      <object_component id="oc-124">
         <name>.far</name>
         <uninitialized>true</uninitialized>
         <run_address>0x1080c358</run_address>
         <size>0x8</size>
         <input_file_ref idref="fl-4c"/>
      </object_component>
      <object_component id="oc-13c">
         <name>.far</name>
         <uninitialized>true</uninitialized>
         <run_address>0x1080c2f4</run_address>
         <size>0x4</size>
         <input_file_ref idref="fl-53"/>
      </object_component>
      <object_component id="oc-141">
         <name>.far</name>
         <uninitialized>true</uninitialized>
         <run_address>0x1080c350</run_address>
         <size>0x8</size>
         <input_file_ref idref="fl-54"/>
      </object_component>
      <object_component id="oc-90">
         <name>.stack</name>
         <uninitialized>true</uninitialized>
         <run_address>0x10809b80</run_address>
         <size>0x8</size>
         <input_file_ref idref="fl-1e"/>
      </object_component>
      <object_component id="oc-1c7">
         <name>.stack</name>
         <uninitialized>true</uninitialized>
         <run_address>0x10809b80</run_address>
         <size>0x0</size>
      </object_component>
      <object_component id="oc-14e">
         <name>.switch</name>
         <load_address>0x1080cf08</load_address>
         <run_address>0x1080cf08</run_address>
         <size>0x20</size>
         <input_file_ref idref="fl-d"/>
      </object_component>
      <object_component id="oc-142">
         <name>.sysmem</name>
         <uninitialized>true</uninitialized>
         <run_address>0x1080ab80</run_address>
         <size>0x8</size>
         <input_file_ref idref="fl-54"/>
      </object_component>
      <object_component id="oc-1c8">
         <name>.sysmem</name>
         <uninitialized>true</uninitialized>
         <run_address>0x1080ab80</run_address>
         <size>0x0</size>
      </object_component>
      <object_component id="oc-71">
         <name>.text</name>
         <load_address>0x10800000</load_address>
         <run_address>0x10800000</run_address>
         <size>0x5a0</size>
         <input_file_ref idref="fl-19"/>
      </object_component>
      <object_component id="oc-193">
         <name>.text:__getarg_diouxp</name>
         <load_address>0x108005a0</load_address>
         <run_address>0x108005a0</run_address>
         <size>0x580</size>
         <input_file_ref idref="fl-34"/>
      </object_component>
      <object_component id="oc-172">
         <name>.text:__divd</name>
         <load_address>0x10800b20</load_address>
         <run_address>0x10800b20</run_address>
         <size>0x540</size>
         <input_file_ref idref="fl-21"/>
      </object_component>
      <object_component id="oc-79">
         <name>.text</name>
         <load_address>0x10801060</load_address>
         <run_address>0x10801060</run_address>
         <size>0x480</size>
         <input_file_ref idref="fl-1a"/>
      </object_component>
      <object_component id="oc-162">
         <name>.text:__printfi</name>
         <load_address>0x108014e0</load_address>
         <run_address>0x108014e0</run_address>
         <size>0x440</size>
         <input_file_ref idref="fl-34"/>
      </object_component>
      <object_component id="oc-16b">
         <name>.text:__setfield</name>
         <load_address>0x10801920</load_address>
         <run_address>0x10801920</run_address>
         <size>0x440</size>
         <input_file_ref idref="fl-34"/>
      </object_component>
      <object_component id="oc-173">
         <name>.text:_fmod</name>
         <load_address>0x10801d60</load_address>
         <run_address>0x10801d60</run_address>
         <size>0x440</size>
         <input_file_ref idref="fl-26"/>
      </object_component>
      <object_component id="oc-168">
         <name>.text:_fputs</name>
         <load_address>0x108021a0</load_address>
         <run_address>0x108021a0</run_address>
         <size>0x3a0</size>
         <input_file_ref idref="fl-40"/>
      </object_component>
      <object_component id="oc-30">
         <name>.text</name>
         <load_address>0x10802540</load_address>
         <run_address>0x10802540</run_address>
         <size>0x380</size>
         <input_file_ref idref="fl-d"/>
      </object_component>
      <object_component id="oc-17d">
         <name>.text:__pproc_fge</name>
         <load_address>0x108028c0</load_address>
         <run_address>0x108028c0</run_address>
         <size>0x340</size>
         <input_file_ref idref="fl-34"/>
      </object_component>
      <object_component id="oc-19b">
         <name>.text:_ecvt</name>
         <load_address>0x10802c00</load_address>
         <run_address>0x10802c00</run_address>
         <size>0x300</size>
         <input_file_ref idref="fl-34"/>
      </object_component>
      <object_component id="oc-19e">
         <name>.text:_fcvt</name>
         <load_address>0x10802f00</load_address>
         <run_address>0x10802f00</run_address>
         <size>0x300</size>
         <input_file_ref idref="fl-34"/>
      </object_component>
      <object_component id="oc-5d">
         <name>.text</name>
         <load_address>0x10803200</load_address>
         <run_address>0x10803200</run_address>
         <size>0x300</size>
         <input_file_ref idref="fl-16"/>
      </object_component>
      <object_component id="oc-16a">
         <name>.text:__pproc_fwp</name>
         <load_address>0x10803500</load_address>
         <run_address>0x10803500</run_address>
         <size>0x2c0</size>
         <input_file_ref idref="fl-34"/>
      </object_component>
      <object_component id="oc-192">
         <name>.text:__pconv_e</name>
         <load_address>0x108037c0</load_address>
         <run_address>0x108037c0</run_address>
         <size>0x2a0</size>
         <input_file_ref idref="fl-34"/>
      </object_component>
      <object_component id="oc-44">
         <name>.text</name>
         <load_address>0x10803a60</load_address>
         <run_address>0x10803a60</run_address>
         <size>0x2a0</size>
         <input_file_ref idref="fl-11"/>
      </object_component>
      <object_component id="oc-198">
         <name>.text:_free</name>
         <load_address>0x10803d00</load_address>
         <run_address>0x10803d00</run_address>
         <size>0x280</size>
         <input_file_ref idref="fl-54"/>
      </object_component>
      <object_component id="oc-1a8">
         <name>.text:__divull</name>
         <load_address>0x10803f80</load_address>
         <run_address>0x10803f80</run_address>
         <size>0x260</size>
         <input_file_ref idref="fl-43"/>
      </object_component>
      <object_component id="oc-16f">
         <name>.text:__mpyd</name>
         <load_address>0x108041e0</load_address>
         <run_address>0x108041e0</run_address>
         <size>0x260</size>
         <input_file_ref idref="fl-2d"/>
      </object_component>
      <object_component id="oc-65">
         <name>.text</name>
         <load_address>0x10804440</load_address>
         <run_address>0x10804440</run_address>
         <size>0x260</size>
         <input_file_ref idref="fl-17"/>
      </object_component>
      <object_component id="oc-17e">
         <name>.text:__pproc_diouxp</name>
         <load_address>0x108046a0</load_address>
         <run_address>0x108046a0</run_address>
         <size>0x240</size>
         <input_file_ref idref="fl-34"/>
      </object_component>
      <object_component id="oc-164">
         <name>.text</name>
         <load_address>0x108048e0</load_address>
         <run_address>0x108048e0</run_address>
         <size>0x240</size>
         <input_file_ref idref="fl-4"/>
      </object_component>
      <object_component id="oc-7e">
         <name>.text</name>
         <load_address>0x10804b20</load_address>
         <run_address>0x10804b20</run_address>
         <size>0x240</size>
         <input_file_ref idref="fl-1b"/>
      </object_component>
      <object_component id="oc-16c">
         <name>.text:__pproc_str</name>
         <load_address>0x10804d60</load_address>
         <run_address>0x10804d60</run_address>
         <size>0x220</size>
         <input_file_ref idref="fl-34"/>
      </object_component>
      <object_component id="oc-16d">
         <name>.text:_fputc</name>
         <load_address>0x10804f80</load_address>
         <run_address>0x10804f80</run_address>
         <size>0x220</size>
         <input_file_ref idref="fl-3f"/>
      </object_component>
      <object_component id="oc-170">
         <name>.text:__addd</name>
         <load_address>0x108051a0</load_address>
         <run_address>0x108051a0</run_address>
         <size>0x200</size>
         <input_file_ref idref="fl-1d"/>
      </object_component>
      <object_component id="oc-181">
         <name>.text:__frcaddd</name>
         <load_address>0x108053a0</load_address>
         <run_address>0x108053a0</run_address>
         <size>0x200</size>
         <input_file_ref idref="fl-27"/>
      </object_component>
      <object_component id="oc-190">
         <name>.text:__pconv_g</name>
         <load_address>0x108055a0</load_address>
         <run_address>0x108055a0</run_address>
         <size>0x200</size>
         <input_file_ref idref="fl-34"/>
      </object_component>
      <object_component id="oc-18b">
         <name>.text:_setvbuf</name>
         <load_address>0x108057a0</load_address>
         <run_address>0x108057a0</run_address>
         <size>0x200</size>
         <input_file_ref idref="fl-52"/>
      </object_component>
      <object_component id="oc-6c">
         <name>.text</name>
         <load_address>0x108059a0</load_address>
         <run_address>0x108059a0</run_address>
         <size>0x1e0</size>
         <input_file_ref idref="fl-18"/>
      </object_component>
      <object_component id="oc-19d">
         <name>.text:__mcpy</name>
         <load_address>0x10805b80</load_address>
         <run_address>0x10805b80</run_address>
         <size>0x1c0</size>
         <input_file_ref idref="fl-34"/>
      </object_component>
      <object_component id="oc-186">
         <name>.text:_ldexp</name>
         <load_address>0x10805d40</load_address>
         <run_address>0x10805d40</run_address>
         <size>0x1c0</size>
         <input_file_ref idref="fl-2a"/>
      </object_component>
      <object_component id="oc-85">
         <name>.text</name>
         <load_address>0x10805f00</load_address>
         <run_address>0x10805f00</run_address>
         <size>0x1c0</size>
         <input_file_ref idref="fl-1c"/>
      </object_component>
      <object_component id="oc-1a7">
         <name>.text:__divul</name>
         <load_address>0x108060c0</load_address>
         <run_address>0x108060c0</run_address>
         <size>0x1a0</size>
         <input_file_ref idref="fl-42"/>
      </object_component>
      <object_component id="oc-185">
         <name>.text:_frexp</name>
         <load_address>0x10806260</load_address>
         <run_address>0x10806260</run_address>
         <size>0x1a0</size>
         <input_file_ref idref="fl-29"/>
      </object_component>
      <object_component id="oc-3a">
         <name>.text</name>
         <load_address>0x10806400</load_address>
         <run_address>0x10806400</run_address>
         <size>0x1a0</size>
         <input_file_ref idref="fl-f"/>
      </object_component>
      <object_component id="oc-53">
         <name>.text</name>
         <load_address>0x108065a0</load_address>
         <run_address>0x108065a0</run_address>
         <size>0x1a0</size>
         <input_file_ref idref="fl-14"/>
      </object_component>
      <object_component id="oc-157">
         <name>.text:_HOSTrename</name>
         <load_address>0x10806740</load_address>
         <run_address>0x10806740</run_address>
         <size>0x180</size>
         <input_file_ref idref="fl-4c"/>
      </object_component>
      <object_component id="oc-199">
         <name>.text:_malloc</name>
         <load_address>0x108068c0</load_address>
         <run_address>0x108068c0</run_address>
         <size>0x180</size>
         <input_file_ref idref="fl-54"/>
      </object_component>
      <object_component id="oc-166">
         <name>.text</name>
         <load_address>0x10806a40</load_address>
         <run_address>0x10806a40</run_address>
         <size>0x180</size>
         <input_file_ref idref="fl-7"/>
      </object_component>
      <object_component id="oc-167">
         <name>.text</name>
         <load_address>0x10806bc0</load_address>
         <run_address>0x10806bc0</run_address>
         <size>0x180</size>
         <input_file_ref idref="fl-6"/>
      </object_component>
      <object_component id="oc-1b1">
         <name>.text:_getdevice</name>
         <load_address>0x10806d40</load_address>
         <run_address>0x10806d40</run_address>
         <size>0x140</size>
         <input_file_ref idref="fl-46"/>
      </object_component>
      <object_component id="oc-58">
         <name>.text</name>
         <load_address>0x10806e80</load_address>
         <run_address>0x10806e80</run_address>
         <size>0x140</size>
         <input_file_ref idref="fl-15"/>
      </object_component>
      <object_component id="oc-1a3">
         <name>.text:__closefile</name>
         <load_address>0x10806fc0</load_address>
         <run_address>0x10806fc0</run_address>
         <size>0x120</size>
         <input_file_ref idref="fl-55"/>
      </object_component>
      <object_component id="oc-195">
         <name>.text:__ltostr</name>
         <load_address>0x108070e0</load_address>
         <run_address>0x108070e0</run_address>
         <size>0x120</size>
         <input_file_ref idref="fl-34"/>
      </object_component>
      <object_component id="oc-169">
         <name>.text:__pproc_fflags</name>
         <load_address>0x10807200</load_address>
         <run_address>0x10807200</run_address>
         <size>0x120</size>
         <input_file_ref idref="fl-34"/>
      </object_component>
      <object_component id="oc-18a">
         <name>.text:_fseek</name>
         <load_address>0x10807320</load_address>
         <run_address>0x10807320</run_address>
         <size>0x120</size>
         <input_file_ref idref="fl-51"/>
      </object_component>
      <object_component id="oc-165">
         <name>.text</name>
         <load_address>0x10807440</load_address>
         <run_address>0x10807440</run_address>
         <size>0x120</size>
         <input_file_ref idref="fl-3"/>
      </object_component>
      <object_component id="oc-155">
         <name>.text:_HOSTlseek</name>
         <load_address>0x10807560</load_address>
         <run_address>0x10807560</run_address>
         <size>0x100</size>
         <input_file_ref idref="fl-4c"/>
      </object_component>
      <object_component id="oc-180">
         <name>.text:__frcmpyd</name>
         <load_address>0x10807660</load_address>
         <run_address>0x10807660</run_address>
         <size>0x100</size>
         <input_file_ref idref="fl-41"/>
      </object_component>
      <object_component id="oc-187">
         <name>.text:__nround</name>
         <load_address>0x10807760</load_address>
         <run_address>0x10807760</run_address>
         <size>0x100</size>
         <input_file_ref idref="fl-30"/>
      </object_component>
      <object_component id="oc-178">
         <name>.text:__wrt_ok</name>
         <load_address>0x10807860</load_address>
         <run_address>0x10807860</run_address>
         <size>0x100</size>
         <input_file_ref idref="fl-4e"/>
      </object_component>
      <object_component id="oc-151">
         <name>.text:_HOSTopen</name>
         <load_address>0x10807960</load_address>
         <run_address>0x10807960</run_address>
         <size>0xe0</size>
         <input_file_ref idref="fl-4c"/>
      </object_component>
      <object_component id="oc-184">
         <name>.text:__cmpd</name>
         <load_address>0x10807a40</load_address>
         <run_address>0x10807a40</run_address>
         <size>0xe0</size>
         <input_file_ref idref="fl-20"/>
      </object_component>
      <object_component id="oc-17c">
         <name>.text:_atoi</name>
         <load_address>0x10807b20</load_address>
         <run_address>0x10807b20</run_address>
         <size>0xe0</size>
         <input_file_ref idref="fl-36"/>
      </object_component>
      <object_component id="oc-1a9">
         <name>.text:_close</name>
         <load_address>0x10807c00</load_address>
         <run_address>0x10807c00</run_address>
         <size>0xe0</size>
         <input_file_ref idref="fl-46"/>
      </object_component>
      <object_component id="oc-17b">
         <name>.text:_memset</name>
         <load_address>0x10807ce0</load_address>
         <run_address>0x10807ce0</run_address>
         <size>0xe0</size>
         <input_file_ref idref="fl-49"/>
      </object_component>
      <object_component id="oc-15f">
         <name>.text:_printf</name>
         <load_address>0x10807dc0</load_address>
         <run_address>0x10807dc0</run_address>
         <size>0xe0</size>
         <input_file_ref idref="fl-2e"/>
      </object_component>
      <object_component id="oc-160">
         <name>.text</name>
         <load_address>0x10807ea0</load_address>
         <run_address>0x10807ea0</run_address>
         <size>0xe0</size>
         <input_file_ref idref="fl-5"/>
      </object_component>
      <object_component id="oc-15b">
         <name>.text</name>
         <load_address>0x10807f80</load_address>
         <run_address>0x10807f80</run_address>
         <size>0xe0</size>
         <input_file_ref idref="fl-2"/>
      </object_component>
      <object_component id="oc-153">
         <name>.text:_HOSTread</name>
         <load_address>0x10808060</load_address>
         <run_address>0x10808060</run_address>
         <size>0xc0</size>
         <input_file_ref idref="fl-4c"/>
      </object_component>
      <object_component id="oc-156">
         <name>.text:_HOSTunlink</name>
         <load_address>0x10808120</load_address>
         <run_address>0x10808120</run_address>
         <size>0xc0</size>
         <input_file_ref idref="fl-4c"/>
      </object_component>
      <object_component id="oc-154">
         <name>.text:_HOSTwrite</name>
         <load_address>0x108081e0</load_address>
         <run_address>0x108081e0</run_address>
         <size>0xc0</size>
         <input_file_ref idref="fl-4c"/>
      </object_component>
      <object_component id="oc-14b">
         <name>.text:__auto_init</name>
         <load_address>0x108082a0</load_address>
         <run_address>0x108082a0</run_address>
         <size>0xc0</size>
         <input_file_ref idref="fl-37"/>
      </object_component>
      <object_component id="oc-1a0">
         <name>.text:__div</name>
         <load_address>0x10808360</load_address>
         <run_address>0x10808360</run_address>
         <size>0xc0</size>
         <input_file_ref idref="fl-34"/>
      </object_component>
      <object_component id="oc-14f">
         <name>.text:__divu</name>
         <load_address>0x10808420</load_address>
         <run_address>0x10808420</run_address>
         <size>0xc0</size>
         <input_file_ref idref="fl-22"/>
      </object_component>
      <object_component id="oc-179">
         <name>.text:__doflush</name>
         <load_address>0x108084e0</load_address>
         <run_address>0x108084e0</run_address>
         <size>0xc0</size>
         <input_file_ref idref="fl-50"/>
      </object_component>
      <object_component id="oc-14d">
         <name>.text:_exit</name>
         <load_address>0x108085a0</load_address>
         <run_address>0x108085a0</run_address>
         <size>0xc0</size>
         <input_file_ref idref="fl-23"/>
      </object_component>
      <object_component id="oc-1a5">
         <name>.text:_ltoa</name>
         <load_address>0x10808660</load_address>
         <run_address>0x10808660</run_address>
         <size>0xc0</size>
         <input_file_ref idref="fl-47"/>
      </object_component>
      <object_component id="oc-152">
         <name>.text:_HOSTclose</name>
         <load_address>0x10808720</load_address>
         <run_address>0x10808720</run_address>
         <size>0xa0</size>
         <input_file_ref idref="fl-4c"/>
      </object_component>
      <object_component id="oc-19a">
         <name>.text:__cleanup</name>
         <load_address>0x108087c0</load_address>
         <run_address>0x108087c0</run_address>
         <size>0xa0</size>
         <input_file_ref idref="fl-53"/>
      </object_component>
      <object_component id="oc-1ac">
         <name>.text:__divli</name>
         <load_address>0x10808860</load_address>
         <run_address>0x10808860</run_address>
         <size>0xa0</size>
         <input_file_ref idref="fl-42"/>
      </object_component>
      <object_component id="oc-19c">
         <name>.text:__ecpy</name>
         <load_address>0x10808900</load_address>
         <run_address>0x10808900</run_address>
         <size>0xa0</size>
         <input_file_ref idref="fl-34"/>
      </object_component>
      <object_component id="oc-19f">
         <name>.text:__fcpy</name>
         <load_address>0x108089a0</load_address>
         <run_address>0x108089a0</run_address>
         <size>0xa0</size>
         <input_file_ref idref="fl-34"/>
      </object_component>
      <object_component id="oc-1a4">
         <name>.text:__fixdli</name>
         <load_address>0x10808a40</load_address>
         <run_address>0x10808a40</run_address>
         <size>0xa0</size>
         <input_file_ref idref="fl-3d"/>
      </object_component>
      <object_component id="oc-191">
         <name>.text:__pconv_f</name>
         <load_address>0x10808ae0</load_address>
         <run_address>0x10808ae0</run_address>
         <size>0xa0</size>
         <input_file_ref idref="fl-34"/>
      </object_component>
      <object_component id="oc-158">
         <name>.text:_copy_in</name>
         <load_address>0x10808b80</load_address>
         <run_address>0x10808b80</run_address>
         <size>0xa0</size>
         <input_file_ref idref="fl-39"/>
      </object_component>
      <object_component id="oc-1b2">
         <name>.text:_finddevice</name>
         <load_address>0x10808c20</load_address>
         <run_address>0x10808c20</run_address>
         <size>0xa0</size>
         <input_file_ref idref="fl-46"/>
      </object_component>
      <object_component id="oc-197">
         <name>.text:_lseek</name>
         <load_address>0x10808cc0</load_address>
         <run_address>0x10808cc0</run_address>
         <size>0xa0</size>
         <input_file_ref idref="fl-46"/>
      </object_component>
      <object_component id="oc-159">
         <name>.text:_memcpy</name>
         <load_address>0x10808d60</load_address>
         <run_address>0x10808d60</run_address>
         <size>0xa0</size>
         <input_file_ref idref="fl-2b"/>
      </object_component>
      <object_component id="oc-1a2">
         <name>.text:_minsert</name>
         <load_address>0x10808e00</load_address>
         <run_address>0x10808e00</run_address>
         <size>0xa0</size>
         <input_file_ref idref="fl-54"/>
      </object_component>
      <object_component id="oc-189">
         <name>.text:_modf</name>
         <load_address>0x10808ea0</load_address>
         <run_address>0x10808ea0</run_address>
         <size>0xa0</size>
         <input_file_ref idref="fl-2c"/>
      </object_component>
      <object_component id="oc-1a1">
         <name>.text:_mremove</name>
         <load_address>0x10808f40</load_address>
         <run_address>0x10808f40</run_address>
         <size>0xa0</size>
         <input_file_ref idref="fl-54"/>
      </object_component>
      <object_component id="oc-17a">
         <name>.text:_write</name>
         <load_address>0x10808fe0</load_address>
         <run_address>0x10808fe0</run_address>
         <size>0xa0</size>
         <input_file_ref idref="fl-46"/>
      </object_component>
      <object_component id="oc-35">
         <name>.text</name>
         <load_address>0x10809080</load_address>
         <run_address>0x10809080</run_address>
         <size>0xa0</size>
         <input_file_ref idref="fl-e"/>
      </object_component>
      <object_component id="oc-3f">
         <name>.text</name>
         <load_address>0x10809120</load_address>
         <run_address>0x10809120</run_address>
         <size>0xa0</size>
         <input_file_ref idref="fl-10"/>
      </object_component>
      <object_component id="oc-49">
         <name>.text</name>
         <load_address>0x108091c0</load_address>
         <run_address>0x108091c0</run_address>
         <size>0xa0</size>
         <input_file_ref idref="fl-12"/>
      </object_component>
      <object_component id="oc-4e">
         <name>.text</name>
         <load_address>0x10809260</load_address>
         <run_address>0x10809260</run_address>
         <size>0xa0</size>
         <input_file_ref idref="fl-13"/>
      </object_component>
      <object_component id="oc-175">
         <name>.text:__fixdi</name>
         <load_address>0x10809300</load_address>
         <run_address>0x10809300</run_address>
         <size>0x80</size>
         <input_file_ref idref="fl-24"/>
      </object_component>
      <object_component id="oc-1a6">
         <name>.text:__fltlid</name>
         <load_address>0x10809380</load_address>
         <run_address>0x10809380</run_address>
         <size>0x80</size>
         <input_file_ref idref="fl-3e"/>
      </object_component>
      <object_component id="oc-1ad">
         <name>.text:__llshl</name>
         <load_address>0x10809400</load_address>
         <run_address>0x10809400</run_address>
         <size>0x80</size>
         <input_file_ref idref="fl-45"/>
      </object_component>
      <object_component id="oc-196">
         <name>.text:__renormd</name>
         <load_address>0x10809480</load_address>
         <run_address>0x10809480</run_address>
         <size>0x80</size>
         <input_file_ref idref="fl-2f"/>
      </object_component>
      <object_component id="oc-15e">
         <name>.text:_readmsg</name>
         <load_address>0x10809500</load_address>
         <run_address>0x10809500</run_address>
         <size>0x80</size>
         <input_file_ref idref="fl-4d"/>
      </object_component>
      <object_component id="oc-1b0">
         <name>.text:_unlink</name>
         <load_address>0x10809580</load_address>
         <run_address>0x10809580</run_address>
         <size>0x80</size>
         <input_file_ref idref="fl-46"/>
      </object_component>
      <object_component id="oc-15a">
         <name>.text:___TI_cpp_init</name>
         <load_address>0x10809600</load_address>
         <run_address>0x10809600</run_address>
         <size>0x60</size>
         <input_file_ref idref="fl-38"/>
      </object_component>
      <object_component id="oc-1ae">
         <name>.text:__subcull</name>
         <load_address>0x10809660</load_address>
         <run_address>0x10809660</run_address>
         <size>0x60</size>
         <input_file_ref idref="fl-43"/>
      </object_component>
      <object_component id="oc-d">
         <name>.text:_c_int00</name>
         <load_address>0x108096c0</load_address>
         <run_address>0x108096c0</run_address>
         <size>0x60</size>
         <input_file_ref idref="fl-1e"/>
      </object_component>
      <object_component id="oc-176">
         <name>.text:_ceil</name>
         <load_address>0x10809720</load_address>
         <run_address>0x10809720</run_address>
         <size>0x60</size>
         <input_file_ref idref="fl-1f"/>
      </object_component>
      <object_component id="oc-174">
         <name>.text:_floor</name>
         <load_address>0x10809780</load_address>
         <run_address>0x10809780</run_address>
         <size>0x60</size>
         <input_file_ref idref="fl-25"/>
      </object_component>
      <object_component id="oc-17f">
         <name>.text:_memccpy</name>
         <load_address>0x108097e0</load_address>
         <run_address>0x108097e0</run_address>
         <size>0x60</size>
         <input_file_ref idref="fl-48"/>
      </object_component>
      <object_component id="oc-15d">
         <name>.text:_writemsg</name>
         <load_address>0x10809840</load_address>
         <run_address>0x10809840</run_address>
         <size>0x60</size>
         <input_file_ref idref="fl-4d"/>
      </object_component>
      <object_component id="oc-18e">
         <name>.text:___isinf</name>
         <load_address>0x108098a0</load_address>
         <run_address>0x108098a0</run_address>
         <size>0x40</size>
         <input_file_ref idref="fl-44"/>
      </object_component>
      <object_component id="oc-18d">
         <name>.text:___isnan</name>
         <load_address>0x108098e0</load_address>
         <run_address>0x108098e0</run_address>
         <size>0x40</size>
         <input_file_ref idref="fl-34"/>
      </object_component>
      <object_component id="oc-14c">
         <name>.text:__args_main</name>
         <load_address>0x10809920</load_address>
         <run_address>0x10809920</run_address>
         <size>0x40</size>
         <input_file_ref idref="fl-35"/>
      </object_component>
      <object_component id="oc-183">
         <name>.text:__frcmpyd_div</name>
         <load_address>0x10809960</load_address>
         <run_address>0x10809960</run_address>
         <size>0x40</size>
         <input_file_ref idref="fl-28"/>
      </object_component>
      <object_component id="oc-1af">
         <name>.text:__llshru</name>
         <load_address>0x108099a0</load_address>
         <run_address>0x108099a0</run_address>
         <size>0x40</size>
         <input_file_ref idref="fl-45"/>
      </object_component>
      <object_component id="oc-18f">
         <name>.text:__negd</name>
         <load_address>0x108099e0</load_address>
         <run_address>0x108099e0</run_address>
         <size>0x40</size>
         <input_file_ref idref="fl-4a"/>
      </object_component>
      <object_component id="oc-1ab">
         <name>.text:__remli</name>
         <load_address>0x10809a20</load_address>
         <run_address>0x10809a20</run_address>
         <size>0x40</size>
         <input_file_ref idref="fl-42"/>
      </object_component>
      <object_component id="oc-16e">
         <name>.text:__subd</name>
         <load_address>0x10809a60</load_address>
         <run_address>0x10809a60</run_address>
         <size>0x40</size>
         <input_file_ref idref="fl-31"/>
      </object_component>
      <object_component id="oc-194">
         <name>.text:__negll</name>
         <load_address>0x10809aa0</load_address>
         <run_address>0x10809aa0</run_address>
         <size>0x20</size>
         <input_file_ref idref="fl-4b"/>
      </object_component>
      <object_component id="oc-150">
         <name>.text:__nop</name>
         <load_address>0x10809ac0</load_address>
         <run_address>0x10809ac0</run_address>
         <size>0x20</size>
         <input_file_ref idref="fl-33"/>
      </object_component>
      <object_component id="oc-163">
         <name>.text:__outc</name>
         <load_address>0x10809ae0</load_address>
         <run_address>0x10809ae0</run_address>
         <size>0x20</size>
         <input_file_ref idref="fl-2e"/>
      </object_component>
      <object_component id="oc-161">
         <name>.text:__outs</name>
         <load_address>0x10809b00</load_address>
         <run_address>0x10809b00</run_address>
         <size>0x20</size>
         <input_file_ref idref="fl-2e"/>
      </object_component>
      <object_component id="oc-188">
         <name>.text:__trunc</name>
         <load_address>0x10809b20</load_address>
         <run_address>0x10809b20</run_address>
         <size>0x20</size>
         <input_file_ref idref="fl-32"/>
      </object_component>
      <object_component id="oc-15c">
         <name>.text:_abort</name>
         <load_address>0x10809b40</load_address>
         <run_address>0x10809b40</run_address>
         <size>0x20</size>
         <input_file_ref idref="fl-23"/>
      </object_component>
      <object_component id="oc-1aa">
         <name>.text:_remove</name>
         <load_address>0x10809b60</load_address>
         <run_address>0x10809b60</run_address>
         <size>0x20</size>
         <input_file_ref idref="fl-56"/>
      </object_component>
      <object_component id="oc-e">
         <name>.debug_info</name>
         <load_address>0x0</load_address>
         <run_address>0x0</run_address>
         <size>0x7eb</size>
         <input_file_ref idref="fl-2"/>
      </object_component>
      <object_component id="oc-13">
         <name>.debug_info</name>
         <load_address>0x7eb</load_address>
         <run_address>0x7eb</run_address>
         <size>0xaa2</size>
         <input_file_ref idref="fl-3"/>
      </object_component>
      <object_component id="oc-19">
         <name>.debug_info</name>
         <load_address>0x128d</load_address>
         <run_address>0x128d</run_address>
         <size>0xce6</size>
         <input_file_ref idref="fl-4"/>
      </object_component>
      <object_component id="oc-1f">
         <name>.debug_info</name>
         <load_address>0x1f73</load_address>
         <run_address>0x1f73</run_address>
         <size>0x7ee</size>
         <input_file_ref idref="fl-5"/>
      </object_component>
      <object_component id="oc-24">
         <name>.debug_info</name>
         <load_address>0x2761</load_address>
         <run_address>0x2761</run_address>
         <size>0xc8f</size>
         <input_file_ref idref="fl-6"/>
      </object_component>
      <object_component id="oc-2a">
         <name>.debug_info</name>
         <load_address>0x33f0</load_address>
         <run_address>0x33f0</run_address>
         <size>0xc9b</size>
         <input_file_ref idref="fl-7"/>
      </object_component>
      <object_component id="oc-31">
         <name>.debug_info</name>
         <load_address>0x408b</load_address>
         <run_address>0x408b</run_address>
         <size>0xd5b</size>
         <input_file_ref idref="fl-d"/>
      </object_component>
      <object_component id="oc-36">
         <name>.debug_info</name>
         <load_address>0x4de6</load_address>
         <run_address>0x4de6</run_address>
         <size>0x6c1</size>
         <input_file_ref idref="fl-e"/>
      </object_component>
      <object_component id="oc-3b">
         <name>.debug_info</name>
         <load_address>0x54a7</load_address>
         <run_address>0x54a7</run_address>
         <size>0x9c9</size>
         <input_file_ref idref="fl-f"/>
      </object_component>
      <object_component id="oc-40">
         <name>.debug_info</name>
         <load_address>0x5e70</load_address>
         <run_address>0x5e70</run_address>
         <size>0x607</size>
         <input_file_ref idref="fl-10"/>
      </object_component>
      <object_component id="oc-45">
         <name>.debug_info</name>
         <load_address>0x6477</load_address>
         <run_address>0x6477</run_address>
         <size>0xc7a</size>
         <input_file_ref idref="fl-11"/>
      </object_component>
      <object_component id="oc-4a">
         <name>.debug_info</name>
         <load_address>0x70f1</load_address>
         <run_address>0x70f1</run_address>
         <size>0x5f9</size>
         <input_file_ref idref="fl-12"/>
      </object_component>
      <object_component id="oc-4f">
         <name>.debug_info</name>
         <load_address>0x76ea</load_address>
         <run_address>0x76ea</run_address>
         <size>0x603</size>
         <input_file_ref idref="fl-13"/>
      </object_component>
      <object_component id="oc-54">
         <name>.debug_info</name>
         <load_address>0x7ced</load_address>
         <run_address>0x7ced</run_address>
         <size>0x707</size>
         <input_file_ref idref="fl-14"/>
      </object_component>
      <object_component id="oc-59">
         <name>.debug_info</name>
         <load_address>0x83f4</load_address>
         <run_address>0x83f4</run_address>
         <size>0x9bb</size>
         <input_file_ref idref="fl-15"/>
      </object_component>
      <object_component id="oc-5f">
         <name>.debug_info</name>
         <load_address>0x8daf</load_address>
         <run_address>0x8daf</run_address>
         <size>0xa31</size>
         <input_file_ref idref="fl-16"/>
      </object_component>
      <object_component id="oc-67">
         <name>.debug_info</name>
         <load_address>0x97e0</load_address>
         <run_address>0x97e0</run_address>
         <size>0xaca</size>
         <input_file_ref idref="fl-17"/>
      </object_component>
      <object_component id="oc-6d">
         <name>.debug_info</name>
         <load_address>0xa2aa</load_address>
         <run_address>0xa2aa</run_address>
         <size>0xebf</size>
         <input_file_ref idref="fl-18"/>
      </object_component>
      <object_component id="oc-73">
         <name>.debug_info</name>
         <load_address>0xb169</load_address>
         <run_address>0xb169</run_address>
         <size>0x1640</size>
         <input_file_ref idref="fl-19"/>
      </object_component>
      <object_component id="oc-7a">
         <name>.debug_info</name>
         <load_address>0xc7a9</load_address>
         <run_address>0xc7a9</run_address>
         <size>0xa46</size>
         <input_file_ref idref="fl-1a"/>
      </object_component>
      <object_component id="oc-80">
         <name>.debug_info</name>
         <load_address>0xd1ef</load_address>
         <run_address>0xd1ef</run_address>
         <size>0x917</size>
         <input_file_ref idref="fl-1b"/>
      </object_component>
      <object_component id="oc-86">
         <name>.debug_info</name>
         <load_address>0xdb06</load_address>
         <run_address>0xdb06</run_address>
         <size>0xb38</size>
         <input_file_ref idref="fl-1c"/>
      </object_component>
      <object_component id="oc-8c">
         <name>.debug_info</name>
         <load_address>0xe63e</load_address>
         <run_address>0xe63e</run_address>
         <size>0x6d1</size>
         <input_file_ref idref="fl-1d"/>
      </object_component>
      <object_component id="oc-8f">
         <name>.debug_info</name>
         <load_address>0xed0f</load_address>
         <run_address>0xed0f</run_address>
         <size>0x6f2</size>
         <input_file_ref idref="fl-1e"/>
      </object_component>
      <object_component id="oc-93">
         <name>.debug_info</name>
         <load_address>0xf401</load_address>
         <run_address>0xf401</run_address>
         <size>0x64b</size>
         <input_file_ref idref="fl-1f"/>
      </object_component>
      <object_component id="oc-96">
         <name>.debug_info</name>
         <load_address>0xfa4c</load_address>
         <run_address>0xfa4c</run_address>
         <size>0x68c</size>
         <input_file_ref idref="fl-20"/>
      </object_component>
      <object_component id="oc-99">
         <name>.debug_info</name>
         <load_address>0x100d8</load_address>
         <run_address>0x100d8</run_address>
         <size>0x991</size>
         <input_file_ref idref="fl-21"/>
      </object_component>
      <object_component id="oc-9c">
         <name>.debug_info</name>
         <load_address>0x10a69</load_address>
         <run_address>0x10a69</run_address>
         <size>0xbd</size>
         <input_file_ref idref="fl-22"/>
      </object_component>
      <object_component id="oc-9f">
         <name>.debug_info</name>
         <load_address>0x10b26</load_address>
         <run_address>0x10b26</run_address>
         <size>0x7bf</size>
         <input_file_ref idref="fl-23"/>
      </object_component>
      <object_component id="oc-a4">
         <name>.debug_info</name>
         <load_address>0x112e5</load_address>
         <run_address>0x112e5</run_address>
         <size>0x67b</size>
         <input_file_ref idref="fl-24"/>
      </object_component>
      <object_component id="oc-a7">
         <name>.debug_info</name>
         <load_address>0x11960</load_address>
         <run_address>0x11960</run_address>
         <size>0x650</size>
         <input_file_ref idref="fl-25"/>
      </object_component>
      <object_component id="oc-aa">
         <name>.debug_info</name>
         <load_address>0x11fb0</load_address>
         <run_address>0x11fb0</run_address>
         <size>0x961</size>
         <input_file_ref idref="fl-26"/>
      </object_component>
      <object_component id="oc-ad">
         <name>.debug_info</name>
         <load_address>0x12911</load_address>
         <run_address>0x12911</run_address>
         <size>0x6dd</size>
         <input_file_ref idref="fl-27"/>
      </object_component>
      <object_component id="oc-b0">
         <name>.debug_info</name>
         <load_address>0x12fee</load_address>
         <run_address>0x12fee</run_address>
         <size>0x653</size>
         <input_file_ref idref="fl-28"/>
      </object_component>
      <object_component id="oc-b3">
         <name>.debug_info</name>
         <load_address>0x13641</load_address>
         <run_address>0x13641</run_address>
         <size>0x6b6</size>
         <input_file_ref idref="fl-29"/>
      </object_component>
      <object_component id="oc-b6">
         <name>.debug_info</name>
         <load_address>0x13cf7</load_address>
         <run_address>0x13cf7</run_address>
         <size>0x6c5</size>
         <input_file_ref idref="fl-2a"/>
      </object_component>
      <object_component id="oc-b9">
         <name>.debug_info</name>
         <load_address>0x143bc</load_address>
         <run_address>0x143bc</run_address>
         <size>0xcc</size>
         <input_file_ref idref="fl-2b"/>
      </object_component>
      <object_component id="oc-bc">
         <name>.debug_info</name>
         <load_address>0x14488</load_address>
         <run_address>0x14488</run_address>
         <size>0x66e</size>
         <input_file_ref idref="fl-2c"/>
      </object_component>
      <object_component id="oc-bf">
         <name>.debug_info</name>
         <load_address>0x14af6</load_address>
         <run_address>0x14af6</run_address>
         <size>0x6cc</size>
         <input_file_ref idref="fl-2d"/>
      </object_component>
      <object_component id="oc-c2">
         <name>.debug_info</name>
         <load_address>0x151c2</load_address>
         <run_address>0x151c2</run_address>
         <size>0x8e9</size>
         <input_file_ref idref="fl-2e"/>
      </object_component>
      <object_component id="oc-c5">
         <name>.debug_info</name>
         <load_address>0x15aab</load_address>
         <run_address>0x15aab</run_address>
         <size>0x6f5</size>
         <input_file_ref idref="fl-2f"/>
      </object_component>
      <object_component id="oc-c8">
         <name>.debug_info</name>
         <load_address>0x161a0</load_address>
         <run_address>0x161a0</run_address>
         <size>0x68d</size>
         <input_file_ref idref="fl-30"/>
      </object_component>
      <object_component id="oc-cb">
         <name>.debug_info</name>
         <load_address>0x1682d</load_address>
         <run_address>0x1682d</run_address>
         <size>0x62b</size>
         <input_file_ref idref="fl-31"/>
      </object_component>
      <object_component id="oc-ce">
         <name>.debug_info</name>
         <load_address>0x16e58</load_address>
         <run_address>0x16e58</run_address>
         <size>0x638</size>
         <input_file_ref idref="fl-32"/>
      </object_component>
      <object_component id="oc-d1">
         <name>.debug_info</name>
         <load_address>0x17490</load_address>
         <run_address>0x17490</run_address>
         <size>0x633</size>
         <input_file_ref idref="fl-33"/>
      </object_component>
      <object_component id="oc-d6">
         <name>.debug_info</name>
         <load_address>0x17ac3</load_address>
         <run_address>0x17ac3</run_address>
         <size>0x28fc</size>
         <input_file_ref idref="fl-34"/>
      </object_component>
      <object_component id="oc-da">
         <name>.debug_info</name>
         <load_address>0x1a3bf</load_address>
         <run_address>0x1a3bf</run_address>
         <size>0x6c8</size>
         <input_file_ref idref="fl-35"/>
      </object_component>
      <object_component id="oc-dd">
         <name>.debug_info</name>
         <load_address>0x1aa87</load_address>
         <run_address>0x1aa87</run_address>
         <size>0x6d5</size>
         <input_file_ref idref="fl-36"/>
      </object_component>
      <object_component id="oc-e0">
         <name>.debug_info</name>
         <load_address>0x1b15c</load_address>
         <run_address>0x1b15c</run_address>
         <size>0x83e</size>
         <input_file_ref idref="fl-37"/>
      </object_component>
      <object_component id="oc-e3">
         <name>.debug_info</name>
         <load_address>0x1b99a</load_address>
         <run_address>0x1b99a</run_address>
         <size>0x6b6</size>
         <input_file_ref idref="fl-38"/>
      </object_component>
      <object_component id="oc-e6">
         <name>.debug_info</name>
         <load_address>0x1c050</load_address>
         <run_address>0x1c050</run_address>
         <size>0x7ac</size>
         <input_file_ref idref="fl-39"/>
      </object_component>
      <object_component id="oc-e9">
         <name>.debug_info</name>
         <load_address>0x1c7fc</load_address>
         <run_address>0x1c7fc</run_address>
         <size>0x5e1</size>
         <input_file_ref idref="fl-3a"/>
      </object_component>
      <object_component id="oc-eb">
         <name>.debug_info</name>
         <load_address>0x1cddd</load_address>
         <run_address>0x1cddd</run_address>
         <size>0x6ce</size>
         <input_file_ref idref="fl-3b"/>
      </object_component>
      <object_component id="oc-ef">
         <name>.debug_info</name>
         <load_address>0x1d4ab</load_address>
         <run_address>0x1d4ab</run_address>
         <size>0x5c9</size>
         <input_file_ref idref="fl-3c"/>
      </object_component>
      <object_component id="oc-f3">
         <name>.debug_info</name>
         <load_address>0x1da74</load_address>
         <run_address>0x1da74</run_address>
         <size>0x67e</size>
         <input_file_ref idref="fl-3d"/>
      </object_component>
      <object_component id="oc-f6">
         <name>.debug_info</name>
         <load_address>0x1e0f2</load_address>
         <run_address>0x1e0f2</run_address>
         <size>0x697</size>
         <input_file_ref idref="fl-3e"/>
      </object_component>
      <object_component id="oc-f9">
         <name>.debug_info</name>
         <load_address>0x1e789</load_address>
         <run_address>0x1e789</run_address>
         <size>0x811</size>
         <input_file_ref idref="fl-3f"/>
      </object_component>
      <object_component id="oc-fc">
         <name>.debug_info</name>
         <load_address>0x1ef9a</load_address>
         <run_address>0x1ef9a</run_address>
         <size>0xa9d</size>
         <input_file_ref idref="fl-40"/>
      </object_component>
      <object_component id="oc-100">
         <name>.debug_info</name>
         <load_address>0x1fa37</load_address>
         <run_address>0x1fa37</run_address>
         <size>0x719</size>
         <input_file_ref idref="fl-41"/>
      </object_component>
      <object_component id="oc-103">
         <name>.debug_info</name>
         <load_address>0x20150</load_address>
         <run_address>0x20150</run_address>
         <size>0x78a</size>
         <input_file_ref idref="fl-42"/>
      </object_component>
      <object_component id="oc-106">
         <name>.debug_info</name>
         <load_address>0x208da</load_address>
         <run_address>0x208da</run_address>
         <size>0x785</size>
         <input_file_ref idref="fl-43"/>
      </object_component>
      <object_component id="oc-109">
         <name>.debug_info</name>
         <load_address>0x2105f</load_address>
         <run_address>0x2105f</run_address>
         <size>0x7fd</size>
         <input_file_ref idref="fl-44"/>
      </object_component>
      <object_component id="oc-10c">
         <name>.debug_info</name>
         <load_address>0x2185c</load_address>
         <run_address>0x2185c</run_address>
         <size>0x6e8</size>
         <input_file_ref idref="fl-45"/>
      </object_component>
      <object_component id="oc-10f">
         <name>.debug_info</name>
         <load_address>0x21f44</load_address>
         <run_address>0x21f44</run_address>
         <size>0xe70</size>
         <input_file_ref idref="fl-46"/>
      </object_component>
      <object_component id="oc-114">
         <name>.debug_info</name>
         <load_address>0x22db4</load_address>
         <run_address>0x22db4</run_address>
         <size>0x716</size>
         <input_file_ref idref="fl-47"/>
      </object_component>
      <object_component id="oc-117">
         <name>.debug_info</name>
         <load_address>0x234ca</load_address>
         <run_address>0x234ca</run_address>
         <size>0x6b9</size>
         <input_file_ref idref="fl-48"/>
      </object_component>
      <object_component id="oc-11a">
         <name>.debug_info</name>
         <load_address>0x23b83</load_address>
         <run_address>0x23b83</run_address>
         <size>0x79d</size>
         <input_file_ref idref="fl-49"/>
      </object_component>
      <object_component id="oc-11d">
         <name>.debug_info</name>
         <load_address>0x24320</load_address>
         <run_address>0x24320</run_address>
         <size>0x604</size>
         <input_file_ref idref="fl-4a"/>
      </object_component>
      <object_component id="oc-120">
         <name>.debug_info</name>
         <load_address>0x24924</load_address>
         <run_address>0x24924</run_address>
         <size>0x5ff</size>
         <input_file_ref idref="fl-4b"/>
      </object_component>
      <object_component id="oc-123">
         <name>.debug_info</name>
         <load_address>0x24f23</load_address>
         <run_address>0x24f23</run_address>
         <size>0xdc3</size>
         <input_file_ref idref="fl-4c"/>
      </object_component>
      <object_component id="oc-127">
         <name>.debug_info</name>
         <load_address>0x25ce6</load_address>
         <run_address>0x25ce6</run_address>
         <size>0x850</size>
         <input_file_ref idref="fl-4d"/>
      </object_component>
      <object_component id="oc-12b">
         <name>.debug_info</name>
         <load_address>0x26536</load_address>
         <run_address>0x26536</run_address>
         <size>0x741</size>
         <input_file_ref idref="fl-4e"/>
      </object_component>
      <object_component id="oc-12e">
         <name>.debug_info</name>
         <load_address>0x26c77</load_address>
         <run_address>0x26c77</run_address>
         <size>0x5b3</size>
         <input_file_ref idref="fl-4f"/>
      </object_component>
      <object_component id="oc-131">
         <name>.debug_info</name>
         <load_address>0x2722a</load_address>
         <run_address>0x2722a</run_address>
         <size>0x768</size>
         <input_file_ref idref="fl-50"/>
      </object_component>
      <object_component id="oc-134">
         <name>.debug_info</name>
         <load_address>0x27992</load_address>
         <run_address>0x27992</run_address>
         <size>0x7a0</size>
         <input_file_ref idref="fl-51"/>
      </object_component>
      <object_component id="oc-137">
         <name>.debug_info</name>
         <load_address>0x28132</load_address>
         <run_address>0x28132</run_address>
         <size>0x7f3</size>
         <input_file_ref idref="fl-52"/>
      </object_component>
      <object_component id="oc-13a">
         <name>.debug_info</name>
         <load_address>0x28925</load_address>
         <run_address>0x28925</run_address>
         <size>0x852</size>
         <input_file_ref idref="fl-53"/>
      </object_component>
      <object_component id="oc-13f">
         <name>.debug_info</name>
         <load_address>0x29177</load_address>
         <run_address>0x29177</run_address>
         <size>0xabf</size>
         <input_file_ref idref="fl-54"/>
[...]
         <object_component_ref idref="oc-49"/>
      </symbol>
      <symbol id="sm-21c">
         <name>_EVMDM6437_AIC33_write32</name>
         <value>0x10809260</value>
         <object_component_ref idref="oc-4e"/>
      </symbol>
      <symbol id="sm-22f">
         <name>_EVMDM6437_DDR_init</name>
         <value>0x108065a0</value>
         <object_component_ref idref="oc-53"/>
      </symbol>
      <symbol id="sm-254">
         <name>__FLASH_waitWhileErasing</name>
         <value>0x10806ecc</value>
         <object_component_ref idref="oc-58"/>
      </symbol>
      <symbol id="sm-255">
         <name>_EVMDM6437_FLASH_init</name>
         <value>0x10806e80</value>
         <object_component_ref idref="oc-58"/>
      </symbol>
      <symbol id="sm-256">
         <name>__FLASH_waitWhileProgramming</name>
         <value>0x10806f38</value>
         <object_component_ref idref="oc-58"/>
      </symbol>
      <symbol id="sm-27b">
         <name>__FLASH_getMfg</name>
         <value>0x10803304</value>
         <object_component_ref idref="oc-5d"/>
      </symbol>
      <symbol id="sm-27c">
         <name>__FLASH_getPageLength</name>
         <value>0x10803458</value>
         <object_component_ref idref="oc-5d"/>
      </symbol>
      <symbol id="sm-27d">
         <name>__FLASH_nextPage</name>
         <value>0x10803464</value>
         <object_component_ref idref="oc-5d"/>
      </symbol>
      <symbol id="sm-27e">
         <name>__FLASH_getId</name>
         <value>0x10803200</value>
         <object_component_ref idref="oc-5d"/>
      </symbol>
      <symbol id="sm-27f">
         <name>_EVMDM6437_FLASH_getTotalPages</name>
         <value>0x10803318</value>
         <object_component_ref idref="oc-5d"/>
      </symbol>
      <symbol id="sm-2af">
         <name>_i2c_timeout</name>
         <value>0x1080cf38</value>
         <object_component_ref idref="oc-66"/>
      </symbol>
      <symbol id="sm-2b0">
         <name>_EVMDM6437_I2C_init</name>
         <value>0x10804440</value>
         <object_component_ref idref="oc-65"/>
      </symbol>
      <symbol id="sm-2b1">
         <name>_EVMDM6437_I2C_read</name>
         <value>0x108045a0</value>
         <object_component_ref idref="oc-65"/>
      </symbol>
      <symbol id="sm-2b2">
         <name>_EVMDM6437_I2C_write</name>
         <value>0x108044a8</value>
         <object_component_ref idref="oc-65"/>
      </symbol>
      <symbol id="sm-2b3">
         <name>_EVMDM6437_I2C_reset</name>
         <value>0x10804494</value>
         <object_component_ref idref="oc-65"/>
      </symbol>
      <symbol id="sm-2b4">
         <name>_EVMDM6437_I2C_close</name>
         <value>0x10804480</value>
         <object_component_ref idref="oc-65"/>
      </symbol>
      <symbol id="sm-2dc">
         <name>_EVMDM6437_I2C_GPIO_setall</name>
         <value>0x108059e0</value>
         <object_component_ref idref="oc-6c"/>
      </symbol>
      <symbol id="sm-2dd">
         <name>_EVMDM6437_I2C_GPIO_setOutput</name>
         <value>0x10805a04</value>
         <object_component_ref idref="oc-6c"/>
      </symbol>
      <symbol id="sm-2de">
         <name>_EVMDM6437_I2C_GPIO_setupIntr</name>
         <value>0x10805b08</value>
         <object_component_ref idref="oc-6c"/>
      </symbol>
      <symbol id="sm-2df">
         <name>_EVMDM6437_I2C_GPIO_getInput</name>
         <value>0x10805ab4</value>
         <object_component_ref idref="oc-6c"/>
      </symbol>
      <symbol id="sm-2e0">
         <name>_EVMDM6437_I2C_GPIO_init</name>
         <value>0x108059a0</value>
         <object_component_ref idref="oc-6c"/>
      </symbol>
      <symbol id="sm-2e1">
         <name>_EVMDM6437_I2C_GPIO_waitForIntr</name>
         <value>0x10805b50</value>
         <object_component_ref idref="oc-6c"/>
      </symbol>
      <symbol id="sm-2e2">
         <name>_EVMDM6437_I2C_GPIO_getall</name>
         <value>0x108059b8</value>
         <object_component_ref idref="oc-6c"/>
      </symbol>
      <symbol id="sm-2e3">
         <name>_EVMDM6437_I2C_GPIO_checkIntr</name>
         <value>0x10805b40</value>
         <object_component_ref idref="oc-6c"/>
      </symbol>
      <symbol id="sm-30f">
         <name>_EVMDM6437_MCASP_open</name>
         <value>0x108000ac</value>
         <object_component_ref idref="oc-71"/>
      </symbol>
      <symbol id="sm-310">
         <name>_EVMDM6437_MCASP_close</name>
         <value>0x108004c0</value>
         <object_component_ref idref="oc-71"/>
      </symbol>
      <symbol id="sm-311">
         <name>__MCASP_setXGBLCTL</name>
         <value>0x10800054</value>
         <object_component_ref idref="oc-71"/>
      </symbol>
      <symbol id="sm-312">
         <name>__MCASP_setRGBLCTL</name>
         <value>0x10800000</value>
         <object_component_ref idref="oc-71"/>
      </symbol>
      <symbol id="sm-33c">
         <name>_EVMDM6437_enablePll1</name>
         <value>0x10801060</value>
         <object_component_ref idref="oc-79"/>
      </symbol>
      <symbol id="sm-33d">
         <name>_EVMDM6437_enablePll2</name>
         <value>0x10801270</value>
         <object_component_ref idref="oc-79"/>
      </symbol>
      <symbol id="sm-370">
         <name>_EVMDM6437_PSC_enableAll</name>
         <value>0x10804b20</value>
         <object_component_ref idref="oc-7e"/>
      </symbol>
      <symbol id="sm-371">
         <name>_EVMDM6437_PSC_changeState</name>
         <value>0x10804bd0</value>
         <object_component_ref idref="oc-7e"/>
      </symbol>
      <symbol id="sm-38a">
         <name>_EVMDM6437_GPIO_init</name>
         <value>0x10805f00</value>
         <object_component_ref idref="oc-85"/>
      </symbol>
      <symbol id="sm-38b">
         <name>_EVMDM6437_GPIO_setOutput</name>
         <value>0x10805fb4</value>
         <object_component_ref idref="oc-85"/>
      </symbol>
      <symbol id="sm-38c">
         <name>_EVMDM6437_GPIO_getInput</name>
         <value>0x10806044</value>
         <object_component_ref idref="oc-85"/>
      </symbol>
      <symbol id="sm-38d">
         <name>_EVMDM6437_GPIO_setDir</name>
         <value>0x10805f14</value>
         <object_component_ref idref="oc-85"/>
      </symbol>
      <symbol id="sm-39f">
         <name>__addd</name>
         <value>0x108051a0</value>
         <object_component_ref idref="oc-170"/>
      </symbol>
      <symbol id="sm-3ae">
         <name>_c_int00</name>
         <value>0x108096c0</value>
         <object_component_ref idref="oc-d"/>
      </symbol>
      <symbol id="sm-3af">
         <name>__stack</name>
         <value>0x10809b80</value>
         <object_component_ref idref="oc-90"/>
      </symbol>
      <symbol id="sm-3bb">
         <name>_ceil</name>
         <value>0x10809720</value>
         <object_component_ref idref="oc-176"/>
      </symbol>
      <symbol id="sm-3ca">
         <name>__cmpd</name>
         <value>0x10807a40</value>
         <object_component_ref idref="oc-184"/>
      </symbol>
      <symbol id="sm-3e2">
         <name>__divd</name>
         <value>0x10800b20</value>
         <object_component_ref idref="oc-172"/>
      </symbol>
      <symbol id="sm-3eb">
         <name>__c6xabi_divu</name>
         <value>0x10808420</value>
         <object_component_ref idref="oc-14f"/>
      </symbol>
      <symbol id="sm-3ec">
         <name>__divu</name>
         <value>0x10808420</value>
         <object_component_ref idref="oc-14f"/>
      </symbol>
      <symbol id="sm-403">
         <name>C$$EXIT</name>
         <value>0x10809b40</value>
         <object_component_ref idref="oc-15c"/>
      </symbol>
      <symbol id="sm-404">
         <name>_exit</name>
         <value>0x108085a0</value>
         <object_component_ref idref="oc-14d"/>
      </symbol>
      <symbol id="sm-405">
         <name>___TI_enable_exit_profile_output</name>
         <value>0x1080c344</value>
         <object_component_ref idref="oc-a1"/>
      </symbol>
      <symbol id="sm-406">
         <name>_abort</name>
         <value>0x10809b40</value>
         <object_component_ref idref="oc-15c"/>
      </symbol>
      <symbol id="sm-407">
         <name>__cleanup_ptr</name>
         <value>0x1080c33c</value>
         <object_component_ref idref="oc-a1"/>
      </symbol>
      <symbol id="sm-408">
         <name>__dtors_ptr</name>
         <value>0x1080c340</value>
         <object_component_ref idref="oc-a1"/>
      </symbol>
      <symbol id="sm-415">
         <name>__fixdi</name>
         <value>0x10809300</value>
         <object_component_ref idref="oc-175"/>
      </symbol>
      <symbol id="sm-421">
         <name>_floor</name>
         <value>0x10809780</value>
         <object_component_ref idref="oc-174"/>
      </symbol>
      <symbol id="sm-43e">
         <name>_fmod</name>
         <value>0x10801d60</value>
         <object_component_ref idref="oc-173"/>
      </symbol>
      <symbol id="sm-44e">
         <name>__frcaddd</name>
         <value>0x108053a0</value>
         <object_component_ref idref="oc-181"/>
      </symbol>
      <symbol id="sm-458">
         <name>__frcmpyd_div</name>
         <value>0x10809960</value>
         <object_component_ref idref="oc-183"/>
      </symbol>
      <symbol id="sm-46c">
         <name>_frexp</name>
         <value>0x10806260</value>
         <object_component_ref idref="oc-185"/>
      </symbol>
      <symbol id="sm-480">
         <name>_ldexp</name>
         <value>0x10805d40</value>
         <object_component_ref idref="oc-186"/>
      </symbol>
      <symbol id="sm-488">
         <name>_memcpy</name>
         <value>0x10808d60</value>
         <object_component_ref idref="oc-159"/>
      </symbol>
      <symbol id="sm-495">
         <name>_modf</name>
         <value>0x10808ea0</value>
         <object_component_ref idref="oc-189"/>
      </symbol>
      <symbol id="sm-4ab">
         <name>__mpyd</name>
         <value>0x108041e0</value>
         <object_component_ref idref="oc-16f"/>
      </symbol>
      <symbol id="sm-4c0">
         <name>_printf</name>
         <value>0x10807dc0</value>
         <object_component_ref idref="oc-15f"/>
      </symbol>
      <symbol id="sm-4cd">
         <name>__renormd</name>
         <value>0x10809480</value>
         <object_component_ref idref="oc-196"/>
      </symbol>
      <symbol id="sm-4de">
         <name>__nround</name>
         <value>0x10807760</value>
         <object_component_ref idref="oc-187"/>
      </symbol>
      <symbol id="sm-4e8">
         <name>__subd</name>
         <value>0x10809a60</value>
         <object_component_ref idref="oc-16e"/>
      </symbol>
      <symbol id="sm-4f2">
         <name>__trunc</name>
         <value>0x10809b20</value>
         <object_component_ref idref="oc-188"/>
      </symbol>
      <symbol id="sm-500">
         <name>__unlock</name>
         <value>0x1080c34c</value>
         <object_component_ref idref="oc-d3"/>
      </symbol>
      <symbol id="sm-501">
         <name>__lock</name>
         <value>0x1080c348</value>
         <object_component_ref idref="oc-d3"/>
      </symbol>
      <symbol id="sm-502">
         <name>__nop</name>
         <value>0x10809ac0</value>
         <object_component_ref idref="oc-150"/>
      </symbol>
      <symbol id="sm-620">
         <name>__printfi</name>
         <value>0x108014e0</value>
         <object_component_ref idref="oc-162"/>
      </symbol>
      <symbol id="sm-62a">
         <name>__args_main</name>
         <value>0x10809920</value>
         <object_component_ref idref="oc-14c"/>
      </symbol>
      <symbol id="sm-62b">
         <name>__TI_args_main</name>
         <value>0x1</value>
      </symbol>
      <symbol id="sm-639">
         <name>_atoi</name>
         <value>0x10807b20</value>
         <object_component_ref idref="oc-17c"/>
      </symbol>
      <symbol id="sm-648">
         <name>__auto_init</name>
         <value>0x108082a0</value>
         <object_component_ref idref="oc-14b"/>
      </symbol>
      <symbol id="sm-655">
         <name>___TI_cpp_init</name>
         <value>0x10809600</value>
         <object_component_ref idref="oc-15a"/>
      </symbol>
      <symbol id="sm-663">
         <name>_copy_in</name>
         <value>0x10808b80</value>
         <object_component_ref idref="oc-158"/>
      </symbol>
      <symbol id="sm-66b">
         <name>__ctypes_</name>
         <value>0x1080cbe8</value>
         <object_component_ref idref="oc-18c"/>
      </symbol>
      <symbol id="sm-675">
         <name>__tmpnams</name>
         <value>0x1080bd60</value>
         <object_component_ref idref="oc-ed"/>
      </symbol>
      <symbol id="sm-676">
         <name>__ft_end</name>
         <value>0x1080bea0</value>
         <object_component_ref idref="oc-ed"/>
      </symbol>
      <symbol id="sm-677">
         <name>__ftable</name>
         <value>0x1080bb80</value>
         <object_component_ref idref="oc-ed"/>
      </symbol>
      <symbol id="sm-681">
         <name>_errno</name>
         <value>0x1080bea4</value>
         <object_component_ref idref="oc-f1"/>
      </symbol>
      <symbol id="sm-68e">
         <name>__fixdli</name>
         <value>0x10808a40</value>
         <object_component_ref idref="oc-1a4"/>
      </symbol>
      <symbol id="sm-699">
         <name>__fltlid</name>
         <value>0x10809380</value>
         <object_component_ref idref="oc-1a6"/>
      </symbol>
      <symbol id="sm-6b4">
         <name>_putc</name>
         <value>0x10804f80</value>
         <object_component_ref idref="oc-16d"/>
      </symbol>
      <symbol id="sm-6b5">
         <name>_fputc</name>
         <value>0x10804f80</value>
         <object_component_ref idref="oc-16d"/>
      </symbol>
      <symbol id="sm-6d7">
         <name>_fputs</name>
         <value>0x108021a0</value>
         <object_component_ref idref="oc-168"/>
      </symbol>
      <symbol id="sm-6e1">
         <name>__frcmpyd</name>
         <value>0x10807660</value>
         <object_component_ref idref="oc-180"/>
      </symbol>
      <symbol id="sm-6f1">
         <name>__divul</name>
         <value>0x108060c0</value>
         <object_component_ref idref="oc-1a7"/>
      </symbol>
      <symbol id="sm-6f2">
         <name>__remli</name>
         <value>0x10809a20</value>
         <object_component_ref idref="oc-1ab"/>
      </symbol>
      <symbol id="sm-6f3">
         <name>__divli</name>
         <value>0x10808860</value>
         <object_component_ref idref="oc-1ac"/>
      </symbol>
      <symbol id="sm-707">
         <name>__subcull</name>
         <value>0x10809660</value>
         <object_component_ref idref="oc-1ae"/>
      </symbol>
      <symbol id="sm-708">
         <name>__divull</name>
         <value>0x10803f80</value>
         <object_component_ref idref="oc-1a8"/>
      </symbol>
      <symbol id="sm-712">
         <name>___isinf</name>
         <value>0x108098a0</value>
         <object_component_ref idref="oc-18e"/>
      </symbol>
      <symbol id="sm-720">
         <name>__llshl</name>
         <value>0x10809400</value>
         <object_component_ref idref="oc-1ad"/>
      </symbol>
      <symbol id="sm-721">
         <name>__llshru</name>
         <value>0x108099a0</value>
         <object_component_ref idref="oc-1af"/>
      </symbol>
      <symbol id="sm-75e">
         <name>_unlink</name>
         <value>0x10809580</value>
         <object_component_ref idref="oc-1b0"/>
      </symbol>
      <symbol id="sm-75f">
         <name>_lseek</name>
         <value>0x10808cc0</value>
         <object_component_ref idref="oc-197"/>
      </symbol>
      <symbol id="sm-760">
         <name>_close</name>
         <value>0x10807c00</value>
         <object_component_ref idref="oc-1a9"/>
      </symbol>
      <symbol id="sm-761">
         <name>_write</name>
         <value>0x10808fe0</value>
         <object_component_ref idref="oc-17a"/>
      </symbol>
      <symbol id="sm-76e">
         <name>_ltoa</name>
         <value>0x10808660</value>
         <object_component_ref idref="oc-1a5"/>
      </symbol>
      <symbol id="sm-77b">
         <name>_memccpy</name>
         <value>0x108097e0</value>
         <object_component_ref idref="oc-17f"/>
      </symbol>
      <symbol id="sm-786">
         <name>_memset</name>
         <value>0x10807ce0</value>
         <object_component_ref idref="oc-17b"/>
      </symbol>
      <symbol id="sm-790">
         <name>__negd</name>
         <value>0x108099e0</value>
         <object_component_ref idref="oc-18f"/>
      </symbol>
      <symbol id="sm-79a">
         <name>__negll</name>
         <value>0x10809aa0</value>
         <object_component_ref idref="oc-194"/>
      </symbol>
      <symbol id="sm-7c3">
         <name>_HOSTopen</name>
         <value>0x10807960</value>
         <object_component_ref idref="oc-151"/>
      </symbol>
      <symbol id="sm-7c4">
         <name>_HOSTread</name>
         <value>0x10808060</value>
         <object_component_ref idref="oc-153"/>
      </symbol>
      <symbol id="sm-7c5">
         <name>_HOSTrename</name>
         <value>0x10806740</value>
         <object_component_ref idref="oc-157"/>
      </symbol>
      <symbol id="sm-7c6">
         <name>_HOSTwrite</name>
         <value>0x108081e0</value>
         <object_component_ref idref="oc-154"/>
      </symbol>
      <symbol id="sm-7c7">
         <name>_HOSTlseek</name>
         <value>0x10807560</value>
         <object_component_ref idref="oc-155"/>
      </symbol>
      <symbol id="sm-7c8">
         <name>_HOSTunlink</name>
         <value>0x10808120</value>
         <object_component_ref idref="oc-156"/>
      </symbol>
      <symbol id="sm-7c9">
         <name>_HOSTclose</name>
         <value>0x10808720</value>
         <object_component_ref idref="oc-152"/>
      </symbol>
      <symbol id="sm-7d9">
         <name>C$$IO$$</name>
         <value>0x10809898</value>
         <object_component_ref idref="oc-15d"/>
      </symbol>
      <symbol id="sm-7da">
         <name>__CIOBUF_</name>
         <value>0x1080cde8</value>
         <object_component_ref idref="oc-128"/>
      </symbol>
      <symbol id="sm-7db">
         <name>_readmsg</name>
         <value>0x10809500</value>
         <object_component_ref idref="oc-15e"/>
      </symbol>
      <symbol id="sm-7dc">
         <name>_writemsg</name>
         <value>0x10809840</value>
         <object_component_ref idref="oc-15d"/>
      </symbol>
      <symbol id="sm-7eb">
         <name>__wrt_ok</name>
         <value>0x10807860</value>
         <object_component_ref idref="oc-178"/>
      </symbol>
      <symbol id="sm-7ff">
         <name>__doflush</name>
         <value>0x108084e0</value>
         <object_component_ref idref="oc-179"/>
      </symbol>
      <symbol id="sm-810">
         <name>_fseek</name>
         <value>0x10807320</value>
         <object_component_ref idref="oc-18a"/>
      </symbol>
      <symbol id="sm-826">
         <name>_setvbuf</name>
         <value>0x108057a0</value>
         <object_component_ref idref="oc-18b"/>
      </symbol>
      <symbol id="sm-839">
         <name>__cleanup</name>
         <value>0x108087c0</value>
         <object_component_ref idref="oc-19a"/>
      </symbol>
      <symbol id="sm-872">
         <name>__sys_memory</name>
         <value>0x1080ab80</value>
         <object_component_ref idref="oc-142"/>
      </symbol>
      <symbol id="sm-873">
         <name>_free</name>
         <value>0x10803d00</value>
         <object_component_ref idref="oc-198"/>
      </symbol>
      <symbol id="sm-874">
         <name>_malloc</name>
         <value>0x108068c0</value>
         <object_component_ref idref="oc-199"/>
      </symbol>
      <symbol id="sm-886">
         <name>__closefile</name>
         <value>0x10806fc0</value>
         <object_component_ref idref="oc-1a3"/>
      </symbol>
      <symbol id="sm-890">
         <name>_remove</name>
         <value>0x10809b60</value>
         <object_component_ref idref="oc-1aa"/>
      </symbol>
   </symbol_table>
</link_info>
