******************************************************************************
          TMS320C6x COFF Linker PC v6.0.1                      
******************************************************************************
>> Linked Mon Sep 17 13:31:30 2007

OUTPUT FILE NAME:   <./Debug/ddr.out>
ENTRY POINT SYMBOL: "_c_int00"  address: 108074c0


MEMORY CONFIGURATION

         name            origin    length      used     unused   attr    fill
----------------------  --------  ---------  --------  --------  ----  --------
  L2RAM                 10800000   00020000  0000a08b  00015f75  RWIX
  DDR2                  80000000   10000000  00000000  10000000  RWIX


SECTION ALLOCATION MAP

 output                                  attributes/
section   page    origin      length       input sections
--------  ----  ----------  ----------   ----------------
.ddr2      0    80000000    00000000     UNINITIALIZED

.data      0    10800000    00000000     UNINITIALIZED

.text      0    10800000    00007780     
                  10800000    00000480     evmdm6437bsl.lib : evmdm6437_pll.obj (.text)
                  10800480    00000420     rts64plus.lib : _printfi.obj (.text:__setfield)
                  108008a0    00000380                   : _printfi.obj (.text:__getarg_diouxp)
                  10800c20    00000380     evmdm6437bsl.lib : evmdm6437.obj (.text)
                  10800fa0    00000360     rts64plus.lib : _printfi.obj (.text:__printfi)
                  10801300    00000300     evmdm6437bsl.lib : evmdm6437_flash_id.obj (.text)
                  10801600    00000300     rts64plus.lib : fputs.obj (.text:_fputs)
                  10801900    00000300                   : _printfi.obj (.text:_ecvt)
                  10801c00    000002e0                   : _printfi.obj (.text:__pproc_fwp)
                  10801ee0    000002e0                   : _printfi.obj (.text:__fcpy)
                  108021c0    000002e0                   : _printfi.obj (.text:_fcvt)
                  108024a0    000002a0                   : _printfi.obj (.text:__pconv_e)
                  10802740    00000280                   : memory.obj (.text:_free)
                  108029c0    00000260     evmdm6437bsl.lib : evmdm6437_i2c.obj (.text)
                  10802c20    00000260     rts64plus.lib : frcdivd.obj (.text:__frcdivd)
                  10802e80    00000240     evmdm6437bsl.lib : evmdm6437_psc.obj (.text)
                  108030c0    00000240     rts64plus.lib : imath64.obj (.text:__divull)
                  10803300    00000220                   : _printfi.obj (.text:__pproc_str)
                  10803520    00000200                   : frcaddd.obj (.text:__frcaddd)
                  10803720    00000200                   : _printfi.obj (.text:__pproc_diouxp)
                  10803920    000001e0     mem_test.obj (.text)
                  10803b00    000001e0     rts64plus.lib : _printfi.obj (.text:__mcpy)
                  10803ce0    000001e0     evmdm6437bsl.lib : evmdm6437_i2c_gpio.obj (.text)
                  10803ec0    000001c0     rts64plus.lib : divd.obj (.text:__divd)
                  10804080    000001c0     evmdm6437bsl.lib : evmdm6437_gpio.obj (.text)
                  10804240    000001a0                      : evmdm6437_ddr.obj (.text)
                  108043e0    000001a0     rts64plus.lib : trgdrv.obj (.text:_HOSTrename)
                  10804580    000001a0                   : imath40.obj (.text:__divul)
                  10804720    000001a0                   : mpyd.obj (.text:__mpyd)
                  108048c0    000001a0                   : setvbuf.obj (.text:_setvbuf)
                  10804a60    00000180                   : memory.obj (.text:_malloc)
                  10804be0    00000160                   : _printfi.obj (.text:__pconv_g)
                  10804d40    00000160                   : _printfi.obj (.text:__pproc_fge)
                  10804ea0    00000160                   : addd.obj (.text:__addd)
                  10805000    00000140                   : fputc.obj (.text:_fputc)
                  10805140    00000140     evmdm6437bsl.lib : evmdm6437_flash.obj (.text)
                  10805280    00000120     rts64plus.lib : fclose.obj (.text:_fclose)
                  108053a0    00000120                   : _printfi.obj (.text:__pproc_fflags)
                  108054c0    00000100                   : exit.obj (.text:_exit)
                  108055c0    00000100                   : trgdrv.obj (.text:_HOSTopen)
                  108056c0    00000100                   : lowlev.obj (.text:_getdevice)
                  108057c0    00000100                   : frcmpyd.obj (.text:__frcmpyd)
                  108058c0    00000100                   : _io_perm.obj (.text:__wrt_ok)
                  108059c0    00000100                   : atoi.obj (.text:_atoi)
                  10805ac0    00000100                   : _printfi.obj (.text:__ltostr)
                  10805bc0    00000100     ddr_test.obj (.text)
                  10805cc0    000000e0     rts64plus.lib : fseek.obj (.text:_fseek)
                  10805da0    000000e0                   : memset.obj (.text:_memset)
                  10805e80    000000e0                   : trgdrv.obj (.text:_HOSTlseek)
                  10805f60    000000e0     main.obj (.text)
                  10806040    000000e0     rts64plus.lib : autoinit.obj (.text:__auto_init)
                  10806120    000000e0                   : _printfi.obj (.text:__div)
                  10806200    000000e0                   : lowlev.obj (.text:_close)
                  108062e0    000000c0                   : _printfi.obj (.text:__ecpy)
                  108063a0    000000c0                   : lowlev.obj (.text:_write)
                  10806460    000000c0                   : _printfi.obj (.text:__pconv_f)
                  10806520    000000c0                   : divu.obj (.text:__divu)
                  108065e0    000000c0                   : fopen.obj (.text:__cleanup)
                  108066a0    000000c0                   : trgdrv.obj (.text:_HOSTwrite)
                  10806760    000000c0                   : trgdrv.obj (.text:_HOSTunlink)
                  10806820    000000c0                   : lowlev.obj (.text:_lseek)
                  108068e0    000000c0                   : ltoa.obj (.text:_ltoa)
                  108069a0    000000c0                   : trgdrv.obj (.text:_HOSTread)
                  10806a60    000000a0                   : renormd.obj (.text:_renormd)
                  10806b00    000000a0                   : trgmsg.obj (.text:_writemsg)
                  10806ba0    000000a0                   : memory.obj (.text:_mremove)
                  10806c40    000000a0                   : fltlid.obj (.text:__fltlid)
                  10806ce0    000000a0                   : imath40.obj (.text:__divli)
                  10806d80    000000a0                   : trgdrv.obj (.text:_HOSTclose)
                  10806e20    000000a0                   : lowlev.obj (.text:_finddevice)
                  10806ec0    000000a0                   : fflush.obj (.text:__doflush)
                  10806f60    000000a0                   : trgmsg.obj (.text:_readmsg)
                  10807000    000000a0                   : memcpy64.obj (.text:_memcpy)
                  108070a0    000000a0                   : memory.obj (.text:_minsert)
                  10807140    000000a0                   : fixdli.obj (.text:__fixdli)
                  108071e0    00000080                   : printf.obj (.text:_printf)
                  10807260    00000080                   : cmpd.obj (.text:__cmpd)
                  108072e0    00000080                   : llshift.obj (.text:__llshl)
                  10807360    00000080                   : lowlev.obj (.text:_unlink)
                  108073e0    00000080                   : fixdi.obj (.text:__fixdi)
                  10807460    00000060                   : memccpy.obj (.text:_memccpy)
                  108074c0    00000060                   : boot.obj (.text:_c_int00)
                  10807520    00000060                   : imath64.obj (.text:__subcull)
                  10807580    00000040                   : imath40.obj (.text:__remli)
                  108075c0    00000040                   : llshift.obj (.text:__llshru)
                  10807600    00000040                   : subd.obj (.text:__subd)
                  10807640    00000040                   : args_main.obj (.text:__args_main)
                  10807680    00000040                   : negd.obj (.text:__negd)
                  108076c0    00000020                   : printf.obj (.text:__outs)
                  108076e0    00000020                   : printf.obj (.text:__outc)
                  10807700    00000020                   : negll.obj (.text:__negll)
                  10807720    00000020                   : _lock.obj (.text:__nop)
                  10807740    00000020                   : remove.obj (.text:_remove)
                  10807760    00000020                   : exit.obj (.text:_abort)

.stack     0    10807780    00001000     UNINITIALIZED
                  10807780    00000008     rts64plus.lib : boot.obj (.stack)

.sysmem    0    10808780    00001000     UNINITIALIZED
                  10808780    00000008     rts64plus.lib : memory.obj (.sysmem)

.far       0    10809780    00000404     UNINITIALIZED
                  10809780    00000194     rts64plus.lib : defs.obj (.far)
                  10809914    00000004                   : fopen.obj (.far)
                  10809918    000000d0                   : trgdrv.obj (.far)
                  108099e8    000000cc                   : lowlev.obj (.far)
                  10809ab8    00000090                   : exit.obj (.far)
                  10809b48    00000020     evmdm6437bsl.lib : evmdm6437_gpio.obj (.far)
                  10809b68    0000000c                      : evmdm6437_flash_id.obj (.far)
                  10809b74    00000008     rts64plus.lib : memory.obj (.far)
                  10809b7c    00000008                   : _lock.obj (.far)

.cinit     0    10809b88    0000020c     
                  10809b88    0000005c     rts64plus.lib : defs.obj (.cinit)
                  10809be4    00000004     --HOLE-- [fill = 0]
                  10809be8    0000005c                   : lowlev.obj (.cinit)
                  10809c44    00000004     --HOLE-- [fill = 0]
                  10809c48    00000058     evmdm6437bsl.lib : evmdm6437_gpio.obj (.cinit)
                  10809ca0    0000003c                      : evmdm6437_flash_id.obj (.cinit)
                  10809cdc    00000004     --HOLE-- [fill = 0]
                  10809ce0    0000002c     rts64plus.lib : memory.obj (.cinit)
                  10809d0c    00000004     --HOLE-- [fill = 0]
                  10809d10    0000002c                   : exit.obj (.cinit)
                  10809d3c    00000004     --HOLE-- [fill = 0]
                  10809d40    0000001c                   : _lock.obj (.cinit)
                  10809d5c    00000004     --HOLE-- [fill = 0]
                  10809d60    0000000c     evmdm6437bsl.lib : evmdm6437_psc.obj (.cinit)
                  10809d6c    00000004     --HOLE-- [fill = 0]
                  10809d70    0000000c     rts64plus.lib : fopen.obj (.cinit)
                  10809d7c    00000004     --HOLE-- [fill = 0]
                  10809d80    0000000c     evmdm6437bsl.lib : evmdm6437_i2c.obj (.cinit)
                  10809d8c    00000008     --HOLE-- [fill = 0]

.const     0    10809d98    0000018b     
                  10809d98    00000101     rts64plus.lib : ctype.obj (.const)
                  10809e99    00000002                   : fputs.obj (.const)
                  10809e9b    00000001     --HOLE-- [fill = 0]
                  10809e9c    00000064     main.obj (.const)
                  10809f00    00000023     rts64plus.lib : _printfi.obj (.const)

.cio       0    10809f28    00000120     UNINITIALIZED
                  10809f28    00000120     rts64plus.lib : trgmsg.obj (.cio)

.switch    0    1080a048    00000030     
                  1080a048    00000020     evmdm6437bsl.lib : evmdm6437.obj (.switch)
                  1080a068    00000010     rts64plus.lib : frcdivd.obj (.switch)

.bss       0    1080a078    00000020     UNINITIALIZED
                  1080a078    00000010     evmdm6437bsl.lib : evmdm6437_flash_id.obj (.bss)
                  1080a088    00000008     ddr_test.obj (.bss)
                  1080a090    00000004     evmdm6437bsl.lib : evmdm6437_i2c.obj (.bss)
                  1080a094    00000004                      : evmdm6437_psc.obj (.bss)


GLOBAL SYMBOLS: SORTED ALPHABETICALLY BY Name 

address    name
--------   ----
1080a078   $bss
1080a078   .bss
10800000   .data
10800000   .text
10807760   C$$EXIT
10806b88   C$$IO$$
10804240   _EVMDM6437_DDR_init
10801418   _EVMDM6437_FLASH_getTotalPages
10805140   _EVMDM6437_FLASH_init
108041c4   _EVMDM6437_GPIO_getInput
10804080   _EVMDM6437_GPIO_init
10804094   _EVMDM6437_GPIO_setDir
10804134   _EVMDM6437_GPIO_setOutput
10803e80   _EVMDM6437_I2C_GPIO_checkIntr
10803df4   _EVMDM6437_I2C_GPIO_getInput
10803cf8   _EVMDM6437_I2C_GPIO_getall
10803ce0   _EVMDM6437_I2C_GPIO_init
10803d44   _EVMDM6437_I2C_GPIO_setOutput
10803d20   _EVMDM6437_I2C_GPIO_setall
10803e48   _EVMDM6437_I2C_GPIO_setupIntr
10803e90   _EVMDM6437_I2C_GPIO_waitForIntr
10802a00   _EVMDM6437_I2C_close
108029c0   _EVMDM6437_I2C_init
10802b20   _EVMDM6437_I2C_read
10802a14   _EVMDM6437_I2C_reset
10802a28   _EVMDM6437_I2C_write
10802f30   _EVMDM6437_PSC_changeState
10802e80   _EVMDM6437_PSC_enableAll
10800000   _EVMDM6437_enablePll1
10800210   _EVMDM6437_enablePll2
10800c80   _EVMDM6437_init
10800c20   _EVMDM6437_startupGEL
10806d80   _HOSTclose
10805e80   _HOSTlseek
108055c0   _HOSTopen
108069a0   _HOSTread
108043e0   _HOSTrename
10806760   _HOSTunlink
108066a0   _HOSTwrite
10805f60   _TEST_execute
10809f28   __CIOBUF_
10801300   __FLASH_getId
10801404   __FLASH_getMfg
10801558   __FLASH_getPageLength
10801564   __FLASH_nextPage
1080518c   __FLASH_waitWhileErasing
108051f8   __FLASH_waitWhileProgramming
00001000   __STACK_SIZE
00001000   __SYSMEM_SIZE
ffffffff   ___binit__
1080a078   ___bss__
ffffffff   ___c_args__
10809b88   ___cinit__
10800000   ___data__
10800000   ___edata__
1080a098   ___end__
10807780   ___etext__
ffffffff   ___pinit__
10800000   ___text__
10804ea0   __addd
10807640   __args_main
10806040   __auto_init
108065e0   __cleanup
10809b40   __cleanup_ptr
10800d20   __clrPinMux
10807260   __cmpd
10809d98   __ctypes_
10803ec0   __divd
10806ce0   __divli
10806520   __divu
10804580   __divul
108030c0   __divull
10806ec0   __doflush
10809b44   __dtors_ptr
108073e0   __fixdi
10807140   __fixdli
10806c40   __fltlid
10803520   __frcaddd
10802c20   __frcdivd
108057c0   __frcmpyd
10809910   __ft_end
10809780   __ftable
108072e0   __llshl
108075c0   __llshru
10809b7c   __lock
10804720   __mpyd
10807680   __negd
10807700   __negll
10807720   __nop
10800fa0   __printfi
10807580   __remli
10800d64   __resetEMIF
10800cd8   __setPinMux
10800e64   __setupEMIF
10800ca0   __setupPinMux
10807780   __stack
10807520   __subcull
10807600   __subd
10808780   __sys_memory
10809870   __tmpnams
10809b80   __unlock
10800f4c   __wait
10800f80   __waitusec
108058c0   __wrt_ok
10807760   _abort
108059c0   _atoi
108074c0   _c_int00
10806200   _close
1080a088   _ddr_base
1080a08c   _ddr_size
10805bc0   _ddr_test
108054c0   _exit
10805280   _fclose
10805000   _fputc
10801600   _fputs
10802740   _free
10805cc0   _fseek
1080a090   _i2c_timeout
10806820   _lseek
108068e0   _ltoa
10805ffc   _main
10804a60   _malloc
108039c0   _memaddr32
10807460   _memccpy
10807000   _memcpy
10803920   _memfill32
10803a50   _meminvaddr32
10805da0   _memset
108071e0   _printf
10805000   _putc
10806f60   _readmsg
10807740   _remove
10806a60   _renormd
108048c0   _setvbuf
10807360   _unlink
108063a0   _write
10806b00   _writemsg
ffffffff   binit
10809b88   cinit
10800000   edata
1080a098   end
10807780   etext
ffffffff   pinit


GLOBAL SYMBOLS: SORTED BY Symbol Address 

address    name
--------   ----
00001000   __SYSMEM_SIZE
00001000   __STACK_SIZE
10800000   ___edata__
10800000   ___text__
10800000   _EVMDM6437_enablePll1
10800000   ___data__
10800000   .data
10800000   .text
10800000   edata
10800210   _EVMDM6437_enablePll2
10800c20   _EVMDM6437_startupGEL
10800c80   _EVMDM6437_init
10800ca0   __setupPinMux
10800cd8   __setPinMux
10800d20   __clrPinMux
10800d64   __resetEMIF
10800e64   __setupEMIF
10800f4c   __wait
10800f80   __waitusec
10800fa0   __printfi
10801300   __FLASH_getId
10801404   __FLASH_getMfg
10801418   _EVMDM6437_FLASH_getTotalPages
10801558   __FLASH_getPageLength
10801564   __FLASH_nextPage
10801600   _fputs
10802740   _free
108029c0   _EVMDM6437_I2C_init
10802a00   _EVMDM6437_I2C_close
10802a14   _EVMDM6437_I2C_reset
10802a28   _EVMDM6437_I2C_write
10802b20   _EVMDM6437_I2C_read
10802c20   __frcdivd
10802e80   _EVMDM6437_PSC_enableAll
10802f30   _EVMDM6437_PSC_changeState
108030c0   __divull
10803520   __frcaddd
10803920   _memfill32
108039c0   _memaddr32
10803a50   _meminvaddr32
10803ce0   _EVMDM6437_I2C_GPIO_init
10803cf8   _EVMDM6437_I2C_GPIO_getall
10803d20   _EVMDM6437_I2C_GPIO_setall
10803d44   _EVMDM6437_I2C_GPIO_setOutput
10803df4   _EVMDM6437_I2C_GPIO_getInput
10803e48   _EVMDM6437_I2C_GPIO_setupIntr
10803e80   _EVMDM6437_I2C_GPIO_checkIntr
10803e90   _EVMDM6437_I2C_GPIO_waitForIntr
10803ec0   __divd
10804080   _EVMDM6437_GPIO_init
10804094   _EVMDM6437_GPIO_setDir
10804134   _EVMDM6437_GPIO_setOutput
108041c4   _EVMDM6437_GPIO_getInput
10804240   _EVMDM6437_DDR_init
108043e0   _HOSTrename
10804580   __divul
10804720   __mpyd
108048c0   _setvbuf
10804a60   _malloc
10804ea0   __addd
10805000   _fputc
10805000   _putc
10805140   _EVMDM6437_FLASH_init
1080518c   __FLASH_waitWhileErasing
108051f8   __FLASH_waitWhileProgramming
10805280   _fclose
108054c0   _exit
108055c0   _HOSTopen
108057c0   __frcmpyd
108058c0   __wrt_ok
108059c0   _atoi
10805bc0   _ddr_test
10805cc0   _fseek
10805da0   _memset
10805e80   _HOSTlseek
10805f60   _TEST_execute
10805ffc   _main
10806040   __auto_init
10806200   _close
108063a0   _write
10806520   __divu
108065e0   __cleanup
108066a0   _HOSTwrite
10806760   _HOSTunlink
10806820   _lseek
108068e0   _ltoa
108069a0   _HOSTread
10806a60   _renormd
10806b00   _writemsg
10806b88   C$$IO$$
10806c40   __fltlid
10806ce0   __divli
10806d80   _HOSTclose
10806ec0   __doflush
10806f60   _readmsg
10807000   _memcpy
10807140   __fixdli
108071e0   _printf
10807260   __cmpd
108072e0   __llshl
10807360   _unlink
108073e0   __fixdi
10807460   _memccpy
108074c0   _c_int00
10807520   __subcull
10807580   __remli
108075c0   __llshru
10807600   __subd
10807640   __args_main
10807680   __negd
10807700   __negll
10807720   __nop
10807740   _remove
10807760   C$$EXIT
10807760   _abort
10807780   ___etext__
10807780   __stack
10807780   etext
10808780   __sys_memory
10809780   __ftable
10809870   __tmpnams
10809910   __ft_end
10809b40   __cleanup_ptr
10809b44   __dtors_ptr
10809b7c   __lock
10809b80   __unlock
10809b88   ___cinit__
10809b88   cinit
10809d98   __ctypes_
10809f28   __CIOBUF_
1080a078   ___bss__
1080a078   .bss
1080a078   $bss
1080a088   _ddr_base
1080a08c   _ddr_size
1080a090   _i2c_timeout
1080a098   end
1080a098   ___end__
ffffffff   pinit
ffffffff   ___binit__
ffffffff   ___c_args__
ffffffff   binit
ffffffff   ___pinit__

[143 symbols]
