******************************************************************************
          TMS320C6x COFF Linker PC v6.0.1                      
******************************************************************************
>> Linked Mon Sep 17 13:32:41 2007

OUTPUT FILE NAME:   <./Debug/vlynq_master.out>
ENTRY POINT SYMBOL: "_c_int00"  address: 10807780


MEMORY CONFIGURATION

         name            origin    length      used     unused   attr    fill
----------------------  --------  ---------  --------  --------  ----  --------
  L2RAM                 10800000   00020000  0000c466  00013b9a  RWIX
  DDR2                  80000000   10000000  00000000  10000000  RWIX


SECTION ALLOCATION MAP

 output                                  attributes/
section   page    origin      length       input sections
--------  ----  ----------  ----------   ----------------
.ddr2      0    80000000    00000000     UNINITIALIZED

.data      0    10800000    00000000     UNINITIALIZED

.text      0    10800000    00007a40     
                  10800000    00000480     evmdm6437bsl.lib : evmdm6437_pll.obj (.text)
                  10800480    00000420     rts64plus.lib : _printfi.obj (.text:__setfield)
                  108008a0    00000380     evmdm6437bsl.lib : evmdm6437.obj (.text)
                  10800c20    00000380     rts64plus.lib : _printfi.obj (.text:__getarg_diouxp)
                  10800fa0    00000360                   : _printfi.obj (.text:__printfi)
                  10801300    00000320     vlynq_master.obj (.text)
                  10801620    00000300     evmdm6437bsl.lib : evmdm6437_flash_id.obj (.text)
                  10801920    00000300     rts64plus.lib : fputs.obj (.text:_fputs)
                  10801c20    00000300                   : _printfi.obj (.text:_ecvt)
                  10801f20    000002e0                   : _printfi.obj (.text:__pproc_fwp)
                  10802200    000002e0                   : _printfi.obj (.text:__fcpy)
                  108024e0    000002e0                   : _printfi.obj (.text:_fcvt)
                  108027c0    000002a0                   : _printfi.obj (.text:__pconv_e)
                  10802a60    00000280     vlynq.obj (.text)
                  10802ce0    00000280     rts64plus.lib : memory.obj (.text:_free)
                  10802f60    00000260     evmdm6437bsl.lib : evmdm6437_i2c.obj (.text)
                  108031c0    00000260     rts64plus.lib : frcdivd.obj (.text:__frcdivd)
                  10803420    00000240     evmdm6437bsl.lib : evmdm6437_psc.obj (.text)
                  10803660    00000240     rts64plus.lib : imath64.obj (.text:__divull)
                  108038a0    00000220                   : _printfi.obj (.text:__pproc_str)
                  10803ac0    00000200                   : _printfi.obj (.text:__pproc_diouxp)
                  10803cc0    00000200                   : frcaddd.obj (.text:__frcaddd)
                  10803ec0    000001e0     evmdm6437bsl.lib : evmdm6437_i2c_gpio.obj (.text)
                  108040a0    000001e0     rts64plus.lib : _printfi.obj (.text:__mcpy)
                  10804280    000001c0     evmdm6437bsl.lib : evmdm6437_gpio.obj (.text)
                  10804440    000001c0     rts64plus.lib : divd.obj (.text:__divd)
                  10804600    000001a0     evmdm6437bsl.lib : evmdm6437_ddr.obj (.text)
                  108047a0    000001a0     rts64plus.lib : trgdrv.obj (.text:_HOSTrename)
                  10804940    000001a0                   : setvbuf.obj (.text:_setvbuf)
                  10804ae0    000001a0                   : imath40.obj (.text:__divul)
                  10804c80    000001a0                   : mpyd.obj (.text:__mpyd)
                  10804e20    00000180                   : memory.obj (.text:_malloc)
                  10804fa0    00000160                   : _printfi.obj (.text:__pproc_fge)
                  10805100    00000160                   : addd.obj (.text:__addd)
                  10805260    00000160                   : _printfi.obj (.text:__pconv_g)
                  108053c0    00000140                   : fputc.obj (.text:_fputc)
                  10805500    00000140     evmdm6437bsl.lib : evmdm6437_flash.obj (.text)
                  10805640    00000120     rts64plus.lib : _printfi.obj (.text:__pproc_fflags)
                  10805760    00000120                   : fclose.obj (.text:_fclose)
                  10805880    00000100                   : lowlev.obj (.text:_getdevice)
                  10805980    00000100                   : frcmpyd.obj (.text:__frcmpyd)
                  10805a80    00000100                   : atoi.obj (.text:_atoi)
                  10805b80    00000100                   : _printfi.obj (.text:__ltostr)
                  10805c80    00000100                   : _io_perm.obj (.text:__wrt_ok)
                  10805d80    00000100                   : exit.obj (.text:_exit)
                  10805e80    00000100                   : trgdrv.obj (.text:_HOSTopen)
                  10805f80    000000e0                   : trgdrv.obj (.text:_HOSTlseek)
                  10806060    000000e0                   : _printfi.obj (.text:__div)
                  10806140    000000e0                   : memset.obj (.text:_memset)
                  10806220    000000e0     main.obj (.text)
                  10806300    000000e0     rts64plus.lib : autoinit.obj (.text:__auto_init)
                  108063e0    000000e0                   : fseek.obj (.text:_fseek)
                  108064c0    000000e0                   : lowlev.obj (.text:_close)
                  108065a0    000000c0                   : divu.obj (.text:__divu)
                  10806660    000000c0                   : trgdrv.obj (.text:_HOSTunlink)
                  10806720    000000c0                   : _printfi.obj (.text:__pconv_f)
                  108067e0    000000c0                   : _printfi.obj (.text:__ecpy)
                  108068a0    000000c0                   : fopen.obj (.text:__cleanup)
                  10806960    000000c0                   : trgdrv.obj (.text:_HOSTwrite)
                  10806a20    000000c0                   : ltoa.obj (.text:_ltoa)
                  10806ae0    000000c0                   : lowlev.obj (.text:_lseek)
                  10806ba0    000000c0                   : trgdrv.obj (.text:_HOSTread)
                  10806c60    000000c0                   : lowlev.obj (.text:_write)
                  10806d20    000000a0                   : renormd.obj (.text:_renormd)
                  10806dc0    000000a0                   : trgmsg.obj (.text:_readmsg)
                  10806e60    000000a0                   : memory.obj (.text:_mremove)
                  10806f00    000000a0                   : fltlid.obj (.text:__fltlid)
                  10806fa0    000000a0                   : imath40.obj (.text:__divli)
                  10807040    000000a0                   : lowlev.obj (.text:_finddevice)
                  108070e0    000000a0                   : fflush.obj (.text:__doflush)
                  10807180    000000a0                   : trgdrv.obj (.text:_HOSTclose)
                  10807220    000000a0                   : memcpy64.obj (.text:_memcpy)
                  108072c0    000000a0                   : trgmsg.obj (.text:_writemsg)
                  10807360    000000a0                   : memory.obj (.text:_minsert)
                  10807400    000000a0                   : fixdli.obj (.text:__fixdli)
                  108074a0    00000080                   : printf.obj (.text:_printf)
                  10807520    00000080                   : cmpd.obj (.text:__cmpd)
                  108075a0    00000080                   : llshift.obj (.text:__llshl)
                  10807620    00000080                   : lowlev.obj (.text:_unlink)
                  108076a0    00000080                   : fixdi.obj (.text:__fixdi)
                  10807720    00000060                   : memccpy.obj (.text:_memccpy)
                  10807780    00000060                   : boot.obj (.text:_c_int00)
                  108077e0    00000060                   : imath64.obj (.text:__subcull)
                  10807840    00000040                   : imath40.obj (.text:__remli)
                  10807880    00000040                   : llshift.obj (.text:__llshru)
                  108078c0    00000040                   : subd.obj (.text:__subd)
                  10807900    00000040                   : args_main.obj (.text:__args_main)
                  10807940    00000040                   : negd.obj (.text:__negd)
                  10807980    00000020                   : printf.obj (.text:__outs)
                  108079a0    00000020                   : printf.obj (.text:__outc)
                  108079c0    00000020                   : negll.obj (.text:__negll)
                  108079e0    00000020                   : _lock.obj (.text:__nop)
                  10807a00    00000020                   : remove.obj (.text:_remove)
                  10807a20    00000020                   : exit.obj (.text:_abort)

.far       0    10807a40    00002404     UNINITIALIZED
                  10807a40    00002000     vlynq_master.obj (.far)
                  10809a40    00000194     rts64plus.lib : defs.obj (.far)
                  10809bd4    00000004                   : fopen.obj (.far)
                  10809bd8    000000d0                   : trgdrv.obj (.far)
                  10809ca8    000000cc                   : lowlev.obj (.far)
                  10809d78    00000090                   : exit.obj (.far)
                  10809e08    00000020     evmdm6437bsl.lib : evmdm6437_gpio.obj (.far)
                  10809e28    0000000c                      : evmdm6437_flash_id.obj (.far)
                  10809e34    00000008     rts64plus.lib : memory.obj (.far)
                  10809e3c    00000008                   : _lock.obj (.far)

.stack     0    10809e48    00001000     UNINITIALIZED
                  10809e48    00000008     rts64plus.lib : boot.obj (.stack)

.sysmem    0    1080ae48    00001000     UNINITIALIZED
                  1080ae48    00000008     rts64plus.lib : memory.obj (.sysmem)

.const     0    1080be48    00000252     
                  1080be48    00000101     rts64plus.lib : ctype.obj (.const)
                  1080bf49    00000002                   : fputs.obj (.const)
                  1080bf4b    00000001     --HOLE-- [fill = 0]
                  1080bf4c    0000006d     vlynq.obj (.const)
                  1080bfb9    00000003     --HOLE-- [fill = 0]
                  1080bfbc    0000006d     main.obj (.const)
                  1080c029    00000003     --HOLE-- [fill = 0]
                  1080c02c    0000004b     vlynq_master.obj (.const)
                  1080c077    00000023     rts64plus.lib : _printfi.obj (.const)

.cinit     0    1080c0a0    0000023c     
                  1080c0a0    0000005c     rts64plus.lib : defs.obj (.cinit)
                  1080c0fc    00000004     --HOLE-- [fill = 0]
                  1080c100    0000005c                   : lowlev.obj (.cinit)
                  1080c15c    00000004     --HOLE-- [fill = 0]
                  1080c160    00000058     evmdm6437bsl.lib : evmdm6437_gpio.obj (.cinit)
                  1080c1b8    0000003c                      : evmdm6437_flash_id.obj (.cinit)
                  1080c1f4    00000004     --HOLE-- [fill = 0]
                  1080c1f8    0000002c     rts64plus.lib : memory.obj (.cinit)
                  1080c224    00000004     --HOLE-- [fill = 0]
                  1080c228    0000002c                   : exit.obj (.cinit)
                  1080c254    00000004     --HOLE-- [fill = 0]
                  1080c258    0000002c     vlynq_master.obj (.cinit)
                  1080c284    00000004     --HOLE-- [fill = 0]
                  1080c288    0000001c     rts64plus.lib : _lock.obj (.cinit)
                  1080c2a4    00000004     --HOLE-- [fill = 0]
                  1080c2a8    0000000c     evmdm6437bsl.lib : evmdm6437_psc.obj (.cinit)
                  1080c2b4    00000004     --HOLE-- [fill = 0]
                  1080c2b8    0000000c     rts64plus.lib : fopen.obj (.cinit)
                  1080c2c4    00000004     --HOLE-- [fill = 0]
                  1080c2c8    0000000c     evmdm6437bsl.lib : evmdm6437_i2c.obj (.cinit)
                  1080c2d4    00000008     --HOLE-- [fill = 0]

.cio       0    1080c2e0    00000120     UNINITIALIZED
                  1080c2e0    00000120     rts64plus.lib : trgmsg.obj (.cio)

.switch    0    1080c400    00000050     
                  1080c400    00000020     evmdm6437bsl.lib : evmdm6437.obj (.switch)
                  1080c420    00000020     vlynq.obj (.switch)
                  1080c440    00000010     rts64plus.lib : frcdivd.obj (.switch)

.bss       0    1080c450    00000024     UNINITIALIZED
                  1080c450    00000010     evmdm6437bsl.lib : evmdm6437_flash_id.obj (.bss)
                  1080c460    0000000c     vlynq_master.obj (.bss)
                  1080c46c    00000004     evmdm6437bsl.lib : evmdm6437_i2c.obj (.bss)
                  1080c470    00000004                      : evmdm6437_psc.obj (.bss)


GLOBAL SYMBOLS: SORTED ALPHABETICALLY BY Name 

address    name
--------   ----
1080c450   $bss
1080c450   .bss
10800000   .data
10800000   .text
10807a20   C$$EXIT
10807348   C$$IO$$
10804600   _EVMDM6437_DDR_init
10801738   _EVMDM6437_FLASH_getTotalPages
10805500   _EVMDM6437_FLASH_init
108043c4   _EVMDM6437_GPIO_getInput
10804280   _EVMDM6437_GPIO_init
10804294   _EVMDM6437_GPIO_setDir
10804334   _EVMDM6437_GPIO_setOutput
10804060   _EVMDM6437_I2C_GPIO_checkIntr
10803fd4   _EVMDM6437_I2C_GPIO_getInput
10803ed8   _EVMDM6437_I2C_GPIO_getall
10803ec0   _EVMDM6437_I2C_GPIO_init
10803f24   _EVMDM6437_I2C_GPIO_setOutput
10803f00   _EVMDM6437_I2C_GPIO_setall
10804028   _EVMDM6437_I2C_GPIO_setupIntr
10804070   _EVMDM6437_I2C_GPIO_waitForIntr
10802fa0   _EVMDM6437_I2C_close
10802f60   _EVMDM6437_I2C_init
108030c0   _EVMDM6437_I2C_read
10802fb4   _EVMDM6437_I2C_reset
10802fc8   _EVMDM6437_I2C_write
108034d0   _EVMDM6437_PSC_changeState
10803420   _EVMDM6437_PSC_enableAll
10800000   _EVMDM6437_enablePll1
10800210   _EVMDM6437_enablePll2
10800900   _EVMDM6437_init
108008a0   _EVMDM6437_startupGEL
10807180   _HOSTclose
10805f80   _HOSTlseek
10805e80   _HOSTopen
10806ba0   _HOSTread
108047a0   _HOSTrename
10806660   _HOSTunlink
10806960   _HOSTwrite
10806220   _TEST_execute
1080c2e0   __CIOBUF_
10801620   __FLASH_getId
10801724   __FLASH_getMfg
10801878   __FLASH_getPageLength
10801884   __FLASH_nextPage
1080554c   __FLASH_waitWhileErasing
108055b8   __FLASH_waitWhileProgramming
00001000   __STACK_SIZE
00001000   __SYSMEM_SIZE
ffffffff   ___binit__
1080c450   ___bss__
ffffffff   ___c_args__
1080c0a0   ___cinit__
10800000   ___data__
10800000   ___edata__
1080c474   ___end__
10807a40   ___etext__
ffffffff   ___pinit__
10800000   ___text__
10805100   __addd
10807900   __args_main
10806300   __auto_init
108068a0   __cleanup
10809e00   __cleanup_ptr
108009a0   __clrPinMux
10807520   __cmpd
1080be48   __ctypes_
10804440   __divd
10806fa0   __divli
108065a0   __divu
10804ae0   __divul
10803660   __divull
108070e0   __doflush
10809e04   __dtors_ptr
108076a0   __fixdi
10807400   __fixdli
10806f00   __fltlid
10803cc0   __frcaddd
108031c0   __frcdivd
10805980   __frcmpyd
10809bd0   __ft_end
10809a40   __ftable
108075a0   __llshl
10807880   __llshru
10809e3c   __lock
10804c80   __mpyd
10807940   __negd
108079c0   __negll
108079e0   __nop
10800fa0   __printfi
10807840   __remli
108009e4   __resetEMIF
10800958   __setPinMux
10800ae4   __setupEMIF
10800920   __setupPinMux
10809e48   __stack
108077e0   __subcull
108078c0   __subd
1080ae48   __sys_memory
10809b30   __tmpnams
10809e40   __unlock
10800bcc   __wait
10800c00   __waitusec
10805c80   __wrt_ok
10807a20   _abort
10805a80   _atoi
10807780   _c_int00
108064c0   _close
10805d80   _exit
10805760   _fclose
108053c0   _fputc
10801920   _fputs
10802ce0   _free
108063e0   _fseek
1080c46c   _i2c_timeout
10806ae0   _lseek
10806a20   _ltoa
108062bc   _main
10804e20   _malloc
10807720   _memccpy
10807220   _memcpy
10806140   _memset
108074a0   _printf
108053c0   _putc
10806dc0   _readmsg
10807a00   _remove
10806d20   _renormd
10804940   _setvbuf
10807620   _unlink
10802a60   _vlynq_init
10801300   _vlynq_master
10802b28   _vlynq_quit
10802b10   _vlynq_reset
10802b40   _vlynq_rx_pins_used
10802bcc   _vlynq_tx_pins_used
10802c58   _vlynq_wait_for_link
10806c60   _write
108072c0   _writemsg
ffffffff   binit
1080c0a0   cinit
10800000   edata
1080c474   end
10807a40   etext
ffffffff   pinit


GLOBAL SYMBOLS: SORTED BY Symbol Address 

address    name
--------   ----
00001000   __STACK_SIZE
00001000   __SYSMEM_SIZE
10800000   ___data__
10800000   _EVMDM6437_enablePll1
10800000   ___edata__
10800000   edata
10800000   ___text__
10800000   .text
10800000   .data
10800210   _EVMDM6437_enablePll2
108008a0   _EVMDM6437_startupGEL
10800900   _EVMDM6437_init
10800920   __setupPinMux
10800958   __setPinMux
108009a0   __clrPinMux
108009e4   __resetEMIF
10800ae4   __setupEMIF
10800bcc   __wait
10800c00   __waitusec
10800fa0   __printfi
10801300   _vlynq_master
10801620   __FLASH_getId
10801724   __FLASH_getMfg
10801738   _EVMDM6437_FLASH_getTotalPages
10801878   __FLASH_getPageLength
10801884   __FLASH_nextPage
10801920   _fputs
10802a60   _vlynq_init
10802b10   _vlynq_reset
10802b28   _vlynq_quit
10802b40   _vlynq_rx_pins_used
10802bcc   _vlynq_tx_pins_used
10802c58   _vlynq_wait_for_link
10802ce0   _free
10802f60   _EVMDM6437_I2C_init
10802fa0   _EVMDM6437_I2C_close
10802fb4   _EVMDM6437_I2C_reset
10802fc8   _EVMDM6437_I2C_write
108030c0   _EVMDM6437_I2C_read
108031c0   __frcdivd
10803420   _EVMDM6437_PSC_enableAll
108034d0   _EVMDM6437_PSC_changeState
10803660   __divull
10803cc0   __frcaddd
10803ec0   _EVMDM6437_I2C_GPIO_init
10803ed8   _EVMDM6437_I2C_GPIO_getall
10803f00   _EVMDM6437_I2C_GPIO_setall
10803f24   _EVMDM6437_I2C_GPIO_setOutput
10803fd4   _EVMDM6437_I2C_GPIO_getInput
10804028   _EVMDM6437_I2C_GPIO_setupIntr
10804060   _EVMDM6437_I2C_GPIO_checkIntr
10804070   _EVMDM6437_I2C_GPIO_waitForIntr
10804280   _EVMDM6437_GPIO_init
10804294   _EVMDM6437_GPIO_setDir
10804334   _EVMDM6437_GPIO_setOutput
108043c4   _EVMDM6437_GPIO_getInput
10804440   __divd
10804600   _EVMDM6437_DDR_init
108047a0   _HOSTrename
10804940   _setvbuf
10804ae0   __divul
10804c80   __mpyd
10804e20   _malloc
10805100   __addd
108053c0   _putc
108053c0   _fputc
10805500   _EVMDM6437_FLASH_init
1080554c   __FLASH_waitWhileErasing
108055b8   __FLASH_waitWhileProgramming
10805760   _fclose
10805980   __frcmpyd
10805a80   _atoi
10805c80   __wrt_ok
10805d80   _exit
10805e80   _HOSTopen
10805f80   _HOSTlseek
10806140   _memset
10806220   _TEST_execute
108062bc   _main
10806300   __auto_init
108063e0   _fseek
108064c0   _close
108065a0   __divu
10806660   _HOSTunlink
108068a0   __cleanup
10806960   _HOSTwrite
10806a20   _ltoa
10806ae0   _lseek
10806ba0   _HOSTread
10806c60   _write
10806d20   _renormd
10806dc0   _readmsg
10806f00   __fltlid
10806fa0   __divli
108070e0   __doflush
10807180   _HOSTclose
10807220   _memcpy
108072c0   _writemsg
10807348   C$$IO$$
10807400   __fixdli
108074a0   _printf
10807520   __cmpd
108075a0   __llshl
10807620   _unlink
108076a0   __fixdi
10807720   _memccpy
10807780   _c_int00
108077e0   __subcull
10807840   __remli
10807880   __llshru
108078c0   __subd
10807900   __args_main
10807940   __negd
108079c0   __negll
108079e0   __nop
10807a00   _remove
10807a20   _abort
10807a20   C$$EXIT
10807a40   etext
10807a40   ___etext__
10809a40   __ftable
10809b30   __tmpnams
10809bd0   __ft_end
10809e00   __cleanup_ptr
10809e04   __dtors_ptr
10809e3c   __lock
10809e40   __unlock
10809e48   __stack
1080ae48   __sys_memory
1080be48   __ctypes_
1080c0a0   cinit
1080c0a0   ___cinit__
1080c2e0   __CIOBUF_
1080c450   .bss
1080c450   $bss
1080c450   ___bss__
1080c46c   _i2c_timeout
1080c474   end
1080c474   ___end__
ffffffff   ___c_args__
ffffffff   pinit
ffffffff   binit
ffffffff   ___pinit__
ffffffff   ___binit__

[144 symbols]
