******************************************************************************
          TMS320C6x COFF Linker PC v6.0.1                      
******************************************************************************
>> Linked Mon Sep 17 13:31:56 2007

OUTPUT FILE NAME:   <./Debug/pll1705.out>
ENTRY POINT SYMBOL: "_c_int00"  address: 108078e0


MEMORY CONFIGURATION

         name            origin    length      used     unused   attr    fill
----------------------  --------  ---------  --------  --------  ----  --------
  L2RAM                 10800000   00020000  0000a54f  00015ab1  RWIX
  DDR2                  80000000   10000000  00000000  10000000  RWIX


SECTION ALLOCATION MAP

 output                                  attributes/
section   page    origin      length       input sections
--------  ----  ----------  ----------   ----------------
.ddr2      0    80000000    00000000     UNINITIALIZED

.data      0    10800000    00000000     UNINITIALIZED

.text      0    10800000    00007b40     
                  10800000    00000480     evmdm6437bsl.lib : evmdm6437_pll.obj (.text)
                  10800480    00000420     rts64plus.lib : _printfi.obj (.text:__setfield)
                  108008a0    00000400     pll1705_test.obj (.text)
                  10800ca0    00000380     rts64plus.lib : _printfi.obj (.text:__getarg_diouxp)
                  10801020    00000380     evmdm6437bsl.lib : evmdm6437.obj (.text)
                  108013a0    00000360     rts64plus.lib : _printfi.obj (.text:__printfi)
                  10801700    00000300     evmdm6437bsl.lib : evmdm6437_flash_id.obj (.text)
                  10801a00    00000300     rts64plus.lib : _printfi.obj (.text:_ecvt)
                  10801d00    00000300                   : fputs.obj (.text:_fputs)
                  10802000    000002e0                   : _printfi.obj (.text:__pproc_fwp)
                  108022e0    000002e0                   : _printfi.obj (.text:__fcpy)
                  108025c0    000002e0                   : _printfi.obj (.text:_fcvt)
                  108028a0    000002a0                   : _printfi.obj (.text:__pconv_e)
                  10802b40    00000280                   : memory.obj (.text:_free)
                  10802dc0    00000260                   : frcdivd.obj (.text:__frcdivd)
                  10803020    00000260     evmdm6437bsl.lib : evmdm6437_i2c.obj (.text)
                  10803280    00000240                      : evmdm6437_psc.obj (.text)
                  108034c0    00000240     rts64plus.lib : imath64.obj (.text:__divull)
                  10803700    00000220                   : _printfi.obj (.text:__pproc_str)
                  10803920    00000200     evmdm6437bsl.lib : evmdm6437_led.obj (.text)
                  10803b20    00000200     rts64plus.lib : frcaddd.obj (.text:__frcaddd)
                  10803d20    00000200                   : _printfi.obj (.text:__pproc_diouxp)
                  10803f20    000001e0                   : _printfi.obj (.text:__mcpy)
                  10804100    000001e0     evmdm6437bsl.lib : evmdm6437_i2c_gpio.obj (.text)
                  108042e0    000001c0     rts64plus.lib : divd.obj (.text:__divd)
                  108044a0    000001c0     evmdm6437bsl.lib : evmdm6437_gpio.obj (.text)
                  10804660    000001a0     rts64plus.lib : trgdrv.obj (.text:_HOSTrename)
                  10804800    000001a0                   : imath40.obj (.text:__divul)
                  108049a0    000001a0     evmdm6437bsl.lib : evmdm6437_ddr.obj (.text)
                  10804b40    000001a0     rts64plus.lib : setvbuf.obj (.text:_setvbuf)
                  10804ce0    000001a0                   : mpyd.obj (.text:__mpyd)
                  10804e80    00000180                   : memory.obj (.text:_malloc)
                  10805000    00000160                   : _printfi.obj (.text:__pproc_fge)
                  10805160    00000160                   : addd.obj (.text:__addd)
                  108052c0    00000160                   : _printfi.obj (.text:__pconv_g)
                  10805420    00000140                   : fputc.obj (.text:_fputc)
                  10805560    00000140     evmdm6437bsl.lib : evmdm6437_flash.obj (.text)
                  108056a0    00000120     rts64plus.lib : _printfi.obj (.text:__pproc_fflags)
                  108057c0    00000120                   : fclose.obj (.text:_fclose)
                  108058e0    00000100                   : _io_perm.obj (.text:__wrt_ok)
                  108059e0    00000100                   : frcmpyd.obj (.text:__frcmpyd)
                  10805ae0    00000100                   : exit.obj (.text:_exit)
                  10805be0    00000100                   : trgdrv.obj (.text:_HOSTopen)
                  10805ce0    00000100                   : atoi.obj (.text:_atoi)
                  10805de0    00000100                   : lowlev.obj (.text:_getdevice)
                  10805ee0    00000100                   : _printfi.obj (.text:__ltostr)
                  10805fe0    000000e0                   : trgdrv.obj (.text:_HOSTlseek)
                  108060c0    000000e0                   : _printfi.obj (.text:__div)
                  108061a0    000000e0                   : memset.obj (.text:_memset)
                  10806280    000000e0                   : lowlev.obj (.text:_close)
                  10806360    000000e0     main.obj (.text)
                  10806440    000000e0     rts64plus.lib : fseek.obj (.text:_fseek)
                  10806520    000000e0                   : autoinit.obj (.text:__auto_init)
                  10806600    000000c0                   : _printfi.obj (.text:__ecpy)
                  108066c0    000000c0                   : trgdrv.obj (.text:_HOSTunlink)
                  10806780    000000c0                   : _printfi.obj (.text:__pconv_f)
                  10806840    000000c0                   : trgdrv.obj (.text:_HOSTwrite)
                  10806900    000000c0                   : divu.obj (.text:__divu)
                  108069c0    000000c0                   : lowlev.obj (.text:_write)
                  10806a80    000000c0                   : lowlev.obj (.text:_lseek)
                  10806b40    000000c0                   : fopen.obj (.text:__cleanup)
                  10806c00    000000c0                   : trgdrv.obj (.text:_HOSTread)
                  10806cc0    000000c0                   : ltoa.obj (.text:_ltoa)
                  10806d80    000000a0                   : imath40.obj (.text:__divli)
                  10806e20    000000a0                   : trgmsg.obj (.text:_readmsg)
                  10806ec0    000000a0                   : memory.obj (.text:_minsert)
                  10806f60    000000a0                   : fltlid.obj (.text:__fltlid)
                  10807000    000000a0                   : memory.obj (.text:_mremove)
                  108070a0    000000a0                   : trgmsg.obj (.text:_writemsg)
                  10807140    000000a0                   : memcpy64.obj (.text:_memcpy)
                  108071e0    000000a0                   : lowlev.obj (.text:_finddevice)
                  10807280    000000a0                   : renormd.obj (.text:_renormd)
                  10807320    000000a0                   : fflush.obj (.text:__doflush)
                  108073c0    000000a0                   : trgdrv.obj (.text:_HOSTclose)
                  10807460    000000a0                   : remu.obj (.text:__remu)
                  10807500    000000a0                   : fixdli.obj (.text:__fixdli)
                  108075a0    00000080                   : llshift.obj (.text:__llshl)
                  10807620    00000080                   : lowlev.obj (.text:_unlink)
                  108076a0    00000080                   : cmpd.obj (.text:__cmpd)
                  10807720    00000080                   : printf.obj (.text:_printf)
                  108077a0    00000080                   : fixdi.obj (.text:__fixdi)
                  10807820    00000060                   : memccpy.obj (.text:_memccpy)
                  10807880    00000060                   : imath64.obj (.text:__subcull)
                  108078e0    00000060                   : boot.obj (.text:_c_int00)
                  10807940    00000040                   : subd.obj (.text:__subd)
                  10807980    00000040                   : imath40.obj (.text:__remli)
                  108079c0    00000040                   : args_main.obj (.text:__args_main)
                  10807a00    00000040                   : negd.obj (.text:__negd)
                  10807a40    00000040                   : llshift.obj (.text:__llshru)
                  10807a80    00000020                   : printf.obj (.text:__outs)
                  10807aa0    00000020                   : printf.obj (.text:__outc)
                  10807ac0    00000020                   : negll.obj (.text:__negll)
                  10807ae0    00000020                   : _lock.obj (.text:__nop)
                  10807b00    00000020                   : remove.obj (.text:_remove)
                  10807b20    00000020                   : exit.obj (.text:_abort)

.stack     0    10807b40    00001000     UNINITIALIZED
                  10807b40    00000008     rts64plus.lib : boot.obj (.stack)

.sysmem    0    10808b40    00001000     UNINITIALIZED
                  10808b40    00000008     rts64plus.lib : memory.obj (.sysmem)

.far       0    10809b40    00000404     UNINITIALIZED
                  10809b40    00000194     rts64plus.lib : defs.obj (.far)
                  10809cd4    00000004                   : fopen.obj (.far)
                  10809cd8    000000d0                   : trgdrv.obj (.far)
                  10809da8    000000cc                   : lowlev.obj (.far)
                  10809e78    00000090                   : exit.obj (.far)
                  10809f08    00000020     evmdm6437bsl.lib : evmdm6437_gpio.obj (.far)
                  10809f28    0000000c                      : evmdm6437_flash_id.obj (.far)
                  10809f34    00000008     rts64plus.lib : memory.obj (.far)
                  10809f3c    00000008                   : _lock.obj (.far)

.const     0    10809f48    00000297     
                  10809f48    00000107     pll1705_test.obj (.const)
                  1080a04f    00000001     --HOLE-- [fill = 0]
                  1080a050    00000101     rts64plus.lib : ctype.obj (.const)
                  1080a151    00000002                   : fputs.obj (.const)
                  1080a153    00000001     --HOLE-- [fill = 0]
                  1080a154    00000068     main.obj (.const)
                  1080a1bc    00000023     rts64plus.lib : _printfi.obj (.const)

.cinit     0    1080a1e0    0000020c     
                  1080a1e0    0000005c     rts64plus.lib : defs.obj (.cinit)
                  1080a23c    00000004     --HOLE-- [fill = 0]
                  1080a240    0000005c                   : lowlev.obj (.cinit)
                  1080a29c    00000004     --HOLE-- [fill = 0]
                  1080a2a0    00000058     evmdm6437bsl.lib : evmdm6437_gpio.obj (.cinit)
                  1080a2f8    0000003c                      : evmdm6437_flash_id.obj (.cinit)
                  1080a334    00000004     --HOLE-- [fill = 0]
                  1080a338    0000002c     rts64plus.lib : memory.obj (.cinit)
                  1080a364    00000004     --HOLE-- [fill = 0]
                  1080a368    0000002c                   : exit.obj (.cinit)
                  1080a394    00000004     --HOLE-- [fill = 0]
                  1080a398    0000001c                   : _lock.obj (.cinit)
                  1080a3b4    00000004     --HOLE-- [fill = 0]
                  1080a3b8    0000000c     evmdm6437bsl.lib : evmdm6437_psc.obj (.cinit)
                  1080a3c4    00000004     --HOLE-- [fill = 0]
                  1080a3c8    0000000c     rts64plus.lib : fopen.obj (.cinit)
                  1080a3d4    00000004     --HOLE-- [fill = 0]
                  1080a3d8    0000000c     evmdm6437bsl.lib : evmdm6437_i2c.obj (.cinit)
                  1080a3e4    00000008     --HOLE-- [fill = 0]

.cio       0    1080a3f0    00000120     UNINITIALIZED
                  1080a3f0    00000120     rts64plus.lib : trgmsg.obj (.cio)

.switch    0    1080a510    00000030     
                  1080a510    00000020     evmdm6437bsl.lib : evmdm6437.obj (.switch)
                  1080a530    00000010     rts64plus.lib : frcdivd.obj (.switch)

.bss       0    1080a540    00000018     UNINITIALIZED
                  1080a540    00000010     evmdm6437bsl.lib : evmdm6437_flash_id.obj (.bss)
                  1080a550    00000004                      : evmdm6437_psc.obj (.bss)
                  1080a554    00000004                      : evmdm6437_i2c.obj (.bss)


GLOBAL SYMBOLS: SORTED ALPHABETICALLY BY Name 

address    name
--------   ----
1080a540   $bss
1080a540   .bss
10800000   .data
10800000   .text
10807b20   C$$EXIT
10807128   C$$IO$$
108049a0   _EVMDM6437_DDR_init
10801818   _EVMDM6437_FLASH_getTotalPages
10805560   _EVMDM6437_FLASH_init
108045e4   _EVMDM6437_GPIO_getInput
108044a0   _EVMDM6437_GPIO_init
108044b4   _EVMDM6437_GPIO_setDir
10804554   _EVMDM6437_GPIO_setOutput
108042a0   _EVMDM6437_I2C_GPIO_checkIntr
10804214   _EVMDM6437_I2C_GPIO_getInput
10804118   _EVMDM6437_I2C_GPIO_getall
10804100   _EVMDM6437_I2C_GPIO_init
10804164   _EVMDM6437_I2C_GPIO_setOutput
10804140   _EVMDM6437_I2C_GPIO_setall
10804268   _EVMDM6437_I2C_GPIO_setupIntr
108042b0   _EVMDM6437_I2C_GPIO_waitForIntr
10803060   _EVMDM6437_I2C_close
10803020   _EVMDM6437_I2C_init
10803180   _EVMDM6437_I2C_read
10803074   _EVMDM6437_I2C_reset
10803088   _EVMDM6437_I2C_write
10803920   _EVMDM6437_LED_init
108039c0   _EVMDM6437_LED_off
10803930   _EVMDM6437_LED_on
10803a4c   _EVMDM6437_LED_toggle
10803330   _EVMDM6437_PSC_changeState
10803280   _EVMDM6437_PSC_enableAll
10800000   _EVMDM6437_enablePll1
10800210   _EVMDM6437_enablePll2
10801080   _EVMDM6437_init
10801020   _EVMDM6437_startupGEL
108073c0   _HOSTclose
10805fe0   _HOSTlseek
10805be0   _HOSTopen
10806c00   _HOSTread
10804660   _HOSTrename
108066c0   _HOSTunlink
10806840   _HOSTwrite
10806360   _TEST_execute
1080a3f0   __CIOBUF_
10801700   __FLASH_getId
10801804   __FLASH_getMfg
10801958   __FLASH_getPageLength
10801964   __FLASH_nextPage
108055ac   __FLASH_waitWhileErasing
10805618   __FLASH_waitWhileProgramming
00001000   __STACK_SIZE
00001000   __SYSMEM_SIZE
ffffffff   ___binit__
1080a540   ___bss__
ffffffff   ___c_args__
1080a1e0   ___cinit__
10800000   ___data__
10800000   ___edata__
1080a558   ___end__
10807b40   ___etext__
ffffffff   ___pinit__
10800000   ___text__
10805160   __addd
108079c0   __args_main
10806520   __auto_init
10806b40   __cleanup
10809f00   __cleanup_ptr
10801120   __clrPinMux
108076a0   __cmpd
1080a050   __ctypes_
108042e0   __divd
10806d80   __divli
10806900   __divu
10804800   __divul
108034c0   __divull
10807320   __doflush
10809f04   __dtors_ptr
108077a0   __fixdi
10807500   __fixdli
10806f60   __fltlid
10803b20   __frcaddd
10802dc0   __frcdivd
108059e0   __frcmpyd
10809cd0   __ft_end
10809b40   __ftable
108075a0   __llshl
10807a40   __llshru
10809f3c   __lock
10804ce0   __mpyd
10807a00   __negd
10807ac0   __negll
10807ae0   __nop
108013a0   __printfi
10807980   __remli
10807460   __remu
10801164   __resetEMIF
108010d8   __setPinMux
10801264   __setupEMIF
108010a0   __setupPinMux
10807b40   __stack
10807880   __subcull
10807940   __subd
10808b40   __sys_memory
10809c30   __tmpnams
10809f40   __unlock
1080134c   __wait
10801380   __waitusec
108058e0   __wrt_ok
10807b20   _abort
10805ce0   _atoi
108078e0   _c_int00
10806280   _close
10805ae0   _exit
108057c0   _fclose
10805420   _fputc
10801d00   _fputs
10802b40   _free
10806440   _fseek
1080a554   _i2c_timeout
10806a80   _lseek
10806cc0   _ltoa
108063fc   _main
10804e80   _malloc
10807820   _memccpy
10807140   _memcpy
108061a0   _memset
108008a0   _pll1705_test
10807720   _printf
10805420   _putc
10806e20   _readmsg
10807b00   _remove
10807280   _renormd
10804b40   _setvbuf
10807620   _unlink
108069c0   _write
108070a0   _writemsg
ffffffff   binit
1080a1e0   cinit
10800000   edata
1080a558   end
10807b40   etext
ffffffff   pinit


GLOBAL SYMBOLS: SORTED BY Symbol Address 

address    name
--------   ----
00001000   __STACK_SIZE
00001000   __SYSMEM_SIZE
10800000   ___text__
10800000   ___edata__
10800000   ___data__
10800000   .text
10800000   .data
10800000   edata
10800000   _EVMDM6437_enablePll1
10800210   _EVMDM6437_enablePll2
108008a0   _pll1705_test
10801020   _EVMDM6437_startupGEL
10801080   _EVMDM6437_init
108010a0   __setupPinMux
108010d8   __setPinMux
10801120   __clrPinMux
10801164   __resetEMIF
10801264   __setupEMIF
1080134c   __wait
10801380   __waitusec
108013a0   __printfi
10801700   __FLASH_getId
10801804   __FLASH_getMfg
10801818   _EVMDM6437_FLASH_getTotalPages
10801958   __FLASH_getPageLength
10801964   __FLASH_nextPage
10801d00   _fputs
10802b40   _free
10802dc0   __frcdivd
10803020   _EVMDM6437_I2C_init
10803060   _EVMDM6437_I2C_close
10803074   _EVMDM6437_I2C_reset
10803088   _EVMDM6437_I2C_write
10803180   _EVMDM6437_I2C_read
10803280   _EVMDM6437_PSC_enableAll
10803330   _EVMDM6437_PSC_changeState
108034c0   __divull
10803920   _EVMDM6437_LED_init
10803930   _EVMDM6437_LED_on
108039c0   _EVMDM6437_LED_off
10803a4c   _EVMDM6437_LED_toggle
10803b20   __frcaddd
10804100   _EVMDM6437_I2C_GPIO_init
10804118   _EVMDM6437_I2C_GPIO_getall
10804140   _EVMDM6437_I2C_GPIO_setall
10804164   _EVMDM6437_I2C_GPIO_setOutput
10804214   _EVMDM6437_I2C_GPIO_getInput
10804268   _EVMDM6437_I2C_GPIO_setupIntr
108042a0   _EVMDM6437_I2C_GPIO_checkIntr
108042b0   _EVMDM6437_I2C_GPIO_waitForIntr
108042e0   __divd
108044a0   _EVMDM6437_GPIO_init
108044b4   _EVMDM6437_GPIO_setDir
10804554   _EVMDM6437_GPIO_setOutput
108045e4   _EVMDM6437_GPIO_getInput
10804660   _HOSTrename
10804800   __divul
108049a0   _EVMDM6437_DDR_init
10804b40   _setvbuf
10804ce0   __mpyd
10804e80   _malloc
10805160   __addd
10805420   _fputc
10805420   _putc
10805560   _EVMDM6437_FLASH_init
108055ac   __FLASH_waitWhileErasing
10805618   __FLASH_waitWhileProgramming
108057c0   _fclose
108058e0   __wrt_ok
108059e0   __frcmpyd
10805ae0   _exit
10805be0   _HOSTopen
10805ce0   _atoi
10805fe0   _HOSTlseek
108061a0   _memset
10806280   _close
10806360   _TEST_execute
108063fc   _main
10806440   _fseek
10806520   __auto_init
108066c0   _HOSTunlink
10806840   _HOSTwrite
10806900   __divu
108069c0   _write
10806a80   _lseek
10806b40   __cleanup
10806c00   _HOSTread
10806cc0   _ltoa
10806d80   __divli
10806e20   _readmsg
10806f60   __fltlid
108070a0   _writemsg
10807128   C$$IO$$
10807140   _memcpy
10807280   _renormd
10807320   __doflush
108073c0   _HOSTclose
10807460   __remu
10807500   __fixdli
108075a0   __llshl
10807620   _unlink
108076a0   __cmpd
10807720   _printf
108077a0   __fixdi
10807820   _memccpy
10807880   __subcull
108078e0   _c_int00
10807940   __subd
10807980   __remli
108079c0   __args_main
10807a00   __negd
10807a40   __llshru
10807ac0   __negll
10807ae0   __nop
10807b00   _remove
10807b20   C$$EXIT
10807b20   _abort
10807b40   etext
10807b40   ___etext__
10807b40   __stack
10808b40   __sys_memory
10809b40   __ftable
10809c30   __tmpnams
10809cd0   __ft_end
10809f00   __cleanup_ptr
10809f04   __dtors_ptr
10809f3c   __lock
10809f40   __unlock
1080a050   __ctypes_
1080a1e0   ___cinit__
1080a1e0   cinit
1080a3f0   __CIOBUF_
1080a540   $bss
1080a540   ___bss__
1080a540   .bss
1080a554   _i2c_timeout
1080a558   ___end__
1080a558   end
ffffffff   pinit
ffffffff   ___pinit__
ffffffff   ___binit__
ffffffff   binit
ffffffff   ___c_args__

[143 symbols]
