******************************************************************************
          TMS320C6x COFF Linker PC v6.0.1                      
******************************************************************************
>> Linked Mon Sep 17 13:32:08 2007

OUTPUT FILE NAME:   <./Debug/sram.out>
ENTRY POINT SYMBOL: "_c_int00"  address: 108074e0


MEMORY CONFIGURATION

         name            origin    length      used     unused   attr    fill
----------------------  --------  ---------  --------  --------  ----  --------
  L2RAM                 10800000   00020000  0000a0a4  00015f5c  RWIX
  DDR2                  80000000   10000000  00000000  10000000  RWIX


SECTION ALLOCATION MAP

 output                                  attributes/
section   page    origin      length       input sections
--------  ----  ----------  ----------   ----------------
.ddr2      0    80000000    00000000     UNINITIALIZED

.data      0    10800000    00000000     UNINITIALIZED

.text      0    10800000    000077a0     
                  10800000    00000480     evmdm6437bsl.lib : evmdm6437_pll.obj (.text)
                  10800480    00000420     rts64plus.lib : _printfi.obj (.text:__setfield)
                  108008a0    00000380                   : _printfi.obj (.text:__getarg_diouxp)
                  10800c20    00000380     evmdm6437bsl.lib : evmdm6437.obj (.text)
                  10800fa0    00000360     rts64plus.lib : _printfi.obj (.text:__printfi)
                  10801300    00000300                   : _printfi.obj (.text:_ecvt)
                  10801600    00000300     evmdm6437bsl.lib : evmdm6437_flash_id.obj (.text)
                  10801900    00000300     rts64plus.lib : fputs.obj (.text:_fputs)
                  10801c00    000002e0                   : _printfi.obj (.text:__pproc_fwp)
                  10801ee0    000002e0                   : _printfi.obj (.text:_fcvt)
                  108021c0    000002e0                   : _printfi.obj (.text:__fcpy)
                  108024a0    000002a0                   : _printfi.obj (.text:__pconv_e)
                  10802740    00000280                   : memory.obj (.text:_free)
                  108029c0    00000260                   : frcdivd.obj (.text:__frcdivd)
                  10802c20    00000260     evmdm6437bsl.lib : evmdm6437_i2c.obj (.text)
                  10802e80    00000240     rts64plus.lib : imath64.obj (.text:__divull)
                  108030c0    00000240     evmdm6437bsl.lib : evmdm6437_psc.obj (.text)
                  10803300    00000220     rts64plus.lib : _printfi.obj (.text:__pproc_str)
                  10803520    00000200                   : frcaddd.obj (.text:__frcaddd)
                  10803720    00000200                   : _printfi.obj (.text:__pproc_diouxp)
                  10803920    000001e0     evmdm6437bsl.lib : evmdm6437_i2c_gpio.obj (.text)
                  10803b00    000001e0     rts64plus.lib : _printfi.obj (.text:__mcpy)
                  10803ce0    000001e0     mem_test.obj (.text)
                  10803ec0    000001c0     rts64plus.lib : divd.obj (.text:__divd)
                  10804080    000001c0     evmdm6437bsl.lib : evmdm6437_gpio.obj (.text)
                  10804240    000001a0     rts64plus.lib : trgdrv.obj (.text:_HOSTrename)
                  108043e0    000001a0                   : mpyd.obj (.text:__mpyd)
                  10804580    000001a0     evmdm6437bsl.lib : evmdm6437_ddr.obj (.text)
                  10804720    000001a0     rts64plus.lib : setvbuf.obj (.text:_setvbuf)
                  108048c0    000001a0                   : imath40.obj (.text:__divul)
                  10804a60    00000180                   : memory.obj (.text:_malloc)
                  10804be0    00000160                   : _printfi.obj (.text:__pproc_fge)
                  10804d40    00000160                   : addd.obj (.text:__addd)
                  10804ea0    00000160                   : _printfi.obj (.text:__pconv_g)
                  10805000    00000140                   : fputc.obj (.text:_fputc)
                  10805140    00000140     evmdm6437bsl.lib : evmdm6437_flash.obj (.text)
                  10805280    00000120     rts64plus.lib : _printfi.obj (.text:__pproc_fflags)
                  108053a0    00000120     sram_test.obj (.text)
                  108054c0    00000120     rts64plus.lib : fclose.obj (.text:_fclose)
                  108055e0    00000100                   : atoi.obj (.text:_atoi)
                  108056e0    00000100                   : frcmpyd.obj (.text:__frcmpyd)
                  108057e0    00000100                   : lowlev.obj (.text:_getdevice)
                  108058e0    00000100                   : exit.obj (.text:_exit)
                  108059e0    00000100                   : _io_perm.obj (.text:__wrt_ok)
                  10805ae0    00000100                   : _printfi.obj (.text:__ltostr)
                  10805be0    00000100                   : trgdrv.obj (.text:_HOSTopen)
                  10805ce0    000000e0                   : trgdrv.obj (.text:_HOSTlseek)
                  10805dc0    000000e0                   : _printfi.obj (.text:__div)
                  10805ea0    000000e0                   : memset.obj (.text:_memset)
                  10805f80    000000e0     main.obj (.text)
                  10806060    000000e0     rts64plus.lib : autoinit.obj (.text:__auto_init)
                  10806140    000000e0                   : fseek.obj (.text:_fseek)
                  10806220    000000e0                   : lowlev.obj (.text:_close)
                  10806300    000000c0                   : divu.obj (.text:__divu)
                  108063c0    000000c0                   : trgdrv.obj (.text:_HOSTunlink)
                  10806480    000000c0                   : _printfi.obj (.text:__pconv_f)
                  10806540    000000c0                   : _printfi.obj (.text:__ecpy)
                  10806600    000000c0                   : fopen.obj (.text:__cleanup)
                  108066c0    000000c0                   : trgdrv.obj (.text:_HOSTwrite)
                  10806780    000000c0                   : ltoa.obj (.text:_ltoa)
                  10806840    000000c0                   : lowlev.obj (.text:_lseek)
                  10806900    000000c0                   : trgdrv.obj (.text:_HOSTread)
                  108069c0    000000c0                   : lowlev.obj (.text:_write)
                  10806a80    000000a0                   : renormd.obj (.text:_renormd)
                  10806b20    000000a0                   : trgmsg.obj (.text:_readmsg)
                  10806bc0    000000a0                   : memory.obj (.text:_mremove)
                  10806c60    000000a0                   : fltlid.obj (.text:__fltlid)
                  10806d00    000000a0                   : imath40.obj (.text:__divli)
                  10806da0    000000a0                   : lowlev.obj (.text:_finddevice)
                  10806e40    000000a0                   : fflush.obj (.text:__doflush)
                  10806ee0    000000a0                   : trgdrv.obj (.text:_HOSTclose)
                  10806f80    000000a0                   : memcpy64.obj (.text:_memcpy)
                  10807020    000000a0                   : trgmsg.obj (.text:_writemsg)
                  108070c0    000000a0                   : memory.obj (.text:_minsert)
                  10807160    000000a0                   : fixdli.obj (.text:__fixdli)
                  10807200    00000080                   : printf.obj (.text:_printf)
                  10807280    00000080                   : cmpd.obj (.text:__cmpd)
                  10807300    00000080                   : llshift.obj (.text:__llshl)
                  10807380    00000080                   : lowlev.obj (.text:_unlink)
                  10807400    00000080                   : fixdi.obj (.text:__fixdi)
                  10807480    00000060                   : memccpy.obj (.text:_memccpy)
                  108074e0    00000060                   : boot.obj (.text:_c_int00)
                  10807540    00000060                   : imath64.obj (.text:__subcull)
                  108075a0    00000040                   : imath40.obj (.text:__remli)
                  108075e0    00000040                   : llshift.obj (.text:__llshru)
                  10807620    00000040                   : subd.obj (.text:__subd)
                  10807660    00000040                   : args_main.obj (.text:__args_main)
                  108076a0    00000040                   : negd.obj (.text:__negd)
                  108076e0    00000020                   : printf.obj (.text:__outs)
                  10807700    00000020                   : printf.obj (.text:__outc)
                  10807720    00000020                   : negll.obj (.text:__negll)
                  10807740    00000020                   : _lock.obj (.text:__nop)
                  10807760    00000020                   : remove.obj (.text:_remove)
                  10807780    00000020                   : exit.obj (.text:_abort)

.stack     0    108077a0    00001000     UNINITIALIZED
                  108077a0    00000008     rts64plus.lib : boot.obj (.stack)

.sysmem    0    108087a0    00001000     UNINITIALIZED
                  108087a0    00000008     rts64plus.lib : memory.obj (.sysmem)

.far       0    108097a0    00000404     UNINITIALIZED
                  108097a0    00000194     rts64plus.lib : defs.obj (.far)
                  10809934    00000004                   : fopen.obj (.far)
                  10809938    000000d0                   : trgdrv.obj (.far)
                  10809a08    000000cc                   : lowlev.obj (.far)
                  10809ad8    00000090                   : exit.obj (.far)
                  10809b68    00000020     evmdm6437bsl.lib : evmdm6437_gpio.obj (.far)
                  10809b88    0000000c                      : evmdm6437_flash_id.obj (.far)
                  10809b94    00000008     rts64plus.lib : memory.obj (.far)
                  10809b9c    00000008                   : _lock.obj (.far)

.cinit     0    10809ba8    0000020c     
                  10809ba8    0000005c     rts64plus.lib : defs.obj (.cinit)
                  10809c04    00000004     --HOLE-- [fill = 0]
                  10809c08    0000005c                   : lowlev.obj (.cinit)
                  10809c64    00000004     --HOLE-- [fill = 0]
                  10809c68    00000058     evmdm6437bsl.lib : evmdm6437_gpio.obj (.cinit)
                  10809cc0    0000003c                      : evmdm6437_flash_id.obj (.cinit)
                  10809cfc    00000004     --HOLE-- [fill = 0]
                  10809d00    0000002c     rts64plus.lib : memory.obj (.cinit)
                  10809d2c    00000004     --HOLE-- [fill = 0]
                  10809d30    0000002c                   : exit.obj (.cinit)
                  10809d5c    00000004     --HOLE-- [fill = 0]
                  10809d60    0000001c                   : _lock.obj (.cinit)
                  10809d7c    00000004     --HOLE-- [fill = 0]
                  10809d80    0000000c     evmdm6437bsl.lib : evmdm6437_psc.obj (.cinit)
                  10809d8c    00000004     --HOLE-- [fill = 0]
                  10809d90    0000000c     rts64plus.lib : fopen.obj (.cinit)
                  10809d9c    00000004     --HOLE-- [fill = 0]
                  10809da0    0000000c     evmdm6437bsl.lib : evmdm6437_i2c.obj (.cinit)
                  10809dac    00000008     --HOLE-- [fill = 0]

.const     0    10809db8    0000018c     
                  10809db8    00000101     rts64plus.lib : ctype.obj (.const)
                  10809eb9    00000002                   : fputs.obj (.const)
                  10809ebb    00000001     --HOLE-- [fill = 0]
                  10809ebc    00000065     main.obj (.const)
                  10809f21    00000023     rts64plus.lib : _printfi.obj (.const)

.cio       0    10809f48    00000120     UNINITIALIZED
                  10809f48    00000120     rts64plus.lib : trgmsg.obj (.cio)

.switch    0    1080a068    00000030     
                  1080a068    00000020     evmdm6437bsl.lib : evmdm6437.obj (.switch)
                  1080a088    00000010     rts64plus.lib : frcdivd.obj (.switch)

.bss       0    1080a098    00000018     UNINITIALIZED
                  1080a098    00000010     evmdm6437bsl.lib : evmdm6437_flash_id.obj (.bss)
                  1080a0a8    00000004                      : evmdm6437_i2c.obj (.bss)
                  1080a0ac    00000004                      : evmdm6437_psc.obj (.bss)


GLOBAL SYMBOLS: SORTED ALPHABETICALLY BY Name 

address    name
--------   ----
1080a098   $bss
1080a098   .bss
10800000   .data
10800000   .text
10807780   C$$EXIT
108070a8   C$$IO$$
10804580   _EVMDM6437_DDR_init
10801718   _EVMDM6437_FLASH_getTotalPages
10805140   _EVMDM6437_FLASH_init
108041c4   _EVMDM6437_GPIO_getInput
10804080   _EVMDM6437_GPIO_init
10804094   _EVMDM6437_GPIO_setDir
10804134   _EVMDM6437_GPIO_setOutput
10803ac0   _EVMDM6437_I2C_GPIO_checkIntr
10803a34   _EVMDM6437_I2C_GPIO_getInput
10803938   _EVMDM6437_I2C_GPIO_getall
10803920   _EVMDM6437_I2C_GPIO_init
10803984   _EVMDM6437_I2C_GPIO_setOutput
10803960   _EVMDM6437_I2C_GPIO_setall
10803a88   _EVMDM6437_I2C_GPIO_setupIntr
10803ad0   _EVMDM6437_I2C_GPIO_waitForIntr
10802c60   _EVMDM6437_I2C_close
10802c20   _EVMDM6437_I2C_init
10802d80   _EVMDM6437_I2C_read
10802c74   _EVMDM6437_I2C_reset
10802c88   _EVMDM6437_I2C_write
10803170   _EVMDM6437_PSC_changeState
108030c0   _EVMDM6437_PSC_enableAll
10800000   _EVMDM6437_enablePll1
10800210   _EVMDM6437_enablePll2
10800c80   _EVMDM6437_init
10800c20   _EVMDM6437_startupGEL
10806ee0   _HOSTclose
10805ce0   _HOSTlseek
10805be0   _HOSTopen
10806900   _HOSTread
10804240   _HOSTrename
108063c0   _HOSTunlink
108066c0   _HOSTwrite
10805f80   _TEST_execute
10809f48   __CIOBUF_
10801600   __FLASH_getId
10801704   __FLASH_getMfg
10801858   __FLASH_getPageLength
10801864   __FLASH_nextPage
1080518c   __FLASH_waitWhileErasing
108051f8   __FLASH_waitWhileProgramming
00001000   __STACK_SIZE
00001000   __SYSMEM_SIZE
ffffffff   ___binit__
1080a098   ___bss__
ffffffff   ___c_args__
10809ba8   ___cinit__
10800000   ___data__
10800000   ___edata__
1080a0b0   ___end__
108077a0   ___etext__
ffffffff   ___pinit__
10800000   ___text__
10804d40   __addd
10807660   __args_main
10806060   __auto_init
10806600   __cleanup
10809b60   __cleanup_ptr
10800d20   __clrPinMux
10807280   __cmpd
10809db8   __ctypes_
10803ec0   __divd
10806d00   __divli
10806300   __divu
108048c0   __divul
10802e80   __divull
10806e40   __doflush
10809b64   __dtors_ptr
10807400   __fixdi
10807160   __fixdli
10806c60   __fltlid
10803520   __frcaddd
108029c0   __frcdivd
108056e0   __frcmpyd
10809930   __ft_end
108097a0   __ftable
10807300   __llshl
108075e0   __llshru
10809b9c   __lock
108043e0   __mpyd
108076a0   __negd
10807720   __negll
10807740   __nop
10800fa0   __printfi
108075a0   __remli
10800d64   __resetEMIF
10800cd8   __setPinMux
10800e64   __setupEMIF
10800ca0   __setupPinMux
108077a0   __stack
10807540   __subcull
10807620   __subd
108087a0   __sys_memory
10809890   __tmpnams
10809ba0   __unlock
10800f4c   __wait
10800f80   __waitusec
108059e0   __wrt_ok
10807780   _abort
108055e0   _atoi
108074e0   _c_int00
10806220   _close
108058e0   _exit
108054c0   _fclose
10805000   _fputc
10801900   _fputs
10802740   _free
10806140   _fseek
1080a0a8   _i2c_timeout
10806840   _lseek
10806780   _ltoa
1080601c   _main
10804a60   _malloc
10803d80   _memaddr32
10807480   _memccpy
10806f80   _memcpy
10803ce0   _memfill32
10803e10   _meminvaddr32
10805ea0   _memset
10807200   _printf
10805000   _putc
10806b20   _readmsg
10807760   _remove
10806a80   _renormd
10804720   _setvbuf
108053a0   _sram_init
108053c4   _sram_test
10807380   _unlink
108069c0   _write
10807020   _writemsg
ffffffff   binit
10809ba8   cinit
10800000   edata
1080a0b0   end
108077a0   etext
ffffffff   pinit


GLOBAL SYMBOLS: SORTED BY Symbol Address 

address    name
--------   ----
00001000   __SYSMEM_SIZE
00001000   __STACK_SIZE
10800000   _EVMDM6437_enablePll1
10800000   ___text__
10800000   ___edata__
10800000   ___data__
10800000   .text
10800000   .data
10800000   edata
10800210   _EVMDM6437_enablePll2
10800c20   _EVMDM6437_startupGEL
10800c80   _EVMDM6437_init
10800ca0   __setupPinMux
10800cd8   __setPinMux
10800d20   __clrPinMux
10800d64   __resetEMIF
10800e64   __setupEMIF
10800f4c   __wait
10800f80   __waitusec
10800fa0   __printfi
10801600   __FLASH_getId
10801704   __FLASH_getMfg
10801718   _EVMDM6437_FLASH_getTotalPages
10801858   __FLASH_getPageLength
10801864   __FLASH_nextPage
10801900   _fputs
10802740   _free
108029c0   __frcdivd
10802c20   _EVMDM6437_I2C_init
10802c60   _EVMDM6437_I2C_close
10802c74   _EVMDM6437_I2C_reset
10802c88   _EVMDM6437_I2C_write
10802d80   _EVMDM6437_I2C_read
10802e80   __divull
108030c0   _EVMDM6437_PSC_enableAll
10803170   _EVMDM6437_PSC_changeState
10803520   __frcaddd
10803920   _EVMDM6437_I2C_GPIO_init
10803938   _EVMDM6437_I2C_GPIO_getall
10803960   _EVMDM6437_I2C_GPIO_setall
10803984   _EVMDM6437_I2C_GPIO_setOutput
10803a34   _EVMDM6437_I2C_GPIO_getInput
10803a88   _EVMDM6437_I2C_GPIO_setupIntr
10803ac0   _EVMDM6437_I2C_GPIO_checkIntr
10803ad0   _EVMDM6437_I2C_GPIO_waitForIntr
10803ce0   _memfill32
10803d80   _memaddr32
10803e10   _meminvaddr32
10803ec0   __divd
10804080   _EVMDM6437_GPIO_init
10804094   _EVMDM6437_GPIO_setDir
10804134   _EVMDM6437_GPIO_setOutput
108041c4   _EVMDM6437_GPIO_getInput
10804240   _HOSTrename
108043e0   __mpyd
10804580   _EVMDM6437_DDR_init
10804720   _setvbuf
108048c0   __divul
10804a60   _malloc
10804d40   __addd
10805000   _putc
10805000   _fputc
10805140   _EVMDM6437_FLASH_init
1080518c   __FLASH_waitWhileErasing
108051f8   __FLASH_waitWhileProgramming
108053a0   _sram_init
108053c4   _sram_test
108054c0   _fclose
108055e0   _atoi
108056e0   __frcmpyd
108058e0   _exit
108059e0   __wrt_ok
10805be0   _HOSTopen
10805ce0   _HOSTlseek
10805ea0   _memset
10805f80   _TEST_execute
1080601c   _main
10806060   __auto_init
10806140   _fseek
10806220   _close
10806300   __divu
108063c0   _HOSTunlink
10806600   __cleanup
108066c0   _HOSTwrite
10806780   _ltoa
10806840   _lseek
10806900   _HOSTread
108069c0   _write
10806a80   _renormd
10806b20   _readmsg
10806c60   __fltlid
10806d00   __divli
10806e40   __doflush
10806ee0   _HOSTclose
10806f80   _memcpy
10807020   _writemsg
108070a8   C$$IO$$
10807160   __fixdli
10807200   _printf
10807280   __cmpd
10807300   __llshl
10807380   _unlink
10807400   __fixdi
10807480   _memccpy
108074e0   _c_int00
10807540   __subcull
108075a0   __remli
108075e0   __llshru
10807620   __subd
10807660   __args_main
108076a0   __negd
10807720   __negll
10807740   __nop
10807760   _remove
10807780   _abort
10807780   C$$EXIT
108077a0   etext
108077a0   ___etext__
108077a0   __stack
108087a0   __sys_memory
108097a0   __ftable
10809890   __tmpnams
10809930   __ft_end
10809b60   __cleanup_ptr
10809b64   __dtors_ptr
10809b9c   __lock
10809ba0   __unlock
10809ba8   ___cinit__
10809ba8   cinit
10809db8   __ctypes_
10809f48   __CIOBUF_
1080a098   $bss
1080a098   ___bss__
1080a098   .bss
1080a0a8   _i2c_timeout
1080a0b0   end
1080a0b0   ___end__
ffffffff   pinit
ffffffff   ___pinit__
ffffffff   ___binit__
ffffffff   ___c_args__
ffffffff   binit

[142 symbols]
