******************************************************************************
          TMS320C6x COFF Linker PC v6.0.1                      
******************************************************************************
>> Linked Mon Sep 17 13:32:03 2007

OUTPUT FILE NAME:   <./Debug/setmac.out>
ENTRY POINT SYMBOL: "_c_int00"  address: 1080b560


MEMORY CONFIGURATION

         name            origin    length      used     unused   attr    fill
----------------------  --------  ---------  --------  --------  ----  --------
  L2RAM                 10800000   00020000  0000e3db  00011c25  RWIX
  DDR2                  80000000   10000000  00000000  10000000  RWIX


SECTION ALLOCATION MAP

 output                                  attributes/
section   page    origin      length       input sections
--------  ----  ----------  ----------   ----------------
.ddr2      0    80000000    00000000     UNINITIALIZED

.data      0    10800000    00000000     UNINITIALIZED

.text      0    10800000    0000b840     
                  10800000    00000820     rts64plus.lib : _scanfi.obj (.text:__scanfi)
                  10800820    00000560                   : strtod.obj (.text:_strtod)
                  10800d80    00000560                   : _scanfi.obj (.text:__sset_arg)
                  108012e0    00000560                   : strtold.obj (.text:_strtold)
                  10801840    00000480     evmdm6437bsl.lib : evmdm6437_pll.obj (.text)
                  10801cc0    00000420     rts64plus.lib : _printfi.obj (.text:__setfield)
                  108020e0    00000420                   : strtoll.obj (.text:_strtoll)
                  10802500    00000400                   : strtoull.obj (.text:_strtoull)
                  10802900    000003e0                   : strtol.obj (.text:_strtol)
                  10802ce0    000003e0                   : strtoul.obj (.text:_strtoul)
                  108030c0    000003a0     setmac.obj (.text)
                  10803460    00000380     evmdm6437bsl.lib : evmdm6437.obj (.text)
                  108037e0    00000380     rts64plus.lib : _printfi.obj (.text:__getarg_diouxp)
                  10803b60    00000360                   : _printfi.obj (.text:__printfi)
                  10803ec0    00000320                   : _scanfi.obj (.text:__sproc_int)
                  108041e0    00000320                   : _scanfi.obj (.text:__sget_conv)
                  10804500    00000300                   : _printfi.obj (.text:_ecvt)
                  10804800    00000300     evmdm6437bsl.lib : evmdm6437_flash_id.obj (.text)
                  10804b00    00000300     rts64plus.lib : fputs.obj (.text:_fputs)
                  10804e00    000002e0                   : _printfi.obj (.text:__fcpy)
                  108050e0    000002e0                   : _printfi.obj (.text:_fcvt)
                  108053c0    000002e0                   : _printfi.obj (.text:__pproc_fwp)
                  108056a0    000002a0                   : _scanfi.obj (.text:__sproc_float)
                  10805940    000002a0                   : _printfi.obj (.text:__pconv_e)
                  10805be0    00000280                   : memory.obj (.text:_free)
                  10805e60    00000260                   : frcdivd.obj (.text:__frcdivd)
                  108060c0    00000260     evmdm6437bsl.lib : evmdm6437_i2c.obj (.text)
                  10806320    00000240     rts64plus.lib : imath64.obj (.text:__divull)
                  10806560    00000240     evmdm6437bsl.lib : evmdm6437_psc.obj (.text)
                  108067a0    00000220     rts64plus.lib : _printfi.obj (.text:__pproc_str)
                  108069c0    00000200                   : frcaddd.obj (.text:__frcaddd)
                  10806bc0    00000200                   : _printfi.obj (.text:__pproc_diouxp)
                  10806dc0    000001e0                   : _printfi.obj (.text:__mcpy)
                  10806fa0    000001e0     evmdm6437bsl.lib : evmdm6437_i2c_gpio.obj (.text)
                  10807180    000001c0                      : evmdm6437_gpio.obj (.text)
                  10807340    000001c0     rts64plus.lib : divd.obj (.text:__divd)
                  10807500    000001a0                   : imath40.obj (.text:__divul)
                  108076a0    000001a0     evmdm6437bsl.lib : evmdm6437_ddr.obj (.text)
                  10807840    000001a0     rts64plus.lib : mpyd.obj (.text:__mpyd)
                  108079e0    000001a0                   : fscanf.obj (.text:__chkmbc)
                  10807b80    000001a0                   : trgdrv.obj (.text:_HOSTrename)
                  10807d20    000001a0                   : setvbuf.obj (.text:_setvbuf)
                  10807ec0    00000180                   : memory.obj (.text:_malloc)
                  10808040    00000160                   : _printfi.obj (.text:__pconv_g)
                  108081a0    00000160                   : addd.obj (.text:__addd)
                  10808300    00000160                   : _printfi.obj (.text:__pproc_fge)
                  10808460    00000160                   : _scanfi.obj (.text:__sproc_lb)
                  108085c0    00000140                   : imath64.obj (.text:__divlli)
                  10808700    00000140                   : fputc.obj (.text:_fputc)
                  10808840    00000140     evmdm6437bsl.lib : evmdm6437_flash.obj (.text)
                  10808980    00000140                      : evmdm6437_eeprom.obj (.text)
                  10808ac0    00000140     rts64plus.lib : _scanfi.obj (.text:__sproc_str)
                  10808c00    00000120                   : _printfi.obj (.text:__pproc_fflags)
                  10808d20    00000120                   : _scanfi.obj (.text:__sget_scanset)
                  10808e40    00000120                   : fclose.obj (.text:_fclose)
                  10808f60    00000120                   : _bufread.obj (.text:__buff_read)
                  10809080    00000120                   : fgetc.obj (.text:_fgetc)
                  108091a0    00000100                   : exit.obj (.text:_exit)
                  108092a0    00000100                   : trgdrv.obj (.text:_HOSTopen)
                  108093a0    00000100                   : frcmpyd.obj (.text:__frcmpyd)
                  108094a0    00000100                   : atoi.obj (.text:_atoi)
                  108095a0    00000100                   : _printfi.obj (.text:__ltostr)
                  108096a0    00000100                   : _io_perm.obj (.text:__wrt_ok)
                  108097a0    00000100                   : fflush.obj (.text:_fflush)
                  108098a0    00000100                   : lowlev.obj (.text:_getdevice)
                  108099a0    000000e0                   : ungetc.obj (.text:_ungetc)
                  10809a80    000000e0                   : memset.obj (.text:_memset)
                  10809b60    000000e0                   : divi.obj (.text:__divi)
                  10809c40    000000e0                   : lowlev.obj (.text:_close)
                  10809d20    000000e0                   : trgdrv.obj (.text:_HOSTlseek)
                  10809e00    000000e0                   : autoinit.obj (.text:__auto_init)
                  10809ee0    000000e0                   : fseek.obj (.text:_fseek)
                  10809fc0    000000e0                   : _printfi.obj (.text:__div)
                  1080a0a0    000000c0                   : trgdrv.obj (.text:_HOSTread)
                  1080a160    000000c0                   : lowlev.obj (.text:_lseek)
                  1080a220    000000c0                   : fopen.obj (.text:__cleanup)
                  1080a2e0    000000c0                   : trgdrv.obj (.text:_HOSTunlink)
                  1080a3a0    000000c0                   : _printfi.obj (.text:__pconv_f)
                  1080a460    000000c0                   : lowlev.obj (.text:_read)
                  1080a520    000000c0                   : _printfi.obj (.text:__ecpy)
                  1080a5e0    000000c0                   : trgdrv.obj (.text:_HOSTwrite)
                  1080a6a0    000000c0                   : ltoa.obj (.text:_ltoa)
                  1080a760    000000c0                   : divu.obj (.text:__divu)
                  1080a820    000000c0                   : lowlev.obj (.text:_write)
                  1080a8e0    000000a0                   : _io_perm.obj (.text:__rd_ok)
                  1080a980    000000a0                   : memory.obj (.text:_minsert)
                  1080aa20    000000a0                   : fflush.obj (.text:__doflush)
                  1080aac0    000000a0                   : cvtdf.obj (.text:__cvtdf)
                  1080ab60    000000a0                   : imath40.obj (.text:__divli)
                  1080ac00    000000a0                   : fltlid.obj (.text:__fltlid)
                  1080aca0    000000a0                   : renormd.obj (.text:_renormd)
                  1080ad40    000000a0                   : memory.obj (.text:_mremove)
                  1080ade0    000000a0                   : memcpy64.obj (.text:_memcpy)
                  1080ae80    000000a0                   : trgmsg.obj (.text:_readmsg)
                  1080af20    000000a0                   : trgmsg.obj (.text:_writemsg)
                  1080afc0    000000a0                   : fixdli.obj (.text:__fixdli)
                  1080b060    000000a0                   : lowlev.obj (.text:_finddevice)
                  1080b100    000000a0                   : trgdrv.obj (.text:_HOSTclose)
                  1080b1a0    00000080                   : lowlev.obj (.text:_unlink)
                  1080b220    00000080                   : fscanf.obj (.text:_scanf)
                  1080b2a0    00000080                   : fixdi.obj (.text:__fixdi)
                  1080b320    00000080                   : llshift.obj (.text:__llshl)
                  1080b3a0    00000080                   : printf.obj (.text:_printf)
                  1080b420    00000080                   : cmpd.obj (.text:__cmpd)
                  1080b4a0    00000060                   : imath64.obj (.text:__subcull)
                  1080b500    00000060                   : memccpy.obj (.text:_memccpy)
                  1080b560    00000060                   : boot.obj (.text:_c_int00)
                  1080b5c0    00000040                   : imath40.obj (.text:__remli)
                  1080b600    00000040                   : llshift.obj (.text:__llshru)
                  1080b640    00000040                   : abs.obj (.text:_llabs)
                  1080b680    00000040                   : args_main.obj (.text:__args_main)
                  1080b6c0    00000040                   : negd.obj (.text:__negd)
                  1080b700    00000040                   : subd.obj (.text:__subd)
                  1080b740    00000020                   : remove.obj (.text:_remove)
                  1080b760    00000020                   : fscanf.obj (.text:__inpchar)
                  1080b780    00000020                   : exit.obj (.text:_abort)
                  1080b7a0    00000020                   : fscanf.obj (.text:__uninpchar)
                  1080b7c0    00000020                   : _lock.obj (.text:__nop)
                  1080b7e0    00000020                   : printf.obj (.text:__outs)
                  1080b800    00000020                   : negll.obj (.text:__negll)
                  1080b820    00000020                   : printf.obj (.text:__outc)

.stack     0    1080b840    00001000     UNINITIALIZED
                  1080b840    00000008     rts64plus.lib : boot.obj (.stack)

.sysmem    0    1080c840    00001000     UNINITIALIZED
                  1080c840    00000008     rts64plus.lib : memory.obj (.sysmem)

.far       0    1080d840    00000404     UNINITIALIZED
                  1080d840    00000194     rts64plus.lib : defs.obj (.far)
                  1080d9d4    00000004                   : errno.obj (.far)
                  1080d9d8    000000d0                   : trgdrv.obj (.far)
                  1080daa8    000000cc                   : lowlev.obj (.far)
                  1080db74    00000004                   : fopen.obj (.far)
                  1080db78    00000090                   : exit.obj (.far)
                  1080dc08    00000020     evmdm6437bsl.lib : evmdm6437_gpio.obj (.far)
                  1080dc28    0000000c                      : evmdm6437_flash_id.obj (.far)
                  1080dc34    00000008     rts64plus.lib : memory.obj (.far)
                  1080dc3c    00000008                   : _lock.obj (.far)

.const     0    1080dc48    000003eb     
                  1080dc48    00000190     setmac.obj (.const)
                  1080ddd8    00000101     rts64plus.lib : ctype.obj (.const)
                  1080ded9    00000002                   : fputs.obj (.const)
                  1080dedb    00000005     --HOLE-- [fill = 0]
                  1080dee0    00000098                   : strtod.obj (.const)
                  1080df78    00000098                   : strtold.obj (.const)
                  1080e010    00000023                   : _printfi.obj (.const)

.cinit     0    1080e038    0000021c     
                  1080e038    0000005c     rts64plus.lib : lowlev.obj (.cinit)
                  1080e094    00000004     --HOLE-- [fill = 0]
                  1080e098    0000005c                   : defs.obj (.cinit)
                  1080e0f4    00000004     --HOLE-- [fill = 0]
                  1080e0f8    00000058     evmdm6437bsl.lib : evmdm6437_gpio.obj (.cinit)
                  1080e150    0000003c                      : evmdm6437_flash_id.obj (.cinit)
                  1080e18c    00000004     --HOLE-- [fill = 0]
                  1080e190    0000002c     rts64plus.lib : memory.obj (.cinit)
                  1080e1bc    00000004     --HOLE-- [fill = 0]
                  1080e1c0    0000002c                   : exit.obj (.cinit)
                  1080e1ec    00000004     --HOLE-- [fill = 0]
                  1080e1f0    0000001c                   : _lock.obj (.cinit)
                  1080e20c    00000004     --HOLE-- [fill = 0]
                  1080e210    0000000c     evmdm6437bsl.lib : evmdm6437_psc.obj (.cinit)
                  1080e21c    00000004     --HOLE-- [fill = 0]
                  1080e220    0000000c                      : evmdm6437_i2c.obj (.cinit)
                  1080e22c    00000004     --HOLE-- [fill = 0]
                  1080e230    0000000c     rts64plus.lib : errno.obj (.cinit)
                  1080e23c    00000004     --HOLE-- [fill = 0]
                  1080e240    0000000c                   : fopen.obj (.cinit)
                  1080e24c    00000008     --HOLE-- [fill = 0]

.cio       0    1080e258    00000120     UNINITIALIZED
                  1080e258    00000120     rts64plus.lib : trgmsg.obj (.cio)

.switch    0    1080e378    00000058     
                  1080e378    00000028     rts64plus.lib : _scanfi.obj (.switch)
                  1080e3a0    00000020     evmdm6437bsl.lib : evmdm6437.obj (.switch)
                  1080e3c0    00000010     rts64plus.lib : frcdivd.obj (.switch)

.bss       0    1080e3d0    00000018     UNINITIALIZED
                  1080e3d0    00000010     evmdm6437bsl.lib : evmdm6437_flash_id.obj (.bss)
                  1080e3e0    00000004                      : evmdm6437_i2c.obj (.bss)
                  1080e3e4    00000004                      : evmdm6437_psc.obj (.bss)


GLOBAL SYMBOLS: SORTED ALPHABETICALLY BY Name 

address    name
--------   ----
1080e3d0   $bss
1080e3d0   .bss
10800000   .data
10800000   .text
1080b780   C$$EXIT
1080afa8   C$$IO$$
108076a0   _EVMDM6437_DDR_init
10808980   _EVMDM6437_EEPROM_init
1080898c   _EVMDM6437_EEPROM_read
108089f8   _EVMDM6437_EEPROM_write
10804918   _EVMDM6437_FLASH_getTotalPages
10808840   _EVMDM6437_FLASH_init
108072c4   _EVMDM6437_GPIO_getInput
10807180   _EVMDM6437_GPIO_init
10807194   _EVMDM6437_GPIO_setDir
10807234   _EVMDM6437_GPIO_setOutput
10807140   _EVMDM6437_I2C_GPIO_checkIntr
108070b4   _EVMDM6437_I2C_GPIO_getInput
10806fb8   _EVMDM6437_I2C_GPIO_getall
10806fa0   _EVMDM6437_I2C_GPIO_init
10807004   _EVMDM6437_I2C_GPIO_setOutput
10806fe0   _EVMDM6437_I2C_GPIO_setall
10807108   _EVMDM6437_I2C_GPIO_setupIntr
10807150   _EVMDM6437_I2C_GPIO_waitForIntr
10806100   _EVMDM6437_I2C_close
108060c0   _EVMDM6437_I2C_init
10806220   _EVMDM6437_I2C_read
10806114   _EVMDM6437_I2C_reset
10806128   _EVMDM6437_I2C_write
10806610   _EVMDM6437_PSC_changeState
10806560   _EVMDM6437_PSC_enableAll
10801840   _EVMDM6437_enablePll1
10801a50   _EVMDM6437_enablePll2
108034c0   _EVMDM6437_init
10803460   _EVMDM6437_startupGEL
1080b100   _HOSTclose
10809d20   _HOSTlseek
108092a0   _HOSTopen
1080a0a0   _HOSTread
10807b80   _HOSTrename
1080a2e0   _HOSTunlink
1080a5e0   _HOSTwrite
1080e258   __CIOBUF_
10804800   __FLASH_getId
10804904   __FLASH_getMfg
10804a58   __FLASH_getPageLength
10804a64   __FLASH_nextPage
1080888c   __FLASH_waitWhileErasing
108088f8   __FLASH_waitWhileProgramming
00001000   __STACK_SIZE
00001000   __SYSMEM_SIZE
ffffffff   ___binit__
1080e3d0   ___bss__
ffffffff   ___c_args__
1080e038   ___cinit__
10800000   ___data__
10800000   ___edata__
1080e3e8   ___end__
1080b840   ___etext__
ffffffff   ___pinit__
10800000   ___text__
108081a0   __addd
1080b680   __args_main
10809e00   __auto_init
10808f60   __buff_read
1080a220   __cleanup
1080dc00   __cleanup_ptr
10803560   __clrPinMux
1080b420   __cmpd
1080ddd8   __ctypes_
1080aac0   __cvtdf
10807340   __divd
10809b60   __divi
1080ab60   __divli
108085c0   __divlli
1080a760   __divu
10807500   __divul
10806320   __divull
1080aa20   __doflush
1080dc04   __dtors_ptr
1080b2a0   __fixdi
1080afc0   __fixdli
1080ac00   __fltlid
108069c0   __frcaddd
10805e60   __frcdivd
108093a0   __frcmpyd
1080d9d0   __ft_end
1080d840   __ftable
1080b320   __llshl
1080b600   __llshru
1080dc3c   __lock
10807840   __mpyd
1080b6c0   __negd
1080b800   __negll
1080b7c0   __nop
10803b60   __printfi
1080a8e0   __rd_ok
1080b5c0   __remli
108035a4   __resetEMIF
10800000   __scanfi
10803518   __setPinMux
108036a4   __setupEMIF
108034e0   __setupPinMux
1080b840   __stack
1080b4a0   __subcull
1080b700   __subd
1080c840   __sys_memory
1080d930   __tmpnams
1080dc40   __unlock
1080378c   __wait
108037c0   __waitusec
108096a0   __wrt_ok
1080b780   _abort
108094a0   _atoi
1080b560   _c_int00
10809c40   _close
1080d9d4   _errno
108091a0   _exit
10808e40   _fclose
108097a0   _fflush
10809080   _fgetc
10808700   _fputc
10804b00   _fputs
10805be0   _free
10809ee0   _fseek
10809080   _getc
1080e3e0   _i2c_timeout
1080b640   _llabs
1080a160   _lseek
1080a6a0   _ltoa
108030c0   _main
10807ec0   _malloc
1080b500   _memccpy
1080ade0   _memcpy
10809a80   _memset
1080b3a0   _printf
10808700   _putc
1080a460   _read
1080ae80   _readmsg
1080b740   _remove
1080aca0   _renormd
1080b220   _scanf
10807d20   _setvbuf
10800820   _strtod
10802900   _strtol
108012e0   _strtold
108020e0   _strtoll
10802ce0   _strtoul
10802500   _strtoull
108099a0   _ungetc
1080b1a0   _unlink
1080a820   _write
1080af20   _writemsg
ffffffff   binit
1080e038   cinit
10800000   edata
1080e3e8   end
1080b840   etext
ffffffff   pinit


GLOBAL SYMBOLS: SORTED BY Symbol Address 

address    name
--------   ----
00001000   __STACK_SIZE
00001000   __SYSMEM_SIZE
10800000   ___data__
10800000   ___edata__
10800000   edata
10800000   __scanfi
10800000   .text
10800000   .data
10800000   ___text__
10800820   _strtod
108012e0   _strtold
10801840   _EVMDM6437_enablePll1
10801a50   _EVMDM6437_enablePll2
108020e0   _strtoll
10802500   _strtoull
10802900   _strtol
10802ce0   _strtoul
108030c0   _main
10803460   _EVMDM6437_startupGEL
108034c0   _EVMDM6437_init
108034e0   __setupPinMux
10803518   __setPinMux
10803560   __clrPinMux
108035a4   __resetEMIF
108036a4   __setupEMIF
1080378c   __wait
108037c0   __waitusec
10803b60   __printfi
10804800   __FLASH_getId
10804904   __FLASH_getMfg
10804918   _EVMDM6437_FLASH_getTotalPages
10804a58   __FLASH_getPageLength
10804a64   __FLASH_nextPage
10804b00   _fputs
10805be0   _free
10805e60   __frcdivd
108060c0   _EVMDM6437_I2C_init
10806100   _EVMDM6437_I2C_close
10806114   _EVMDM6437_I2C_reset
10806128   _EVMDM6437_I2C_write
10806220   _EVMDM6437_I2C_read
10806320   __divull
10806560   _EVMDM6437_PSC_enableAll
10806610   _EVMDM6437_PSC_changeState
108069c0   __frcaddd
10806fa0   _EVMDM6437_I2C_GPIO_init
10806fb8   _EVMDM6437_I2C_GPIO_getall
10806fe0   _EVMDM6437_I2C_GPIO_setall
10807004   _EVMDM6437_I2C_GPIO_setOutput
108070b4   _EVMDM6437_I2C_GPIO_getInput
10807108   _EVMDM6437_I2C_GPIO_setupIntr
10807140   _EVMDM6437_I2C_GPIO_checkIntr
10807150   _EVMDM6437_I2C_GPIO_waitForIntr
10807180   _EVMDM6437_GPIO_init
10807194   _EVMDM6437_GPIO_setDir
10807234   _EVMDM6437_GPIO_setOutput
108072c4   _EVMDM6437_GPIO_getInput
10807340   __divd
10807500   __divul
108076a0   _EVMDM6437_DDR_init
10807840   __mpyd
10807b80   _HOSTrename
10807d20   _setvbuf
10807ec0   _malloc
108081a0   __addd
108085c0   __divlli
10808700   _putc
10808700   _fputc
10808840   _EVMDM6437_FLASH_init
1080888c   __FLASH_waitWhileErasing
108088f8   __FLASH_waitWhileProgramming
10808980   _EVMDM6437_EEPROM_init
1080898c   _EVMDM6437_EEPROM_read
108089f8   _EVMDM6437_EEPROM_write
10808e40   _fclose
10808f60   __buff_read
10809080   _fgetc
10809080   _getc
108091a0   _exit
108092a0   _HOSTopen
108093a0   __frcmpyd
108094a0   _atoi
108096a0   __wrt_ok
108097a0   _fflush
108099a0   _ungetc
10809a80   _memset
10809b60   __divi
10809c40   _close
10809d20   _HOSTlseek
10809e00   __auto_init
10809ee0   _fseek
1080a0a0   _HOSTread
1080a160   _lseek
1080a220   __cleanup
1080a2e0   _HOSTunlink
1080a460   _read
1080a5e0   _HOSTwrite
1080a6a0   _ltoa
1080a760   __divu
1080a820   _write
1080a8e0   __rd_ok
1080aa20   __doflush
1080aac0   __cvtdf
1080ab60   __divli
1080ac00   __fltlid
1080aca0   _renormd
1080ade0   _memcpy
1080ae80   _readmsg
1080af20   _writemsg
1080afa8   C$$IO$$
1080afc0   __fixdli
1080b100   _HOSTclose
1080b1a0   _unlink
1080b220   _scanf
1080b2a0   __fixdi
1080b320   __llshl
1080b3a0   _printf
1080b420   __cmpd
1080b4a0   __subcull
1080b500   _memccpy
1080b560   _c_int00
1080b5c0   __remli
1080b600   __llshru
1080b640   _llabs
1080b680   __args_main
1080b6c0   __negd
1080b700   __subd
1080b740   _remove
1080b780   _abort
1080b780   C$$EXIT
1080b7c0   __nop
1080b800   __negll
1080b840   etext
1080b840   ___etext__
1080b840   __stack
1080c840   __sys_memory
1080d840   __ftable
1080d930   __tmpnams
1080d9d0   __ft_end
1080d9d4   _errno
1080dc00   __cleanup_ptr
1080dc04   __dtors_ptr
1080dc3c   __lock
1080dc40   __unlock
1080ddd8   __ctypes_
1080e038   ___cinit__
1080e038   cinit
1080e258   __CIOBUF_
1080e3d0   ___bss__
1080e3d0   $bss
1080e3d0   .bss
1080e3e0   _i2c_timeout
1080e3e8   ___end__
1080e3e8   end
ffffffff   pinit
ffffffff   ___c_args__
ffffffff   ___pinit__
ffffffff   binit
ffffffff   ___binit__

[159 symbols]
